======================================================================
export_tpp.sage -- TPP group data exporter
Targets: 1
Output: /home/exedev/p/proofs/Scratch/GroupSieve/forge/out/tpp-data
======================================================================

[1/1] A7 (order 2520, AlternatingGroup(7))
  Order: 2520
  Building Cayley table (2520 x 2520)...
    cayley: row 252/2520 (1.6s)...
    cayley: row 504/2520 (3.3s)...
    cayley: row 756/2520 (4.9s)...
    cayley: row 1008/2520 (6.5s)...
    cayley: row 1260/2520 (8.0s)...
    cayley: row 1512/2520 (9.6s)...
    cayley: row 1764/2520 (11.1s)...
    cayley: row 2016/2520 (12.7s)...
    cayley: row 2268/2520 (14.3s)...
  Computing conjugacy classes of subgroups...
  40 conjugacy classes, 3786 total subgroups (2.6s)
  Abelianization: SKIPPED (--skip-ab)
  Exported: /home/exedev/p/proofs/Scratch/GroupSieve/forge/out/tpp-data/pl15_A7.json (20.0s)

Manifest written: /home/exedev/p/proofs/Scratch/GroupSieve/forge/out/tpp-data/manifest.json

All targets exported successfully.
