TARGET AlternatingGroup(6) |G|=360 threshold=972 mode=census primes=[2, 3] raw=False
Building subgroup lattice...
Lattice: 22 classes, 501 subgroups
FORCED-INTERSECTION cache: 253 pairs in 1.0s

=== PRIME p=2 ===
Twistable (p=2): [(1, 2, 'C2', 1), (4, 4, 'C2 x C2', 3), (5, 4, 'C2 x C2', 3), (6, 4, 'C4', 1), (8, 6, 'S3', 1), (9, 6, 'S3', 1), (10, 8, 'D8', 3), (12, 10, 'D10', 1), (15, 18, '(C3 x C3) : C2', 1), (16, 24, 'S4', 1), (17, 24, 'S4', 1), (18, 36, '(C3 x C3) : C4', 1)]
Shapes above threshold: 63
{"type":"config","target":"AlternatingGroup(6)","p":2,"shape":[6,36,9],"shape_sd":["S3","(C3 x C3) : C4","C3 x C3"],"sigma":972,"k":2,"ncolls":4,"blocked":[true,true,true],"S_gens":"[(4,5,6), (2,3)(4,5)]","T_gens":"[(1,4)(5,6), (1,6,2,5)(3,4)]","U_gens":"[(1,4,3)(2,5,6), (1,3,4)(2,5,6)]","semantics":"exact"}
{"type":"config","target":"AlternatingGroup(6)","p":2,"shape":[6,36,9],"shape_sd":["S3","(C3 x C3) : C4","C3 x C3"],"sigma":972,"k":2,"ncolls":4,"blocked":[true,true,true],"S_gens":"[(4,5,6), (2,3)(4,5)]","T_gens":"[(1,5)(4,6), (1,4,2,6)(3,5)]","U_gens":"[(1,5,3)(2,6,4), (1,3,5)(2,6,4)]","semantics":"exact"}
{"type":"config","target":"AlternatingGroup(6)","p":2,"shape":[6,36,9],"shape_sd":["S3","(C3 x C3) : C4","C3 x C3"],"sigma":972,"k":2,"ncolls":4,"blocked":[true,true,true],"S_gens":"[(4,5,6), (2,3)(4,5)]","T_gens":"[(1,6)(4,5), (1,5,2,4)(3,6)]","U_gens":"[(1,6,3)(2,4,5), (1,3,6)(2,4,5)]","semantics":"exact"}
{"type":"config","target":"AlternatingGroup(6)","p":2,"shape":[6,36,9],"shape_sd":["S3","(C3 x C3) : C4","C3 x C3"],"sigma":972,"k":2,"ncolls":4,"blocked":[true,true,true],"S_gens":"[(4,5,6), (2,3)(4,5)]","T_gens":"[(1,4)(5,6), (1,5,3,6)(2,4)]","U_gens":"[(1,4,2)(3,6,5), (1,2,4)(3,6,5)]","semantics":"exact"}
{"type":"config","target":"AlternatingGroup(6)","p":2,"shape":[6,36,9],"shape_sd":["S3","(C3 x C3) : C4","C3 x C3"],"sigma":972,"k":2,"ncolls":4,"blocked":[true,true,true],"S_gens":"[(4,5,6), (2,3)(4,5)]","T_gens":"[(1,5)(4,6), (1,6,3,4)(2,5)]","U_gens":"[(1,5,2)(3,4,6), (1,2,5)(3,4,6)]","semantics":"exact"}
{"type":"config","target":"AlternatingGroup(6)","p":2,"shape":[6,36,9],"shape_sd":["S3","(C3 x C3) : C4","C3 x C3"],"sigma":972,"k":2,"ncolls":4,"blocked":[true,true,true],"S_gens":"[(4,5,6), (2,3)(4,5)]","T_gens":"[(1,6)(4,5), (1,4,3,5)(2,6)]","U_gens":"[(1,6,2)(3,5,4), (1,2,6)(3,5,4)]","semantics":"exact"}
SHAPE (6,36,9) p=2 k=2 |Sigma|=972: frames=48 eligible=6 blocked=6 max_sigma=972 elapsed=0.2s [59/63 shapes]
{"type":"config","target":"AlternatingGroup(6)","p":2,"shape":[6,36,9],"shape_sd":["S3","(C3 x C3) : C4","C3 x C3"],"sigma":972,"k":2,"ncolls":4,"blocked":[true,true,true],"S_gens":"[(1,3)(4,6), (1,2,3)(4,5,6)]","T_gens":"[(1,4)(5,6), (1,6,2,5)(3,4)]","U_gens":"[(1,5,4)(2,3,6), (1,4,5)(2,3,6)]","semantics":"exact"}
{"type":"config","target":"AlternatingGroup(6)","p":2,"shape":[6,36,9],"shape_sd":["S3","(C3 x C3) : C4","C3 x C3"],"sigma":972,"k":2,"ncolls":4,"blocked":[true,true,true],"S_gens":"[(1,3)(4,6), (1,2,3)(4,5,6)]","T_gens":"[(1,5)(4,6), (1,4,2,6)(3,5)]","U_gens":"[(1,6,3)(2,4,5), (1,3,6)(2,4,5)]","semantics":"exact"}
{"type":"config","target":"AlternatingGroup(6)","p":2,"shape":[6,36,9],"shape_sd":["S3","(C3 x C3) : C4","C3 x C3"],"sigma":972,"k":2,"ncolls":4,"blocked":[true,true,true],"S_gens":"[(1,3)(4,6), (1,2,3)(4,5,6)]","T_gens":"[(1,4)(5,6), (1,5,3,6)(2,4)]","U_gens":"[(1,6,4)(2,5,3), (1,4,6)(2,5,3)]","semantics":"exact"}
{"type":"config","target":"AlternatingGroup(6)","p":2,"shape":[6,36,9],"shape_sd":["S3","(C3 x C3) : C4","C3 x C3"],"sigma":972,"k":2,"ncolls":4,"blocked":[true,true,true],"S_gens":"[(1,3)(4,6), (1,2,3)(4,5,6)]","T_gens":"[(1,6)(4,5), (1,4,3,5)(2,6)]","U_gens":"[(1,5,2)(3,4,6), (1,2,5)(3,4,6)]","semantics":"exact"}
{"type":"config","target":"AlternatingGroup(6)","p":2,"shape":[6,36,9],"shape_sd":["S3","(C3 x C3) : C4","C3 x C3"],"sigma":972,"k":2,"ncolls":4,"blocked":[true,true,true],"S_gens":"[(1,3)(4,6), (1,2,3)(4,5,6)]","T_gens":"[(1,5)(3,6), (1,3,4,6)(2,5)]","U_gens":"[(1,4,2)(3,6,5), (1,2,4)(3,6,5)]","semantics":"exact"}
{"type":"config","target":"AlternatingGroup(6)","p":2,"shape":[6,36,9],"shape_sd":["S3","(C3 x C3) : C4","C3 x C3"],"sigma":972,"k":2,"ncolls":4,"blocked":[true,true,true],"S_gens":"[(1,3)(4,6), (1,2,3)(4,5,6)]","T_gens":"[(1,6)(3,5), (1,5,4,3)(2,6)]","U_gens":"[(1,4,3)(2,5,6), (1,3,4)(2,5,6)]","semantics":"exact"}
SHAPE (6,36,9) p=2 k=2 |Sigma|=972: frames=48 eligible=6 blocked=6 max_sigma=972 elapsed=0.1s [61/63 shapes]
{"type":"summary","target":"AlternatingGroup(6)","p":2,"max_sigma_blocked":972,"max_sigma_eligible":972,"shapes_checked":63,"shapes_total":63,"frames_checked":240,"configs_eligible":12,"configs_blocked":12,"semantics":"exact","beta0":972,"margin":0,"elapsed_seconds":0.6875696182250977}

--- p=2 DONE: max_blocked_sigma=972 max_elig_sigma=972 eligible=12 blocked=12 margin=0 elapsed=0.7s ---

=== PRIME p=3 ===
Twistable (p=3): [(2, 3, 'C3', 1), (3, 3, 'C3', 1), (11, 9, 'C3 x C3', 4), (13, 12, 'A4', 1), (14, 12, 'A4', 1)]
Shapes above threshold: 7
{"type":"config","target":"AlternatingGroup(6)","p":3,"shape":[9,9,36],"shape_sd":["C3 x C3","C3 x C3","(C3 x C3) : C4"],"sigma":972,"k":2,"ncolls":7,"blocked":[true,true,true],"S_gens":"[(1,3,2)(4,5,6), (1,2,3)(4,5,6)]","T_gens":"[(1,4,2)(3,6,5), (1,2,4)(3,6,5)]","U_gens":"[(1,5)(4,6), (1,4,2,6)(3,5)]","semantics":"exact"}
{"type":"config","target":"AlternatingGroup(6)","p":3,"shape":[9,9,36],"shape_sd":["C3 x C3","C3 x C3","(C3 x C3) : C4"],"sigma":972,"k":2,"ncolls":7,"blocked":[true,true,true],"S_gens":"[(1,3,2)(4,5,6), (1,2,3)(4,5,6)]","T_gens":"[(1,4,2)(3,6,5), (1,2,4)(3,6,5)]","U_gens":"[(1,5)(4,6), (1,4,2,6)(3,5)]","semantics":"exact"}
{"type":"config","target":"AlternatingGroup(6)","p":3,"shape":[9,9,36],"shape_sd":["C3 x C3","C3 x C3","(C3 x C3) : C4"],"sigma":972,"k":2,"ncolls":7,"blocked":[true,true,true],"S_gens":"[(1,3,2)(4,5,6), (1,2,3)(4,5,6)]","T_gens":"[(1,4,2)(3,6,5), (1,2,4)(3,6,5)]","U_gens":"[(1,6)(4,5), (1,5,2,4)(3,6)]","semantics":"exact"}
{"type":"config","target":"AlternatingGroup(6)","p":3,"shape":[9,9,36],"shape_sd":["C3 x C3","C3 x C3","(C3 x C3) : C4"],"sigma":972,"k":2,"ncolls":7,"blocked":[true,true,true],"S_gens":"[(1,3,2)(4,5,6), (1,2,3)(4,5,6)]","T_gens":"[(1,4,2)(3,6,5), (1,2,4)(3,6,5)]","U_gens":"[(1,6)(4,5), (1,5,2,4)(3,6)]","semantics":"exact"}
{"type":"config","target":"AlternatingGroup(6)","p":3,"shape":[9,9,36],"shape_sd":["C3 x C3","C3 x C3","(C3 x C3) : C4"],"sigma":972,"k":2,"ncolls":7,"blocked":[true,true,true],"S_gens":"[(1,3,2)(4,5,6), (1,2,3)(4,5,6)]","T_gens":"[(1,4,2)(3,6,5), (1,2,4)(3,6,5)]","U_gens":"[(1,4)(5,6), (1,5,3,6)(2,4)]","semantics":"exact"}
{"type":"config","target":"AlternatingGroup(6)","p":3,"shape":[9,9,36],"shape_sd":["C3 x C3","C3 x C3","(C3 x C3) : C4"],"sigma":972,"k":2,"ncolls":7,"blocked":[true,true,true],"S_gens":"[(1,3,2)(4,5,6), (1,2,3)(4,5,6)]","T_gens":"[(1,4,2)(3,6,5), (1,2,4)(3,6,5)]","U_gens":"[(1,4)(5,6), (1,5,3,6)(2,4)]","semantics":"exact"}
{"type":"config","target":"AlternatingGroup(6)","p":3,"shape":[9,9,36],"shape_sd":["C3 x C3","C3 x C3","(C3 x C3) : C4"],"sigma":972,"k":2,"ncolls":7,"blocked":[true,true,true],"S_gens":"[(1,3,2)(4,5,6), (1,2,3)(4,5,6)]","T_gens":"[(1,4,2)(3,6,5), (1,2,4)(3,6,5)]","U_gens":"[(1,5)(4,6), (1,6,3,4)(2,5)]","semantics":"exact"}
{"type":"config","target":"AlternatingGroup(6)","p":3,"shape":[9,9,36],"shape_sd":["C3 x C3","C3 x C3","(C3 x C3) : C4"],"sigma":972,"k":2,"ncolls":7,"blocked":[true,true,true],"S_gens":"[(1,3,2)(4,5,6), (1,2,3)(4,5,6)]","T_gens":"[(1,4,2)(3,6,5), (1,2,4)(3,6,5)]","U_gens":"[(1,5)(4,6), (1,6,3,4)(2,5)]","semantics":"exact"}
{"type":"config","target":"AlternatingGroup(6)","p":3,"shape":[9,9,36],"shape_sd":["C3 x C3","C3 x C3","(C3 x C3) : C4"],"sigma":972,"k":2,"ncolls":7,"blocked":[true,true,true],"S_gens":"[(1,3,2)(4,5,6), (1,2,3)(4,5,6)]","T_gens":"[(1,4,2)(3,6,5), (1,2,4)(3,6,5)]","U_gens":"[(1,6)(4,5), (1,4,3,5)(2,6)]","semantics":"exact"}
{"type":"config","target":"AlternatingGroup(6)","p":3,"shape":[9,9,36],"shape_sd":["C3 x C3","C3 x C3","(C3 x C3) : C4"],"sigma":972,"k":2,"ncolls":7,"blocked":[true,true,true],"S_gens":"[(1,3,2)(4,5,6), (1,2,3)(4,5,6)]","T_gens":"[(1,4,2)(3,6,5), (1,2,4)(3,6,5)]","U_gens":"[(1,6)(4,5), (1,4,3,5)(2,6)]","semantics":"exact"}
{"type":"config","target":"AlternatingGroup(6)","p":3,"shape":[9,9,36],"shape_sd":["C3 x C3","C3 x C3","(C3 x C3) : C4"],"sigma":972,"k":2,"ncolls":7,"blocked":[true,true,true],"S_gens":"[(1,3,2)(4,5,6), (1,2,3)(4,5,6)]","T_gens":"[(1,4,2)(3,6,5), (1,2,4)(3,6,5)]","U_gens":"[(1,5)(3,6), (1,3,4,6)(2,5)]","semantics":"exact"}
{"type":"config","target":"AlternatingGroup(6)","p":3,"shape":[9,9,36],"shape_sd":["C3 x C3","C3 x C3","(C3 x C3) : C4"],"sigma":972,"k":2,"ncolls":7,"blocked":[true,true,true],"S_gens":"[(1,3,2)(4,5,6), (1,2,3)(4,5,6)]","T_gens":"[(1,4,2)(3,6,5), (1,2,4)(3,6,5)]","U_gens":"[(1,5)(3,6), (1,3,4,6)(2,5)]","semantics":"exact"}
{"type":"config","target":"AlternatingGroup(6)","p":3,"shape":[9,9,36],"shape_sd":["C3 x C3","C3 x C3","(C3 x C3) : C4"],"sigma":972,"k":2,"ncolls":7,"blocked":[true,true,true],"S_gens":"[(1,3,2)(4,5,6), (1,2,3)(4,5,6)]","T_gens":"[(1,4,2)(3,6,5), (1,2,4)(3,6,5)]","U_gens":"[(1,6)(3,5), (1,5,4,3)(2,6)]","semantics":"exact"}
{"type":"config","target":"AlternatingGroup(6)","p":3,"shape":[9,9,36],"shape_sd":["C3 x C3","C3 x C3","(C3 x C3) : C4"],"sigma":972,"k":2,"ncolls":7,"blocked":[true,true,true],"S_gens":"[(1,3,2)(4,5,6), (1,2,3)(4,5,6)]","T_gens":"[(1,4,2)(3,6,5), (1,2,4)(3,6,5)]","U_gens":"[(1,6)(3,5), (1,5,4,3)(2,6)]","semantics":"exact"}
{"type":"config","target":"AlternatingGroup(6)","p":3,"shape":[9,9,36],"shape_sd":["C3 x C3","C3 x C3","(C3 x C3) : C4"],"sigma":972,"k":2,"ncolls":7,"blocked":[true,true,true],"S_gens":"[(1,3,2)(4,5,6), (1,2,3)(4,5,6)]","T_gens":"[(1,4,2)(3,6,5), (1,2,4)(3,6,5)]","U_gens":"[(1,6)(3,4), (1,3,5,4)(2,6)]","semantics":"exact"}
{"type":"config","target":"AlternatingGroup(6)","p":3,"shape":[9,9,36],"shape_sd":["C3 x C3","C3 x C3","(C3 x C3) : C4"],"sigma":972,"k":2,"ncolls":7,"blocked":[true,true,true],"S_gens":"[(1,3,2)(4,5,6), (1,2,3)(4,5,6)]","T_gens":"[(1,4,2)(3,6,5), (1,2,4)(3,6,5)]","U_gens":"[(1,6)(3,4), (1,3,5,4)(2,6)]","semantics":"exact"}
{"type":"config","target":"AlternatingGroup(6)","p":3,"shape":[9,9,36],"shape_sd":["C3 x C3","C3 x C3","(C3 x C3) : C4"],"sigma":972,"k":2,"ncolls":7,"blocked":[true,true,true],"S_gens":"[(1,3,2)(4,5,6), (1,2,3)(4,5,6)]","T_gens":"[(1,5,2)(3,4,6), (1,2,5)(3,4,6)]","U_gens":"[(1,4)(5,6), (1,6,2,5)(3,4)]","semantics":"exact"}
{"type":"config","target":"AlternatingGroup(6)","p":3,"shape":[9,9,36],"shape_sd":["C3 x C3","C3 x C3","(C3 x C3) : C4"],"sigma":972,"k":2,"ncolls":7,"blocked":[true,true,true],"S_gens":"[(1,3,2)(4,5,6), (1,2,3)(4,5,6)]","T_gens":"[(1,5,2)(3,4,6), (1,2,5)(3,4,6)]","U_gens":"[(1,4)(5,6), (1,6,2,5)(3,4)]","semantics":"exact"}
{"type":"config","target":"AlternatingGroup(6)","p":3,"shape":[9,9,36],"shape_sd":["C3 x C3","C3 x C3","(C3 x C3) : C4"],"sigma":972,"k":2,"ncolls":7,"blocked":[true,true,true],"S_gens":"[(1,3,2)(4,5,6), (1,2,3)(4,5,6)]","T_gens":"[(1,5,2)(3,4,6), (1,2,5)(3,4,6)]","U_gens":"[(1,6)(4,5), (1,5,2,4)(3,6)]","semantics":"exact"}
{"type":"config","target":"AlternatingGroup(6)","p":3,"shape":[9,9,36],"shape_sd":["C3 x C3","C3 x C3","(C3 x C3) : C4"],"sigma":972,"k":2,"ncolls":7,"blocked":[true,true,true],"S_gens":"[(1,3,2)(4,5,6), (1,2,3)(4,5,6)]","T_gens":"[(1,5,2)(3,4,6), (1,2,5)(3,4,6)]","U_gens":"[(1,6)(4,5), (1,5,2,4)(3,6)]","semantics":"exact"}
{"type":"config","target":"AlternatingGroup(6)","p":3,"shape":[9,9,36],"shape_sd":["C3 x C3","C3 x C3","(C3 x C3) : C4"],"sigma":972,"k":2,"ncolls":7,"blocked":[true,true,true],"S_gens":"[(1,3,2)(4,5,6), (1,2,3)(4,5,6)]","T_gens":"[(1,5,2)(3,4,6), (1,2,5)(3,4,6)]","U_gens":"[(1,4)(5,6), (1,5,3,6)(2,4)]","semantics":"exact"}
{"type":"config","target":"AlternatingGroup(6)","p":3,"shape":[9,9,36],"shape_sd":["C3 x C3","C3 x C3","(C3 x C3) : C4"],"sigma":972,"k":2,"ncolls":7,"blocked":[true,true,true],"S_gens":"[(1,3,2)(4,5,6), (1,2,3)(4,5,6)]","T_gens":"[(1,5,2)(3,4,6), (1,2,5)(3,4,6)]","U_gens":"[(1,4)(5,6), (1,5,3,6)(2,4)]","semantics":"exact"}
{"type":"config","target":"AlternatingGroup(6)","p":3,"shape":[9,9,36],"shape_sd":["C3 x C3","C3 x C3","(C3 x C3) : C4"],"sigma":972,"k":2,"ncolls":7,"blocked":[true,true,true],"S_gens":"[(1,3,2)(4,5,6), (1,2,3)(4,5,6)]","T_gens":"[(1,5,2)(3,4,6), (1,2,5)(3,4,6)]","U_gens":"[(1,5)(4,6), (1,6,3,4)(2,5)]","semantics":"exact"}
{"type":"config","target":"AlternatingGroup(6)","p":3,"shape":[9,9,36],"shape_sd":["C3 x C3","C3 x C3","(C3 x C3) : C4"],"sigma":972,"k":2,"ncolls":7,"blocked":[true,true,true],"S_gens":"[(1,3,2)(4,5,6), (1,2,3)(4,5,6)]","T_gens":"[(1,5,2)(3,4,6), (1,2,5)(3,4,6)]","U_gens":"[(1,5)(4,6), (1,6,3,4)(2,5)]","semantics":"exact"}
{"type":"config","target":"AlternatingGroup(6)","p":3,"shape":[9,9,36],"shape_sd":["C3 x C3","C3 x C3","(C3 x C3) : C4"],"sigma":972,"k":2,"ncolls":7,"blocked":[true,true,true],"S_gens":"[(1,3,2)(4,5,6), (1,2,3)(4,5,6)]","T_gens":"[(1,5,2)(3,4,6), (1,2,5)(3,4,6)]","U_gens":"[(1,6)(4,5), (1,4,3,5)(2,6)]","semantics":"exact"}
{"type":"config","target":"AlternatingGroup(6)","p":3,"shape":[9,9,36],"shape_sd":["C3 x C3","C3 x C3","(C3 x C3) : C4"],"sigma":972,"k":2,"ncolls":7,"blocked":[true,true,true],"S_gens":"[(1,3,2)(4,5,6), (1,2,3)(4,5,6)]","T_gens":"[(1,5,2)(3,4,6), (1,2,5)(3,4,6)]","U_gens":"[(1,6)(4,5), (1,4,3,5)(2,6)]","semantics":"exact"}
{"type":"config","target":"AlternatingGroup(6)","p":3,"shape":[9,9,36],"shape_sd":["C3 x C3","C3 x C3","(C3 x C3) : C4"],"sigma":972,"k":2,"ncolls":7,"blocked":[true,true,true],"S_gens":"[(1,3,2)(4,5,6), (1,2,3)(4,5,6)]","T_gens":"[(1,5,2)(3,4,6), (1,2,5)(3,4,6)]","U_gens":"[(1,5)(3,6), (1,3,4,6)(2,5)]","semantics":"exact"}
{"type":"config","target":"AlternatingGroup(6)","p":3,"shape":[9,9,36],"shape_sd":["C3 x C3","C3 x C3","(C3 x C3) : C4"],"sigma":972,"k":2,"ncolls":7,"blocked":[true,true,true],"S_gens":"[(1,3,2)(4,5,6), (1,2,3)(4,5,6)]","T_gens":"[(1,5,2)(3,4,6), (1,2,5)(3,4,6)]","U_gens":"[(1,5)(3,6), (1,3,4,6)(2,5)]","semantics":"exact"}
{"type":"config","target":"AlternatingGroup(6)","p":3,"shape":[9,9,36],"shape_sd":["C3 x C3","C3 x C3","(C3 x C3) : C4"],"sigma":972,"k":2,"ncolls":7,"blocked":[true,true,true],"S_gens":"[(1,3,2)(4,5,6), (1,2,3)(4,5,6)]","T_gens":"[(1,5,2)(3,4,6), (1,2,5)(3,4,6)]","U_gens":"[(1,6)(3,5), (1,5,4,3)(2,6)]","semantics":"exact"}
{"type":"config","target":"AlternatingGroup(6)","p":3,"shape":[9,9,36],"shape_sd":["C3 x C3","C3 x C3","(C3 x C3) : C4"],"sigma":972,"k":2,"ncolls":7,"blocked":[true,true,true],"S_gens":"[(1,3,2)(4,5,6), (1,2,3)(4,5,6)]","T_gens":"[(1,5,2)(3,4,6), (1,2,5)(3,4,6)]","U_gens":"[(1,6)(3,5), (1,5,4,3)(2,6)]","semantics":"exact"}
{"type":"config","target":"AlternatingGroup(6)","p":3,"shape":[9,9,36],"shape_sd":["C3 x C3","C3 x C3","(C3 x C3) : C4"],"sigma":972,"k":2,"ncolls":7,"blocked":[true,true,true],"S_gens":"[(1,3,2)(4,5,6), (1,2,3)(4,5,6)]","T_gens":"[(1,5,2)(3,4,6), (1,2,5)(3,4,6)]","U_gens":"[(1,6)(3,4), (1,3,5,4)(2,6)]","semantics":"exact"}
{"type":"config","target":"AlternatingGroup(6)","p":3,"shape":[9,9,36],"shape_sd":["C3 x C3","C3 x C3","(C3 x C3) : C4"],"sigma":972,"k":2,"ncolls":7,"blocked":[true,true,true],"S_gens":"[(1,3,2)(4,5,6), (1,2,3)(4,5,6)]","T_gens":"[(1,5,2)(3,4,6), (1,2,5)(3,4,6)]","U_gens":"[(1,6)(3,4), (1,3,5,4)(2,6)]","semantics":"exact"}
{"type":"config","target":"AlternatingGroup(6)","p":3,"shape":[9,9,36],"shape_sd":["C3 x C3","C3 x C3","(C3 x C3) : C4"],"sigma":972,"k":2,"ncolls":7,"blocked":[true,true,true],"S_gens":"[(1,3,2)(4,5,6), (1,2,3)(4,5,6)]","T_gens":"[(1,6,2)(3,5,4), (1,2,6)(3,5,4)]","U_gens":"[(1,4)(5,6), (1,6,2,5)(3,4)]","semantics":"exact"}
{"type":"config","target":"AlternatingGroup(6)","p":3,"shape":[9,9,36],"shape_sd":["C3 x C3","C3 x C3","(C3 x C3) : C4"],"sigma":972,"k":2,"ncolls":7,"blocked":[true,true,true],"S_gens":"[(1,3,2)(4,5,6), (1,2,3)(4,5,6)]","T_gens":"[(1,6,2)(3,5,4), (1,2,6)(3,5,4)]","U_gens":"[(1,4)(5,6), (1,6,2,5)(3,4)]","semantics":"exact"}
{"type":"config","target":"AlternatingGroup(6)","p":3,"shape":[9,9,36],"shape_sd":["C3 x C3","C3 x C3","(C3 x C3) : C4"],"sigma":972,"k":2,"ncolls":7,"blocked":[true,true,true],"S_gens":"[(1,3,2)(4,5,6), (1,2,3)(4,5,6)]","T_gens":"[(1,6,2)(3,5,4), (1,2,6)(3,5,4)]","U_gens":"[(1,5)(4,6), (1,4,2,6)(3,5)]","semantics":"exact"}
{"type":"config","target":"AlternatingGroup(6)","p":3,"shape":[9,9,36],"shape_sd":["C3 x C3","C3 x C3","(C3 x C3) : C4"],"sigma":972,"k":2,"ncolls":7,"blocked":[true,true,true],"S_gens":"[(1,3,2)(4,5,6), (1,2,3)(4,5,6)]","T_gens":"[(1,6,2)(3,5,4), (1,2,6)(3,5,4)]","U_gens":"[(1,5)(4,6), (1,4,2,6)(3,5)]","semantics":"exact"}
{"type":"config","target":"AlternatingGroup(6)","p":3,"shape":[9,9,36],"shape_sd":["C3 x C3","C3 x C3","(C3 x C3) : C4"],"sigma":972,"k":2,"ncolls":7,"blocked":[true,true,true],"S_gens":"[(1,3,2)(4,5,6), (1,2,3)(4,5,6)]","T_gens":"[(1,6,2)(3,5,4), (1,2,6)(3,5,4)]","U_gens":"[(1,4)(5,6), (1,5,3,6)(2,4)]","semantics":"exact"}
{"type":"config","target":"AlternatingGroup(6)","p":3,"shape":[9,9,36],"shape_sd":["C3 x C3","C3 x C3","(C3 x C3) : C4"],"sigma":972,"k":2,"ncolls":7,"blocked":[true,true,true],"S_gens":"[(1,3,2)(4,5,6), (1,2,3)(4,5,6)]","T_gens":"[(1,6,2)(3,5,4), (1,2,6)(3,5,4)]","U_gens":"[(1,4)(5,6), (1,5,3,6)(2,4)]","semantics":"exact"}
{"type":"config","target":"AlternatingGroup(6)","p":3,"shape":[9,9,36],"shape_sd":["C3 x C3","C3 x C3","(C3 x C3) : C4"],"sigma":972,"k":2,"ncolls":7,"blocked":[true,true,true],"S_gens":"[(1,3,2)(4,5,6), (1,2,3)(4,5,6)]","T_gens":"[(1,6,2)(3,5,4), (1,2,6)(3,5,4)]","U_gens":"[(1,5)(4,6), (1,6,3,4)(2,5)]","semantics":"exact"}
{"type":"config","target":"AlternatingGroup(6)","p":3,"shape":[9,9,36],"shape_sd":["C3 x C3","C3 x C3","(C3 x C3) : C4"],"sigma":972,"k":2,"ncolls":7,"blocked":[true,true,true],"S_gens":"[(1,3,2)(4,5,6), (1,2,3)(4,5,6)]","T_gens":"[(1,6,2)(3,5,4), (1,2,6)(3,5,4)]","U_gens":"[(1,5)(4,6), (1,6,3,4)(2,5)]","semantics":"exact"}
{"type":"config","target":"AlternatingGroup(6)","p":3,"shape":[9,9,36],"shape_sd":["C3 x C3","C3 x C3","(C3 x C3) : C4"],"sigma":972,"k":2,"ncolls":7,"blocked":[true,true,true],"S_gens":"[(1,3,2)(4,5,6), (1,2,3)(4,5,6)]","T_gens":"[(1,6,2)(3,5,4), (1,2,6)(3,5,4)]","U_gens":"[(1,6)(4,5), (1,4,3,5)(2,6)]","semantics":"exact"}
{"type":"config","target":"AlternatingGroup(6)","p":3,"shape":[9,9,36],"shape_sd":["C3 x C3","C3 x C3","(C3 x C3) : C4"],"sigma":972,"k":2,"ncolls":7,"blocked":[true,true,true],"S_gens":"[(1,3,2)(4,5,6), (1,2,3)(4,5,6)]","T_gens":"[(1,6,2)(3,5,4), (1,2,6)(3,5,4)]","U_gens":"[(1,6)(4,5), (1,4,3,5)(2,6)]","semantics":"exact"}
{"type":"config","target":"AlternatingGroup(6)","p":3,"shape":[9,9,36],"shape_sd":["C3 x C3","C3 x C3","(C3 x C3) : C4"],"sigma":972,"k":2,"ncolls":7,"blocked":[true,true,true],"S_gens":"[(1,3,2)(4,5,6), (1,2,3)(4,5,6)]","T_gens":"[(1,6,2)(3,5,4), (1,2,6)(3,5,4)]","U_gens":"[(1,5)(3,6), (1,3,4,6)(2,5)]","semantics":"exact"}
{"type":"config","target":"AlternatingGroup(6)","p":3,"shape":[9,9,36],"shape_sd":["C3 x C3","C3 x C3","(C3 x C3) : C4"],"sigma":972,"k":2,"ncolls":7,"blocked":[true,true,true],"S_gens":"[(1,3,2)(4,5,6), (1,2,3)(4,5,6)]","T_gens":"[(1,6,2)(3,5,4), (1,2,6)(3,5,4)]","U_gens":"[(1,5)(3,6), (1,3,4,6)(2,5)]","semantics":"exact"}
{"type":"config","target":"AlternatingGroup(6)","p":3,"shape":[9,9,36],"shape_sd":["C3 x C3","C3 x C3","(C3 x C3) : C4"],"sigma":972,"k":2,"ncolls":7,"blocked":[true,true,true],"S_gens":"[(1,3,2)(4,5,6), (1,2,3)(4,5,6)]","T_gens":"[(1,6,2)(3,5,4), (1,2,6)(3,5,4)]","U_gens":"[(1,6)(3,5), (1,5,4,3)(2,6)]","semantics":"exact"}
{"type":"config","target":"AlternatingGroup(6)","p":3,"shape":[9,9,36],"shape_sd":["C3 x C3","C3 x C3","(C3 x C3) : C4"],"sigma":972,"k":2,"ncolls":7,"blocked":[true,true,true],"S_gens":"[(1,3,2)(4,5,6), (1,2,3)(4,5,6)]","T_gens":"[(1,6,2)(3,5,4), (1,2,6)(3,5,4)]","U_gens":"[(1,6)(3,5), (1,5,4,3)(2,6)]","semantics":"exact"}
{"type":"config","target":"AlternatingGroup(6)","p":3,"shape":[9,9,36],"shape_sd":["C3 x C3","C3 x C3","(C3 x C3) : C4"],"sigma":972,"k":2,"ncolls":7,"blocked":[true,true,true],"S_gens":"[(1,3,2)(4,5,6), (1,2,3)(4,5,6)]","T_gens":"[(1,6,2)(3,5,4), (1,2,6)(3,5,4)]","U_gens":"[(1,6)(3,4), (1,3,5,4)(2,6)]","semantics":"exact"}
{"type":"config","target":"AlternatingGroup(6)","p":3,"shape":[9,9,36],"shape_sd":["C3 x C3","C3 x C3","(C3 x C3) : C4"],"sigma":972,"k":2,"ncolls":7,"blocked":[true,true,true],"S_gens":"[(1,3,2)(4,5,6), (1,2,3)(4,5,6)]","T_gens":"[(1,6,2)(3,5,4), (1,2,6)(3,5,4)]","U_gens":"[(1,6)(3,4), (1,3,5,4)(2,6)]","semantics":"exact"}
{"type":"config","target":"AlternatingGroup(6)","p":3,"shape":[9,9,36],"shape_sd":["C3 x C3","C3 x C3","(C3 x C3) : C4"],"sigma":972,"k":2,"ncolls":7,"blocked":[true,true,true],"S_gens":"[(1,3,2)(4,5,6), (1,2,3)(4,5,6)]","T_gens":"[(1,4,3)(2,5,6), (1,3,4)(2,5,6)]","U_gens":"[(1,4)(5,6), (1,6,2,5)(3,4)]","semantics":"exact"}
{"type":"config","target":"AlternatingGroup(6)","p":3,"shape":[9,9,36],"shape_sd":["C3 x C3","C3 x C3","(C3 x C3) : C4"],"sigma":972,"k":2,"ncolls":7,"blocked":[true,true,true],"S_gens":"[(1,3,2)(4,5,6), (1,2,3)(4,5,6)]","T_gens":"[(1,4,3)(2,5,6), (1,3,4)(2,5,6)]","U_gens":"[(1,4)(5,6), (1,6,2,5)(3,4)]","semantics":"exact"}
{"type":"config","target":"AlternatingGroup(6)","p":3,"shape":[9,9,36],"shape_sd":["C3 x C3","C3 x C3","(C3 x C3) : C4"],"sigma":972,"k":2,"ncolls":7,"blocked":[true,true,true],"S_gens":"[(1,3,2)(4,5,6), (1,2,3)(4,5,6)]","T_gens":"[(1,4,3)(2,5,6), (1,3,4)(2,5,6)]","U_gens":"[(1,5)(4,6), (1,4,2,6)(3,5)]","semantics":"exact"}
{"type":"config","target":"AlternatingGroup(6)","p":3,"shape":[9,9,36],"shape_sd":["C3 x C3","C3 x C3","(C3 x C3) : C4"],"sigma":972,"k":2,"ncolls":7,"blocked":[true,true,true],"S_gens":"[(1,3,2)(4,5,6), (1,2,3)(4,5,6)]","T_gens":"[(1,4,3)(2,5,6), (1,3,4)(2,5,6)]","U_gens":"[(1,5)(4,6), (1,4,2,6)(3,5)]","semantics":"exact"}
{"type":"config","target":"AlternatingGroup(6)","p":3,"shape":[9,9,36],"shape_sd":["C3 x C3","C3 x C3","(C3 x C3) : C4"],"sigma":972,"k":2,"ncolls":7,"blocked":[true,true,true],"S_gens":"[(1,3,2)(4,5,6), (1,2,3)(4,5,6)]","T_gens":"[(1,4,3)(2,5,6), (1,3,4)(2,5,6)]","U_gens":"[(1,6)(4,5), (1,5,2,4)(3,6)]","semantics":"exact"}
{"type":"config","target":"AlternatingGroup(6)","p":3,"shape":[9,9,36],"shape_sd":["C3 x C3","C3 x C3","(C3 x C3) : C4"],"sigma":972,"k":2,"ncolls":7,"blocked":[true,true,true],"S_gens":"[(1,3,2)(4,5,6), (1,2,3)(4,5,6)]","T_gens":"[(1,4,3)(2,5,6), (1,3,4)(2,5,6)]","U_gens":"[(1,6)(4,5), (1,5,2,4)(3,6)]","semantics":"exact"}
{"type":"config","target":"AlternatingGroup(6)","p":3,"shape":[9,9,36],"shape_sd":["C3 x C3","C3 x C3","(C3 x C3) : C4"],"sigma":972,"k":2,"ncolls":7,"blocked":[true,true,true],"S_gens":"[(1,3,2)(4,5,6), (1,2,3)(4,5,6)]","T_gens":"[(1,4,3)(2,5,6), (1,3,4)(2,5,6)]","U_gens":"[(1,5)(4,6), (1,6,3,4)(2,5)]","semantics":"exact"}
{"type":"config","target":"AlternatingGroup(6)","p":3,"shape":[9,9,36],"shape_sd":["C3 x C3","C3 x C3","(C3 x C3) : C4"],"sigma":972,"k":2,"ncolls":7,"blocked":[true,true,true],"S_gens":"[(1,3,2)(4,5,6), (1,2,3)(4,5,6)]","T_gens":"[(1,4,3)(2,5,6), (1,3,4)(2,5,6)]","U_gens":"[(1,5)(4,6), (1,6,3,4)(2,5)]","semantics":"exact"}
{"type":"config","target":"AlternatingGroup(6)","p":3,"shape":[9,9,36],"shape_sd":["C3 x C3","C3 x C3","(C3 x C3) : C4"],"sigma":972,"k":2,"ncolls":7,"blocked":[true,true,true],"S_gens":"[(1,3,2)(4,5,6), (1,2,3)(4,5,6)]","T_gens":"[(1,4,3)(2,5,6), (1,3,4)(2,5,6)]","U_gens":"[(1,6)(4,5), (1,4,3,5)(2,6)]","semantics":"exact"}
{"type":"config","target":"AlternatingGroup(6)","p":3,"shape":[9,9,36],"shape_sd":["C3 x C3","C3 x C3","(C3 x C3) : C4"],"sigma":972,"k":2,"ncolls":7,"blocked":[true,true,true],"S_gens":"[(1,3,2)(4,5,6), (1,2,3)(4,5,6)]","T_gens":"[(1,4,3)(2,5,6), (1,3,4)(2,5,6)]","U_gens":"[(1,6)(4,5), (1,4,3,5)(2,6)]","semantics":"exact"}
{"type":"config","target":"AlternatingGroup(6)","p":3,"shape":[9,9,36],"shape_sd":["C3 x C3","C3 x C3","(C3 x C3) : C4"],"sigma":972,"k":2,"ncolls":7,"blocked":[true,true,true],"S_gens":"[(1,3,2)(4,5,6), (1,2,3)(4,5,6)]","T_gens":"[(1,4,3)(2,5,6), (1,3,4)(2,5,6)]","U_gens":"[(1,5)(3,6), (1,3,4,6)(2,5)]","semantics":"exact"}
{"type":"config","target":"AlternatingGroup(6)","p":3,"shape":[9,9,36],"shape_sd":["C3 x C3","C3 x C3","(C3 x C3) : C4"],"sigma":972,"k":2,"ncolls":7,"blocked":[true,true,true],"S_gens":"[(1,3,2)(4,5,6), (1,2,3)(4,5,6)]","T_gens":"[(1,4,3)(2,5,6), (1,3,4)(2,5,6)]","U_gens":"[(1,5)(3,6), (1,3,4,6)(2,5)]","semantics":"exact"}
{"type":"config","target":"AlternatingGroup(6)","p":3,"shape":[9,9,36],"shape_sd":["C3 x C3","C3 x C3","(C3 x C3) : C4"],"sigma":972,"k":2,"ncolls":7,"blocked":[true,true,true],"S_gens":"[(1,3,2)(4,5,6), (1,2,3)(4,5,6)]","T_gens":"[(1,4,3)(2,5,6), (1,3,4)(2,5,6)]","U_gens":"[(1,6)(3,5), (1,5,4,3)(2,6)]","semantics":"exact"}
{"type":"config","target":"AlternatingGroup(6)","p":3,"shape":[9,9,36],"shape_sd":["C3 x C3","C3 x C3","(C3 x C3) : C4"],"sigma":972,"k":2,"ncolls":7,"blocked":[true,true,true],"S_gens":"[(1,3,2)(4,5,6), (1,2,3)(4,5,6)]","T_gens":"[(1,4,3)(2,5,6), (1,3,4)(2,5,6)]","U_gens":"[(1,6)(3,5), (1,5,4,3)(2,6)]","semantics":"exact"}
{"type":"config","target":"AlternatingGroup(6)","p":3,"shape":[9,9,36],"shape_sd":["C3 x C3","C3 x C3","(C3 x C3) : C4"],"sigma":972,"k":2,"ncolls":7,"blocked":[true,true,true],"S_gens":"[(1,3,2)(4,5,6), (1,2,3)(4,5,6)]","T_gens":"[(1,4,3)(2,5,6), (1,3,4)(2,5,6)]","U_gens":"[(1,6)(3,4), (1,3,5,4)(2,6)]","semantics":"exact"}
{"type":"config","target":"AlternatingGroup(6)","p":3,"shape":[9,9,36],"shape_sd":["C3 x C3","C3 x C3","(C3 x C3) : C4"],"sigma":972,"k":2,"ncolls":7,"blocked":[true,true,true],"S_gens":"[(1,3,2)(4,5,6), (1,2,3)(4,5,6)]","T_gens":"[(1,4,3)(2,5,6), (1,3,4)(2,5,6)]","U_gens":"[(1,6)(3,4), (1,3,5,4)(2,6)]","semantics":"exact"}
{"type":"config","target":"AlternatingGroup(6)","p":3,"shape":[9,9,36],"shape_sd":["C3 x C3","C3 x C3","(C3 x C3) : C4"],"sigma":972,"k":2,"ncolls":7,"blocked":[true,true,true],"S_gens":"[(1,3,2)(4,5,6), (1,2,3)(4,5,6)]","T_gens":"[(1,5,3)(2,6,4), (1,3,5)(2,6,4)]","U_gens":"[(1,4)(5,6), (1,6,2,5)(3,4)]","semantics":"exact"}
{"type":"config","target":"AlternatingGroup(6)","p":3,"shape":[9,9,36],"shape_sd":["C3 x C3","C3 x C3","(C3 x C3) : C4"],"sigma":972,"k":2,"ncolls":7,"blocked":[true,true,true],"S_gens":"[(1,3,2)(4,5,6), (1,2,3)(4,5,6)]","T_gens":"[(1,5,3)(2,6,4), (1,3,5)(2,6,4)]","U_gens":"[(1,4)(5,6), (1,6,2,5)(3,4)]","semantics":"exact"}
{"type":"config","target":"AlternatingGroup(6)","p":3,"shape":[9,9,36],"shape_sd":["C3 x C3","C3 x C3","(C3 x C3) : C4"],"sigma":972,"k":2,"ncolls":7,"blocked":[true,true,true],"S_gens":"[(1,3,2)(4,5,6), (1,2,3)(4,5,6)]","T_gens":"[(1,5,3)(2,6,4), (1,3,5)(2,6,4)]","U_gens":"[(1,5)(4,6), (1,4,2,6)(3,5)]","semantics":"exact"}
{"type":"config","target":"AlternatingGroup(6)","p":3,"shape":[9,9,36],"shape_sd":["C3 x C3","C3 x C3","(C3 x C3) : C4"],"sigma":972,"k":2,"ncolls":7,"blocked":[true,true,true],"S_gens":"[(1,3,2)(4,5,6), (1,2,3)(4,5,6)]","T_gens":"[(1,5,3)(2,6,4), (1,3,5)(2,6,4)]","U_gens":"[(1,5)(4,6), (1,4,2,6)(3,5)]","semantics":"exact"}
{"type":"config","target":"AlternatingGroup(6)","p":3,"shape":[9,9,36],"shape_sd":["C3 x C3","C3 x C3","(C3 x C3) : C4"],"sigma":972,"k":2,"ncolls":7,"blocked":[true,true,true],"S_gens":"[(1,3,2)(4,5,6), (1,2,3)(4,5,6)]","T_gens":"[(1,5,3)(2,6,4), (1,3,5)(2,6,4)]","U_gens":"[(1,6)(4,5), (1,5,2,4)(3,6)]","semantics":"exact"}
{"type":"config","target":"AlternatingGroup(6)","p":3,"shape":[9,9,36],"shape_sd":["C3 x C3","C3 x C3","(C3 x C3) : C4"],"sigma":972,"k":2,"ncolls":7,"blocked":[true,true,true],"S_gens":"[(1,3,2)(4,5,6), (1,2,3)(4,5,6)]","T_gens":"[(1,5,3)(2,6,4), (1,3,5)(2,6,4)]","U_gens":"[(1,6)(4,5), (1,5,2,4)(3,6)]","semantics":"exact"}
{"type":"config","target":"AlternatingGroup(6)","p":3,"shape":[9,9,36],"shape_sd":["C3 x C3","C3 x C3","(C3 x C3) : C4"],"sigma":972,"k":2,"ncolls":7,"blocked":[true,true,true],"S_gens":"[(1,3,2)(4,5,6), (1,2,3)(4,5,6)]","T_gens":"[(1,5,3)(2,6,4), (1,3,5)(2,6,4)]","U_gens":"[(1,4)(5,6), (1,5,3,6)(2,4)]","semantics":"exact"}
{"type":"config","target":"AlternatingGroup(6)","p":3,"shape":[9,9,36],"shape_sd":["C3 x C3","C3 x C3","(C3 x C3) : C4"],"sigma":972,"k":2,"ncolls":7,"blocked":[true,true,true],"S_gens":"[(1,3,2)(4,5,6), (1,2,3)(4,5,6)]","T_gens":"[(1,5,3)(2,6,4), (1,3,5)(2,6,4)]","U_gens":"[(1,4)(5,6), (1,5,3,6)(2,4)]","semantics":"exact"}
{"type":"config","target":"AlternatingGroup(6)","p":3,"shape":[9,9,36],"shape_sd":["C3 x C3","C3 x C3","(C3 x C3) : C4"],"sigma":972,"k":2,"ncolls":7,"blocked":[true,true,true],"S_gens":"[(1,3,2)(4,5,6), (1,2,3)(4,5,6)]","T_gens":"[(1,5,3)(2,6,4), (1,3,5)(2,6,4)]","U_gens":"[(1,6)(4,5), (1,4,3,5)(2,6)]","semantics":"exact"}
{"type":"config","target":"AlternatingGroup(6)","p":3,"shape":[9,9,36],"shape_sd":["C3 x C3","C3 x C3","(C3 x C3) : C4"],"sigma":972,"k":2,"ncolls":7,"blocked":[true,true,true],"S_gens":"[(1,3,2)(4,5,6), (1,2,3)(4,5,6)]","T_gens":"[(1,5,3)(2,6,4), (1,3,5)(2,6,4)]","U_gens":"[(1,6)(4,5), (1,4,3,5)(2,6)]","semantics":"exact"}
{"type":"config","target":"AlternatingGroup(6)","p":3,"shape":[9,9,36],"shape_sd":["C3 x C3","C3 x C3","(C3 x C3) : C4"],"sigma":972,"k":2,"ncolls":7,"blocked":[true,true,true],"S_gens":"[(1,3,2)(4,5,6), (1,2,3)(4,5,6)]","T_gens":"[(1,5,3)(2,6,4), (1,3,5)(2,6,4)]","U_gens":"[(1,5)(3,6), (1,3,4,6)(2,5)]","semantics":"exact"}
{"type":"config","target":"AlternatingGroup(6)","p":3,"shape":[9,9,36],"shape_sd":["C3 x C3","C3 x C3","(C3 x C3) : C4"],"sigma":972,"k":2,"ncolls":7,"blocked":[true,true,true],"S_gens":"[(1,3,2)(4,5,6), (1,2,3)(4,5,6)]","T_gens":"[(1,5,3)(2,6,4), (1,3,5)(2,6,4)]","U_gens":"[(1,5)(3,6), (1,3,4,6)(2,5)]","semantics":"exact"}
{"type":"config","target":"AlternatingGroup(6)","p":3,"shape":[9,9,36],"shape_sd":["C3 x C3","C3 x C3","(C3 x C3) : C4"],"sigma":972,"k":2,"ncolls":7,"blocked":[true,true,true],"S_gens":"[(1,3,2)(4,5,6), (1,2,3)(4,5,6)]","T_gens":"[(1,5,3)(2,6,4), (1,3,5)(2,6,4)]","U_gens":"[(1,6)(3,5), (1,5,4,3)(2,6)]","semantics":"exact"}
{"type":"config","target":"AlternatingGroup(6)","p":3,"shape":[9,9,36],"shape_sd":["C3 x C3","C3 x C3","(C3 x C3) : C4"],"sigma":972,"k":2,"ncolls":7,"blocked":[true,true,true],"S_gens":"[(1,3,2)(4,5,6), (1,2,3)(4,5,6)]","T_gens":"[(1,5,3)(2,6,4), (1,3,5)(2,6,4)]","U_gens":"[(1,6)(3,5), (1,5,4,3)(2,6)]","semantics":"exact"}
{"type":"config","target":"AlternatingGroup(6)","p":3,"shape":[9,9,36],"shape_sd":["C3 x C3","C3 x C3","(C3 x C3) : C4"],"sigma":972,"k":2,"ncolls":7,"blocked":[true,true,true],"S_gens":"[(1,3,2)(4,5,6), (1,2,3)(4,5,6)]","T_gens":"[(1,5,3)(2,6,4), (1,3,5)(2,6,4)]","U_gens":"[(1,6)(3,4), (1,3,5,4)(2,6)]","semantics":"exact"}
{"type":"config","target":"AlternatingGroup(6)","p":3,"shape":[9,9,36],"shape_sd":["C3 x C3","C3 x C3","(C3 x C3) : C4"],"sigma":972,"k":2,"ncolls":7,"blocked":[true,true,true],"S_gens":"[(1,3,2)(4,5,6), (1,2,3)(4,5,6)]","T_gens":"[(1,5,3)(2,6,4), (1,3,5)(2,6,4)]","U_gens":"[(1,6)(3,4), (1,3,5,4)(2,6)]","semantics":"exact"}
{"type":"config","target":"AlternatingGroup(6)","p":3,"shape":[9,9,36],"shape_sd":["C3 x C3","C3 x C3","(C3 x C3) : C4"],"sigma":972,"k":2,"ncolls":7,"blocked":[true,true,true],"S_gens":"[(1,3,2)(4,5,6), (1,2,3)(4,5,6)]","T_gens":"[(1,6,3)(2,4,5), (1,3,6)(2,4,5)]","U_gens":"[(1,4)(5,6), (1,6,2,5)(3,4)]","semantics":"exact"}
{"type":"config","target":"AlternatingGroup(6)","p":3,"shape":[9,9,36],"shape_sd":["C3 x C3","C3 x C3","(C3 x C3) : C4"],"sigma":972,"k":2,"ncolls":7,"blocked":[true,true,true],"S_gens":"[(1,3,2)(4,5,6), (1,2,3)(4,5,6)]","T_gens":"[(1,6,3)(2,4,5), (1,3,6)(2,4,5)]","U_gens":"[(1,4)(5,6), (1,6,2,5)(3,4)]","semantics":"exact"}
{"type":"config","target":"AlternatingGroup(6)","p":3,"shape":[9,9,36],"shape_sd":["C3 x C3","C3 x C3","(C3 x C3) : C4"],"sigma":972,"k":2,"ncolls":7,"blocked":[true,true,true],"S_gens":"[(1,3,2)(4,5,6), (1,2,3)(4,5,6)]","T_gens":"[(1,6,3)(2,4,5), (1,3,6)(2,4,5)]","U_gens":"[(1,5)(4,6), (1,4,2,6)(3,5)]","semantics":"exact"}
{"type":"config","target":"AlternatingGroup(6)","p":3,"shape":[9,9,36],"shape_sd":["C3 x C3","C3 x C3","(C3 x C3) : C4"],"sigma":972,"k":2,"ncolls":7,"blocked":[true,true,true],"S_gens":"[(1,3,2)(4,5,6), (1,2,3)(4,5,6)]","T_gens":"[(1,6,3)(2,4,5), (1,3,6)(2,4,5)]","U_gens":"[(1,5)(4,6), (1,4,2,6)(3,5)]","semantics":"exact"}
{"type":"config","target":"AlternatingGroup(6)","p":3,"shape":[9,9,36],"shape_sd":["C3 x C3","C3 x C3","(C3 x C3) : C4"],"sigma":972,"k":2,"ncolls":7,"blocked":[true,true,true],"S_gens":"[(1,3,2)(4,5,6), (1,2,3)(4,5,6)]","T_gens":"[(1,6,3)(2,4,5), (1,3,6)(2,4,5)]","U_gens":"[(1,6)(4,5), (1,5,2,4)(3,6)]","semantics":"exact"}
{"type":"config","target":"AlternatingGroup(6)","p":3,"shape":[9,9,36],"shape_sd":["C3 x C3","C3 x C3","(C3 x C3) : C4"],"sigma":972,"k":2,"ncolls":7,"blocked":[true,true,true],"S_gens":"[(1,3,2)(4,5,6), (1,2,3)(4,5,6)]","T_gens":"[(1,6,3)(2,4,5), (1,3,6)(2,4,5)]","U_gens":"[(1,6)(4,5), (1,5,2,4)(3,6)]","semantics":"exact"}
{"type":"config","target":"AlternatingGroup(6)","p":3,"shape":[9,9,36],"shape_sd":["C3 x C3","C3 x C3","(C3 x C3) : C4"],"sigma":972,"k":2,"ncolls":7,"blocked":[true,true,true],"S_gens":"[(1,3,2)(4,5,6), (1,2,3)(4,5,6)]","T_gens":"[(1,6,3)(2,4,5), (1,3,6)(2,4,5)]","U_gens":"[(1,4)(5,6), (1,5,3,6)(2,4)]","semantics":"exact"}
{"type":"config","target":"AlternatingGroup(6)","p":3,"shape":[9,9,36],"shape_sd":["C3 x C3","C3 x C3","(C3 x C3) : C4"],"sigma":972,"k":2,"ncolls":7,"blocked":[true,true,true],"S_gens":"[(1,3,2)(4,5,6), (1,2,3)(4,5,6)]","T_gens":"[(1,6,3)(2,4,5), (1,3,6)(2,4,5)]","U_gens":"[(1,4)(5,6), (1,5,3,6)(2,4)]","semantics":"exact"}
{"type":"config","target":"AlternatingGroup(6)","p":3,"shape":[9,9,36],"shape_sd":["C3 x C3","C3 x C3","(C3 x C3) : C4"],"sigma":972,"k":2,"ncolls":7,"blocked":[true,true,true],"S_gens":"[(1,3,2)(4,5,6), (1,2,3)(4,5,6)]","T_gens":"[(1,6,3)(2,4,5), (1,3,6)(2,4,5)]","U_gens":"[(1,5)(4,6), (1,6,3,4)(2,5)]","semantics":"exact"}
{"type":"config","target":"AlternatingGroup(6)","p":3,"shape":[9,9,36],"shape_sd":["C3 x C3","C3 x C3","(C3 x C3) : C4"],"sigma":972,"k":2,"ncolls":7,"blocked":[true,true,true],"S_gens":"[(1,3,2)(4,5,6), (1,2,3)(4,5,6)]","T_gens":"[(1,6,3)(2,4,5), (1,3,6)(2,4,5)]","U_gens":"[(1,5)(4,6), (1,6,3,4)(2,5)]","semantics":"exact"}
{"type":"config","target":"AlternatingGroup(6)","p":3,"shape":[9,9,36],"shape_sd":["C3 x C3","C3 x C3","(C3 x C3) : C4"],"sigma":972,"k":2,"ncolls":7,"blocked":[true,true,true],"S_gens":"[(1,3,2)(4,5,6), (1,2,3)(4,5,6)]","T_gens":"[(1,6,3)(2,4,5), (1,3,6)(2,4,5)]","U_gens":"[(1,5)(3,6), (1,3,4,6)(2,5)]","semantics":"exact"}
{"type":"config","target":"AlternatingGroup(6)","p":3,"shape":[9,9,36],"shape_sd":["C3 x C3","C3 x C3","(C3 x C3) : C4"],"sigma":972,"k":2,"ncolls":7,"blocked":[true,true,true],"S_gens":"[(1,3,2)(4,5,6), (1,2,3)(4,5,6)]","T_gens":"[(1,6,3)(2,4,5), (1,3,6)(2,4,5)]","U_gens":"[(1,5)(3,6), (1,3,4,6)(2,5)]","semantics":"exact"}
{"type":"config","target":"AlternatingGroup(6)","p":3,"shape":[9,9,36],"shape_sd":["C3 x C3","C3 x C3","(C3 x C3) : C4"],"sigma":972,"k":2,"ncolls":7,"blocked":[true,true,true],"S_gens":"[(1,3,2)(4,5,6), (1,2,3)(4,5,6)]","T_gens":"[(1,6,3)(2,4,5), (1,3,6)(2,4,5)]","U_gens":"[(1,6)(3,5), (1,5,4,3)(2,6)]","semantics":"exact"}
{"type":"config","target":"AlternatingGroup(6)","p":3,"shape":[9,9,36],"shape_sd":["C3 x C3","C3 x C3","(C3 x C3) : C4"],"sigma":972,"k":2,"ncolls":7,"blocked":[true,true,true],"S_gens":"[(1,3,2)(4,5,6), (1,2,3)(4,5,6)]","T_gens":"[(1,6,3)(2,4,5), (1,3,6)(2,4,5)]","U_gens":"[(1,6)(3,5), (1,5,4,3)(2,6)]","semantics":"exact"}
{"type":"config","target":"AlternatingGroup(6)","p":3,"shape":[9,9,36],"shape_sd":["C3 x C3","C3 x C3","(C3 x C3) : C4"],"sigma":972,"k":2,"ncolls":7,"blocked":[true,true,true],"S_gens":"[(1,3,2)(4,5,6), (1,2,3)(4,5,6)]","T_gens":"[(1,6,3)(2,4,5), (1,3,6)(2,4,5)]","U_gens":"[(1,6)(3,4), (1,3,5,4)(2,6)]","semantics":"exact"}
{"type":"config","target":"AlternatingGroup(6)","p":3,"shape":[9,9,36],"shape_sd":["C3 x C3","C3 x C3","(C3 x C3) : C4"],"sigma":972,"k":2,"ncolls":7,"blocked":[true,true,true],"S_gens":"[(1,3,2)(4,5,6), (1,2,3)(4,5,6)]","T_gens":"[(1,6,3)(2,4,5), (1,3,6)(2,4,5)]","U_gens":"[(1,6)(3,4), (1,3,5,4)(2,6)]","semantics":"exact"}
{"type":"config","target":"AlternatingGroup(6)","p":3,"shape":[9,9,36],"shape_sd":["C3 x C3","C3 x C3","(C3 x C3) : C4"],"sigma":972,"k":2,"ncolls":7,"blocked":[true,true,true],"S_gens":"[(1,3,2)(4,5,6), (1,2,3)(4,5,6)]","T_gens":"[(1,5,4)(2,3,6), (1,4,5)(2,3,6)]","U_gens":"[(1,4)(5,6), (1,6,2,5)(3,4)]","semantics":"exact"}
{"type":"config","target":"AlternatingGroup(6)","p":3,"shape":[9,9,36],"shape_sd":["C3 x C3","C3 x C3","(C3 x C3) : C4"],"sigma":972,"k":2,"ncolls":7,"blocked":[true,true,true],"S_gens":"[(1,3,2)(4,5,6), (1,2,3)(4,5,6)]","T_gens":"[(1,5,4)(2,3,6), (1,4,5)(2,3,6)]","U_gens":"[(1,4)(5,6), (1,6,2,5)(3,4)]","semantics":"exact"}
{"type":"config","target":"AlternatingGroup(6)","p":3,"shape":[9,9,36],"shape_sd":["C3 x C3","C3 x C3","(C3 x C3) : C4"],"sigma":972,"k":2,"ncolls":7,"blocked":[true,true,true],"S_gens":"[(1,3,2)(4,5,6), (1,2,3)(4,5,6)]","T_gens":"[(1,5,4)(2,3,6), (1,4,5)(2,3,6)]","U_gens":"[(1,5)(4,6), (1,4,2,6)(3,5)]","semantics":"exact"}
{"type":"config","target":"AlternatingGroup(6)","p":3,"shape":[9,9,36],"shape_sd":["C3 x C3","C3 x C3","(C3 x C3) : C4"],"sigma":972,"k":2,"ncolls":7,"blocked":[true,true,true],"S_gens":"[(1,3,2)(4,5,6), (1,2,3)(4,5,6)]","T_gens":"[(1,5,4)(2,3,6), (1,4,5)(2,3,6)]","U_gens":"[(1,5)(4,6), (1,4,2,6)(3,5)]","semantics":"exact"}
{"type":"config","target":"AlternatingGroup(6)","p":3,"shape":[9,9,36],"shape_sd":["C3 x C3","C3 x C3","(C3 x C3) : C4"],"sigma":972,"k":2,"ncolls":7,"blocked":[true,true,true],"S_gens":"[(1,3,2)(4,5,6), (1,2,3)(4,5,6)]","T_gens":"[(1,5,4)(2,3,6), (1,4,5)(2,3,6)]","U_gens":"[(1,6)(4,5), (1,5,2,4)(3,6)]","semantics":"exact"}
{"type":"config","target":"AlternatingGroup(6)","p":3,"shape":[9,9,36],"shape_sd":["C3 x C3","C3 x C3","(C3 x C3) : C4"],"sigma":972,"k":2,"ncolls":7,"blocked":[true,true,true],"S_gens":"[(1,3,2)(4,5,6), (1,2,3)(4,5,6)]","T_gens":"[(1,5,4)(2,3,6), (1,4,5)(2,3,6)]","U_gens":"[(1,6)(4,5), (1,5,2,4)(3,6)]","semantics":"exact"}
{"type":"config","target":"AlternatingGroup(6)","p":3,"shape":[9,9,36],"shape_sd":["C3 x C3","C3 x C3","(C3 x C3) : C4"],"sigma":972,"k":2,"ncolls":7,"blocked":[true,true,true],"S_gens":"[(1,3,2)(4,5,6), (1,2,3)(4,5,6)]","T_gens":"[(1,5,4)(2,3,6), (1,4,5)(2,3,6)]","U_gens":"[(1,4)(5,6), (1,5,3,6)(2,4)]","semantics":"exact"}
{"type":"config","target":"AlternatingGroup(6)","p":3,"shape":[9,9,36],"shape_sd":["C3 x C3","C3 x C3","(C3 x C3) : C4"],"sigma":972,"k":2,"ncolls":7,"blocked":[true,true,true],"S_gens":"[(1,3,2)(4,5,6), (1,2,3)(4,5,6)]","T_gens":"[(1,5,4)(2,3,6), (1,4,5)(2,3,6)]","U_gens":"[(1,4)(5,6), (1,5,3,6)(2,4)]","semantics":"exact"}
{"type":"config","target":"AlternatingGroup(6)","p":3,"shape":[9,9,36],"shape_sd":["C3 x C3","C3 x C3","(C3 x C3) : C4"],"sigma":972,"k":2,"ncolls":7,"blocked":[true,true,true],"S_gens":"[(1,3,2)(4,5,6), (1,2,3)(4,5,6)]","T_gens":"[(1,5,4)(2,3,6), (1,4,5)(2,3,6)]","U_gens":"[(1,5)(4,6), (1,6,3,4)(2,5)]","semantics":"exact"}
{"type":"config","target":"AlternatingGroup(6)","p":3,"shape":[9,9,36],"shape_sd":["C3 x C3","C3 x C3","(C3 x C3) : C4"],"sigma":972,"k":2,"ncolls":7,"blocked":[true,true,true],"S_gens":"[(1,3,2)(4,5,6), (1,2,3)(4,5,6)]","T_gens":"[(1,5,4)(2,3,6), (1,4,5)(2,3,6)]","U_gens":"[(1,5)(4,6), (1,6,3,4)(2,5)]","semantics":"exact"}
{"type":"config","target":"AlternatingGroup(6)","p":3,"shape":[9,9,36],"shape_sd":["C3 x C3","C3 x C3","(C3 x C3) : C4"],"sigma":972,"k":2,"ncolls":7,"blocked":[true,true,true],"S_gens":"[(1,3,2)(4,5,6), (1,2,3)(4,5,6)]","T_gens":"[(1,5,4)(2,3,6), (1,4,5)(2,3,6)]","U_gens":"[(1,6)(4,5), (1,4,3,5)(2,6)]","semantics":"exact"}
{"type":"config","target":"AlternatingGroup(6)","p":3,"shape":[9,9,36],"shape_sd":["C3 x C3","C3 x C3","(C3 x C3) : C4"],"sigma":972,"k":2,"ncolls":7,"blocked":[true,true,true],"S_gens":"[(1,3,2)(4,5,6), (1,2,3)(4,5,6)]","T_gens":"[(1,5,4)(2,3,6), (1,4,5)(2,3,6)]","U_gens":"[(1,6)(4,5), (1,4,3,5)(2,6)]","semantics":"exact"}
{"type":"config","target":"AlternatingGroup(6)","p":3,"shape":[9,9,36],"shape_sd":["C3 x C3","C3 x C3","(C3 x C3) : C4"],"sigma":972,"k":2,"ncolls":7,"blocked":[true,true,true],"S_gens":"[(1,3,2)(4,5,6), (1,2,3)(4,5,6)]","T_gens":"[(1,5,4)(2,3,6), (1,4,5)(2,3,6)]","U_gens":"[(1,6)(3,5), (1,5,4,3)(2,6)]","semantics":"exact"}
{"type":"config","target":"AlternatingGroup(6)","p":3,"shape":[9,9,36],"shape_sd":["C3 x C3","C3 x C3","(C3 x C3) : C4"],"sigma":972,"k":2,"ncolls":7,"blocked":[true,true,true],"S_gens":"[(1,3,2)(4,5,6), (1,2,3)(4,5,6)]","T_gens":"[(1,5,4)(2,3,6), (1,4,5)(2,3,6)]","U_gens":"[(1,6)(3,5), (1,5,4,3)(2,6)]","semantics":"exact"}
{"type":"config","target":"AlternatingGroup(6)","p":3,"shape":[9,9,36],"shape_sd":["C3 x C3","C3 x C3","(C3 x C3) : C4"],"sigma":972,"k":2,"ncolls":7,"blocked":[true,true,true],"S_gens":"[(1,3,2)(4,5,6), (1,2,3)(4,5,6)]","T_gens":"[(1,5,4)(2,3,6), (1,4,5)(2,3,6)]","U_gens":"[(1,6)(3,4), (1,3,5,4)(2,6)]","semantics":"exact"}
{"type":"config","target":"AlternatingGroup(6)","p":3,"shape":[9,9,36],"shape_sd":["C3 x C3","C3 x C3","(C3 x C3) : C4"],"sigma":972,"k":2,"ncolls":7,"blocked":[true,true,true],"S_gens":"[(1,3,2)(4,5,6), (1,2,3)(4,5,6)]","T_gens":"[(1,5,4)(2,3,6), (1,4,5)(2,3,6)]","U_gens":"[(1,6)(3,4), (1,3,5,4)(2,6)]","semantics":"exact"}
{"type":"config","target":"AlternatingGroup(6)","p":3,"shape":[9,9,36],"shape_sd":["C3 x C3","C3 x C3","(C3 x C3) : C4"],"sigma":972,"k":2,"ncolls":7,"blocked":[true,true,true],"S_gens":"[(1,3,2)(4,5,6), (1,2,3)(4,5,6)]","T_gens":"[(1,6,4)(2,5,3), (1,4,6)(2,5,3)]","U_gens":"[(1,4)(5,6), (1,6,2,5)(3,4)]","semantics":"exact"}
{"type":"config","target":"AlternatingGroup(6)","p":3,"shape":[9,9,36],"shape_sd":["C3 x C3","C3 x C3","(C3 x C3) : C4"],"sigma":972,"k":2,"ncolls":7,"blocked":[true,true,true],"S_gens":"[(1,3,2)(4,5,6), (1,2,3)(4,5,6)]","T_gens":"[(1,6,4)(2,5,3), (1,4,6)(2,5,3)]","U_gens":"[(1,4)(5,6), (1,6,2,5)(3,4)]","semantics":"exact"}
{"type":"config","target":"AlternatingGroup(6)","p":3,"shape":[9,9,36],"shape_sd":["C3 x C3","C3 x C3","(C3 x C3) : C4"],"sigma":972,"k":2,"ncolls":7,"blocked":[true,true,true],"S_gens":"[(1,3,2)(4,5,6), (1,2,3)(4,5,6)]","T_gens":"[(1,6,4)(2,5,3), (1,4,6)(2,5,3)]","U_gens":"[(1,5)(4,6), (1,4,2,6)(3,5)]","semantics":"exact"}
{"type":"config","target":"AlternatingGroup(6)","p":3,"shape":[9,9,36],"shape_sd":["C3 x C3","C3 x C3","(C3 x C3) : C4"],"sigma":972,"k":2,"ncolls":7,"blocked":[true,true,true],"S_gens":"[(1,3,2)(4,5,6), (1,2,3)(4,5,6)]","T_gens":"[(1,6,4)(2,5,3), (1,4,6)(2,5,3)]","U_gens":"[(1,5)(4,6), (1,4,2,6)(3,5)]","semantics":"exact"}
{"type":"config","target":"AlternatingGroup(6)","p":3,"shape":[9,9,36],"shape_sd":["C3 x C3","C3 x C3","(C3 x C3) : C4"],"sigma":972,"k":2,"ncolls":7,"blocked":[true,true,true],"S_gens":"[(1,3,2)(4,5,6), (1,2,3)(4,5,6)]","T_gens":"[(1,6,4)(2,5,3), (1,4,6)(2,5,3)]","U_gens":"[(1,6)(4,5), (1,5,2,4)(3,6)]","semantics":"exact"}
{"type":"config","target":"AlternatingGroup(6)","p":3,"shape":[9,9,36],"shape_sd":["C3 x C3","C3 x C3","(C3 x C3) : C4"],"sigma":972,"k":2,"ncolls":7,"blocked":[true,true,true],"S_gens":"[(1,3,2)(4,5,6), (1,2,3)(4,5,6)]","T_gens":"[(1,6,4)(2,5,3), (1,4,6)(2,5,3)]","U_gens":"[(1,6)(4,5), (1,5,2,4)(3,6)]","semantics":"exact"}
{"type":"config","target":"AlternatingGroup(6)","p":3,"shape":[9,9,36],"shape_sd":["C3 x C3","C3 x C3","(C3 x C3) : C4"],"sigma":972,"k":2,"ncolls":7,"blocked":[true,true,true],"S_gens":"[(1,3,2)(4,5,6), (1,2,3)(4,5,6)]","T_gens":"[(1,6,4)(2,5,3), (1,4,6)(2,5,3)]","U_gens":"[(1,4)(5,6), (1,5,3,6)(2,4)]","semantics":"exact"}
{"type":"config","target":"AlternatingGroup(6)","p":3,"shape":[9,9,36],"shape_sd":["C3 x C3","C3 x C3","(C3 x C3) : C4"],"sigma":972,"k":2,"ncolls":7,"blocked":[true,true,true],"S_gens":"[(1,3,2)(4,5,6), (1,2,3)(4,5,6)]","T_gens":"[(1,6,4)(2,5,3), (1,4,6)(2,5,3)]","U_gens":"[(1,4)(5,6), (1,5,3,6)(2,4)]","semantics":"exact"}
{"type":"config","target":"AlternatingGroup(6)","p":3,"shape":[9,9,36],"shape_sd":["C3 x C3","C3 x C3","(C3 x C3) : C4"],"sigma":972,"k":2,"ncolls":7,"blocked":[true,true,true],"S_gens":"[(1,3,2)(4,5,6), (1,2,3)(4,5,6)]","T_gens":"[(1,6,4)(2,5,3), (1,4,6)(2,5,3)]","U_gens":"[(1,5)(4,6), (1,6,3,4)(2,5)]","semantics":"exact"}
{"type":"config","target":"AlternatingGroup(6)","p":3,"shape":[9,9,36],"shape_sd":["C3 x C3","C3 x C3","(C3 x C3) : C4"],"sigma":972,"k":2,"ncolls":7,"blocked":[true,true,true],"S_gens":"[(1,3,2)(4,5,6), (1,2,3)(4,5,6)]","T_gens":"[(1,6,4)(2,5,3), (1,4,6)(2,5,3)]","U_gens":"[(1,5)(4,6), (1,6,3,4)(2,5)]","semantics":"exact"}
{"type":"config","target":"AlternatingGroup(6)","p":3,"shape":[9,9,36],"shape_sd":["C3 x C3","C3 x C3","(C3 x C3) : C4"],"sigma":972,"k":2,"ncolls":7,"blocked":[true,true,true],"S_gens":"[(1,3,2)(4,5,6), (1,2,3)(4,5,6)]","T_gens":"[(1,6,4)(2,5,3), (1,4,6)(2,5,3)]","U_gens":"[(1,6)(4,5), (1,4,3,5)(2,6)]","semantics":"exact"}
{"type":"config","target":"AlternatingGroup(6)","p":3,"shape":[9,9,36],"shape_sd":["C3 x C3","C3 x C3","(C3 x C3) : C4"],"sigma":972,"k":2,"ncolls":7,"blocked":[true,true,true],"S_gens":"[(1,3,2)(4,5,6), (1,2,3)(4,5,6)]","T_gens":"[(1,6,4)(2,5,3), (1,4,6)(2,5,3)]","U_gens":"[(1,6)(4,5), (1,4,3,5)(2,6)]","semantics":"exact"}
{"type":"config","target":"AlternatingGroup(6)","p":3,"shape":[9,9,36],"shape_sd":["C3 x C3","C3 x C3","(C3 x C3) : C4"],"sigma":972,"k":2,"ncolls":7,"blocked":[true,true,true],"S_gens":"[(1,3,2)(4,5,6), (1,2,3)(4,5,6)]","T_gens":"[(1,6,4)(2,5,3), (1,4,6)(2,5,3)]","U_gens":"[(1,5)(3,6), (1,3,4,6)(2,5)]","semantics":"exact"}
{"type":"config","target":"AlternatingGroup(6)","p":3,"shape":[9,9,36],"shape_sd":["C3 x C3","C3 x C3","(C3 x C3) : C4"],"sigma":972,"k":2,"ncolls":7,"blocked":[true,true,true],"S_gens":"[(1,3,2)(4,5,6), (1,2,3)(4,5,6)]","T_gens":"[(1,6,4)(2,5,3), (1,4,6)(2,5,3)]","U_gens":"[(1,5)(3,6), (1,3,4,6)(2,5)]","semantics":"exact"}
{"type":"config","target":"AlternatingGroup(6)","p":3,"shape":[9,9,36],"shape_sd":["C3 x C3","C3 x C3","(C3 x C3) : C4"],"sigma":972,"k":2,"ncolls":7,"blocked":[true,true,true],"S_gens":"[(1,3,2)(4,5,6), (1,2,3)(4,5,6)]","T_gens":"[(1,6,4)(2,5,3), (1,4,6)(2,5,3)]","U_gens":"[(1,6)(3,4), (1,3,5,4)(2,6)]","semantics":"exact"}
{"type":"config","target":"AlternatingGroup(6)","p":3,"shape":[9,9,36],"shape_sd":["C3 x C3","C3 x C3","(C3 x C3) : C4"],"sigma":972,"k":2,"ncolls":7,"blocked":[true,true,true],"S_gens":"[(1,3,2)(4,5,6), (1,2,3)(4,5,6)]","T_gens":"[(1,6,4)(2,5,3), (1,4,6)(2,5,3)]","U_gens":"[(1,6)(3,4), (1,3,5,4)(2,6)]","semantics":"exact"}
{"type":"config","target":"AlternatingGroup(6)","p":3,"shape":[9,9,36],"shape_sd":["C3 x C3","C3 x C3","(C3 x C3) : C4"],"sigma":972,"k":2,"ncolls":7,"blocked":[true,true,true],"S_gens":"[(1,3,2)(4,5,6), (1,2,3)(4,5,6)]","T_gens":"[(1,6,5)(2,3,4), (1,5,6)(2,3,4)]","U_gens":"[(1,4)(5,6), (1,6,2,5)(3,4)]","semantics":"exact"}
{"type":"config","target":"AlternatingGroup(6)","p":3,"shape":[9,9,36],"shape_sd":["C3 x C3","C3 x C3","(C3 x C3) : C4"],"sigma":972,"k":2,"ncolls":7,"blocked":[true,true,true],"S_gens":"[(1,3,2)(4,5,6), (1,2,3)(4,5,6)]","T_gens":"[(1,6,5)(2,3,4), (1,5,6)(2,3,4)]","U_gens":"[(1,4)(5,6), (1,6,2,5)(3,4)]","semantics":"exact"}
{"type":"config","target":"AlternatingGroup(6)","p":3,"shape":[9,9,36],"shape_sd":["C3 x C3","C3 x C3","(C3 x C3) : C4"],"sigma":972,"k":2,"ncolls":7,"blocked":[true,true,true],"S_gens":"[(1,3,2)(4,5,6), (1,2,3)(4,5,6)]","T_gens":"[(1,6,5)(2,3,4), (1,5,6)(2,3,4)]","U_gens":"[(1,5)(4,6), (1,4,2,6)(3,5)]","semantics":"exact"}
{"type":"config","target":"AlternatingGroup(6)","p":3,"shape":[9,9,36],"shape_sd":["C3 x C3","C3 x C3","(C3 x C3) : C4"],"sigma":972,"k":2,"ncolls":7,"blocked":[true,true,true],"S_gens":"[(1,3,2)(4,5,6), (1,2,3)(4,5,6)]","T_gens":"[(1,6,5)(2,3,4), (1,5,6)(2,3,4)]","U_gens":"[(1,5)(4,6), (1,4,2,6)(3,5)]","semantics":"exact"}
{"type":"config","target":"AlternatingGroup(6)","p":3,"shape":[9,9,36],"shape_sd":["C3 x C3","C3 x C3","(C3 x C3) : C4"],"sigma":972,"k":2,"ncolls":7,"blocked":[true,true,true],"S_gens":"[(1,3,2)(4,5,6), (1,2,3)(4,5,6)]","T_gens":"[(1,6,5)(2,3,4), (1,5,6)(2,3,4)]","U_gens":"[(1,6)(4,5), (1,5,2,4)(3,6)]","semantics":"exact"}
{"type":"config","target":"AlternatingGroup(6)","p":3,"shape":[9,9,36],"shape_sd":["C3 x C3","C3 x C3","(C3 x C3) : C4"],"sigma":972,"k":2,"ncolls":7,"blocked":[true,true,true],"S_gens":"[(1,3,2)(4,5,6), (1,2,3)(4,5,6)]","T_gens":"[(1,6,5)(2,3,4), (1,5,6)(2,3,4)]","U_gens":"[(1,6)(4,5), (1,5,2,4)(3,6)]","semantics":"exact"}
{"type":"config","target":"AlternatingGroup(6)","p":3,"shape":[9,9,36],"shape_sd":["C3 x C3","C3 x C3","(C3 x C3) : C4"],"sigma":972,"k":2,"ncolls":7,"blocked":[true,true,true],"S_gens":"[(1,3,2)(4,5,6), (1,2,3)(4,5,6)]","T_gens":"[(1,6,5)(2,3,4), (1,5,6)(2,3,4)]","U_gens":"[(1,4)(5,6), (1,5,3,6)(2,4)]","semantics":"exact"}
{"type":"config","target":"AlternatingGroup(6)","p":3,"shape":[9,9,36],"shape_sd":["C3 x C3","C3 x C3","(C3 x C3) : C4"],"sigma":972,"k":2,"ncolls":7,"blocked":[true,true,true],"S_gens":"[(1,3,2)(4,5,6), (1,2,3)(4,5,6)]","T_gens":"[(1,6,5)(2,3,4), (1,5,6)(2,3,4)]","U_gens":"[(1,4)(5,6), (1,5,3,6)(2,4)]","semantics":"exact"}
{"type":"config","target":"AlternatingGroup(6)","p":3,"shape":[9,9,36],"shape_sd":["C3 x C3","C3 x C3","(C3 x C3) : C4"],"sigma":972,"k":2,"ncolls":7,"blocked":[true,true,true],"S_gens":"[(1,3,2)(4,5,6), (1,2,3)(4,5,6)]","T_gens":"[(1,6,5)(2,3,4), (1,5,6)(2,3,4)]","U_gens":"[(1,5)(4,6), (1,6,3,4)(2,5)]","semantics":"exact"}
{"type":"config","target":"AlternatingGroup(6)","p":3,"shape":[9,9,36],"shape_sd":["C3 x C3","C3 x C3","(C3 x C3) : C4"],"sigma":972,"k":2,"ncolls":7,"blocked":[true,true,true],"S_gens":"[(1,3,2)(4,5,6), (1,2,3)(4,5,6)]","T_gens":"[(1,6,5)(2,3,4), (1,5,6)(2,3,4)]","U_gens":"[(1,5)(4,6), (1,6,3,4)(2,5)]","semantics":"exact"}
{"type":"config","target":"AlternatingGroup(6)","p":3,"shape":[9,9,36],"shape_sd":["C3 x C3","C3 x C3","(C3 x C3) : C4"],"sigma":972,"k":2,"ncolls":7,"blocked":[true,true,true],"S_gens":"[(1,3,2)(4,5,6), (1,2,3)(4,5,6)]","T_gens":"[(1,6,5)(2,3,4), (1,5,6)(2,3,4)]","U_gens":"[(1,6)(4,5), (1,4,3,5)(2,6)]","semantics":"exact"}
{"type":"config","target":"AlternatingGroup(6)","p":3,"shape":[9,9,36],"shape_sd":["C3 x C3","C3 x C3","(C3 x C3) : C4"],"sigma":972,"k":2,"ncolls":7,"blocked":[true,true,true],"S_gens":"[(1,3,2)(4,5,6), (1,2,3)(4,5,6)]","T_gens":"[(1,6,5)(2,3,4), (1,5,6)(2,3,4)]","U_gens":"[(1,6)(4,5), (1,4,3,5)(2,6)]","semantics":"exact"}
{"type":"config","target":"AlternatingGroup(6)","p":3,"shape":[9,9,36],"shape_sd":["C3 x C3","C3 x C3","(C3 x C3) : C4"],"sigma":972,"k":2,"ncolls":7,"blocked":[true,true,true],"S_gens":"[(1,3,2)(4,5,6), (1,2,3)(4,5,6)]","T_gens":"[(1,6,5)(2,3,4), (1,5,6)(2,3,4)]","U_gens":"[(1,5)(3,6), (1,3,4,6)(2,5)]","semantics":"exact"}
{"type":"config","target":"AlternatingGroup(6)","p":3,"shape":[9,9,36],"shape_sd":["C3 x C3","C3 x C3","(C3 x C3) : C4"],"sigma":972,"k":2,"ncolls":7,"blocked":[true,true,true],"S_gens":"[(1,3,2)(4,5,6), (1,2,3)(4,5,6)]","T_gens":"[(1,6,5)(2,3,4), (1,5,6)(2,3,4)]","U_gens":"[(1,5)(3,6), (1,3,4,6)(2,5)]","semantics":"exact"}
{"type":"config","target":"AlternatingGroup(6)","p":3,"shape":[9,9,36],"shape_sd":["C3 x C3","C3 x C3","(C3 x C3) : C4"],"sigma":972,"k":2,"ncolls":7,"blocked":[true,true,true],"S_gens":"[(1,3,2)(4,5,6), (1,2,3)(4,5,6)]","T_gens":"[(1,6,5)(2,3,4), (1,5,6)(2,3,4)]","U_gens":"[(1,6)(3,5), (1,5,4,3)(2,6)]","semantics":"exact"}
{"type":"config","target":"AlternatingGroup(6)","p":3,"shape":[9,9,36],"shape_sd":["C3 x C3","C3 x C3","(C3 x C3) : C4"],"sigma":972,"k":2,"ncolls":7,"blocked":[true,true,true],"S_gens":"[(1,3,2)(4,5,6), (1,2,3)(4,5,6)]","T_gens":"[(1,6,5)(2,3,4), (1,5,6)(2,3,4)]","U_gens":"[(1,6)(3,5), (1,5,4,3)(2,6)]","semantics":"exact"}
SHAPE (9,9,36) p=3 k=2 |Sigma|=972: frames=72 eligible=144 blocked=144 max_sigma=972 elapsed=0.3s [7/7 shapes]
{"type":"summary","target":"AlternatingGroup(6)","p":3,"max_sigma_blocked":972,"max_sigma_eligible":972,"shapes_checked":7,"shapes_total":7,"frames_checked":192,"configs_eligible":144,"configs_blocked":144,"semantics":"exact","beta0":972,"margin":0,"elapsed_seconds":0.5588037967681885}

--- p=3 DONE: max_blocked_sigma=972 max_elig_sigma=972 eligible=144 blocked=144 margin=0 elapsed=0.6s ---

TOTAL elapsed: 1.2s
