=== Gelfand-Pair Screen (orders 2-127) ===
  order 2: 1 groups, 0 Gelfand pairs (0.1s) | total: 0 pairs, 0 KEEP, 0s elapsed
  order 3: 1 groups, 0 Gelfand pairs (0.0s) | total: 0 pairs, 0 KEEP, 0s elapsed
  order 4: 2 groups, 0 Gelfand pairs (0.0s) | total: 0 pairs, 0 KEEP, 0s elapsed
  order 5: 1 groups, 0 Gelfand pairs (0.0s) | total: 0 pairs, 0 KEEP, 0s elapsed
  order 6: 2 groups, 2 Gelfand pairs (0.0s) | total: 2 pairs, 0 KEEP, 0s elapsed
  order 7: 1 groups, 0 Gelfand pairs (0.0s) | total: 2 pairs, 0 KEEP, 0s elapsed
  order 8: 5 groups, 10 Gelfand pairs (0.0s) | total: 12 pairs, 0 KEEP, 0s elapsed
  order 9: 2 groups, 0 Gelfand pairs (0.0s) | total: 12 pairs, 0 KEEP, 0s elapsed
  order 10: 2 groups, 2 Gelfand pairs (0.0s) | total: 14 pairs, 0 KEEP, 0s elapsed
  order 11: 1 groups, 0 Gelfand pairs (0.0s) | total: 14 pairs, 0 KEEP, 0s elapsed
  order 12: 5 groups, 13 Gelfand pairs (0.0s) | total: 27 pairs, 3 KEEP, 0s elapsed
  order 13: 1 groups, 0 Gelfand pairs (0.0s) | total: 27 pairs, 3 KEEP, 0s elapsed
  order 14: 2 groups, 2 Gelfand pairs (0.0s) | total: 29 pairs, 4 KEEP, 0s elapsed
  order 15: 1 groups, 0 Gelfand pairs (0.0s) | total: 29 pairs, 4 KEEP, 0s elapsed
  order 16: 14 groups, 107 Gelfand pairs (0.4s) | total: 136 pairs, 17 KEEP, 1s elapsed
  order 17: 1 groups, 0 Gelfand pairs (0.0s) | total: 136 pairs, 17 KEEP, 1s elapsed
  order 18: 5 groups, 15 Gelfand pairs (0.1s) | total: 151 pairs, 21 KEEP, 1s elapsed
  order 19: 1 groups, 0 Gelfand pairs (0.0s) | total: 151 pairs, 21 KEEP, 1s elapsed
  order 20: 5 groups, 13 Gelfand pairs (0.1s) | total: 164 pairs, 23 KEEP, 1s elapsed
  order 21: 2 groups, 2 Gelfand pairs (0.0s) | total: 166 pairs, 23 KEEP, 1s elapsed
  order 22: 2 groups, 2 Gelfand pairs (0.0s) | total: 168 pairs, 24 KEEP, 1s elapsed
  order 23: 1 groups, 0 Gelfand pairs (0.0s) | total: 168 pairs, 24 KEEP, 1s elapsed
  order 24: 15 groups, 120 Gelfand pairs (0.6s) | total: 288 pairs, 58 KEEP, 1s elapsed
  order 25: 2 groups, 0 Gelfand pairs (0.0s) | total: 288 pairs, 58 KEEP, 1s elapsed
  order 26: 2 groups, 2 Gelfand pairs (0.1s) | total: 290 pairs, 59 KEEP, 1s elapsed
  order 27: 5 groups, 15 Gelfand pairs (0.1s) | total: 305 pairs, 64 KEEP, 1s elapsed
  order 28: 4 groups, 10 Gelfand pairs (0.1s) | total: 315 pairs, 68 KEEP, 2s elapsed
  order 29: 1 groups, 0 Gelfand pairs (0.0s) | total: 315 pairs, 68 KEEP, 2s elapsed
  order 30: 4 groups, 14 Gelfand pairs (0.1s) | total: 329 pairs, 71 KEEP, 2s elapsed
  order 31: 1 groups, 0 Gelfand pairs (0.0s) | total: 329 pairs, 71 KEEP, 2s elapsed
  order 32: 51 groups, 1312 Gelfand pairs (4.9s) | total: 1641 pairs, 369 KEEP, 6s elapsed
  order 33: 1 groups, 0 Gelfand pairs (0.0s) | total: 1641 pairs, 369 KEEP, 6s elapsed
  order 34: 2 groups, 2 Gelfand pairs (0.0s) | total: 1643 pairs, 370 KEEP, 6s elapsed
  order 35: 1 groups, 0 Gelfand pairs (0.0s) | total: 1643 pairs, 370 KEEP, 6s elapsed
  order 36: 14 groups, 99 Gelfand pairs (0.5s) | total: 1742 pairs, 410 KEEP, 7s elapsed
  order 37: 1 groups, 0 Gelfand pairs (0.0s) | total: 1742 pairs, 410 KEEP, 7s elapsed
  order 38: 2 groups, 2 Gelfand pairs (0.0s) | total: 1744 pairs, 411 KEEP, 7s elapsed
  order 39: 2 groups, 2 Gelfand pairs (0.0s) | total: 1746 pairs, 412 KEEP, 7s elapsed
  order 40: 14 groups, 116 Gelfand pairs (0.6s) | total: 1862 pairs, 441 KEEP, 8s elapsed
  order 41: 1 groups, 0 Gelfand pairs (0.0s) | total: 1862 pairs, 441 KEEP, 8s elapsed
  order 42: 6 groups, 23 Gelfand pairs (0.2s) | total: 1885 pairs, 447 KEEP, 8s elapsed
  order 43: 1 groups, 0 Gelfand pairs (0.0s) | total: 1885 pairs, 447 KEEP, 8s elapsed
  order 44: 4 groups, 10 Gelfand pairs (0.1s) | total: 1895 pairs, 451 KEEP, 8s elapsed
  order 45: 2 groups, 0 Gelfand pairs (0.0s) | total: 1895 pairs, 451 KEEP, 8s elapsed
  order 46: 2 groups, 2 Gelfand pairs (0.0s) | total: 1897 pairs, 452 KEEP, 8s elapsed
  order 47: 1 groups, 0 Gelfand pairs (0.0s) | total: 1897 pairs, 452 KEEP, 8s elapsed
  order 48: 52 groups, 1047 Gelfand pairs (5.6s) | total: 2944 pairs, 846 KEEP, 13s elapsed
  order 49: 2 groups, 0 Gelfand pairs (0.0s) | total: 2944 pairs, 846 KEEP, 13s elapsed
  order 50: 5 groups, 18 Gelfand pairs (0.1s) | total: 2962 pairs, 851 KEEP, 14s elapsed
  order 51: 1 groups, 0 Gelfand pairs (0.0s) | total: 2962 pairs, 851 KEEP, 14s elapsed
  order 52: 5 groups, 13 Gelfand pairs (0.1s) | total: 2975 pairs, 856 KEEP, 14s elapsed
  order 53: 1 groups, 0 Gelfand pairs (0.0s) | total: 2975 pairs, 856 KEEP, 14s elapsed
  order 54: 15 groups, 159 Gelfand pairs (1.1s) | total: 3134 pairs, 928 KEEP, 15s elapsed
  order 55: 2 groups, 2 Gelfand pairs (0.0s) | total: 3136 pairs, 928 KEEP, 15s elapsed
  order 56: 13 groups, 105 Gelfand pairs (0.7s) | total: 3241 pairs, 963 KEEP, 15s elapsed
  order 57: 2 groups, 2 Gelfand pairs (0.0s) | total: 3243 pairs, 964 KEEP, 16s elapsed
  order 58: 2 groups, 2 Gelfand pairs (0.0s) | total: 3245 pairs, 965 KEEP, 16s elapsed
  order 59: 1 groups, 0 Gelfand pairs (0.0s) | total: 3245 pairs, 965 KEEP, 16s elapsed
  order 60: 13 groups, 96 Gelfand pairs (0.8s) | total: 3341 pairs, 996 KEEP, 16s elapsed
  order 61: 1 groups, 0 Gelfand pairs (0.0s) | total: 3341 pairs, 996 KEEP, 16s elapsed
  order 62: 2 groups, 2 Gelfand pairs (0.0s) | total: 3343 pairs, 997 KEEP, 16s elapsed
  order 63: 4 groups, 12 Gelfand pairs (0.1s) | total: 3355 pairs, 1000 KEEP, 16s elapsed
  order 64: 267 groups, 18287 Gelfand pairs (96.9s) | total: 21642 pairs, 7193 KEEP, 113s elapsed
  order 65: 1 groups, 0 Gelfand pairs (0.0s) | total: 21642 pairs, 7193 KEEP, 113s elapsed
  order 66: 4 groups, 14 Gelfand pairs (0.1s) | total: 21656 pairs, 7198 KEEP, 113s elapsed
  order 67: 1 groups, 0 Gelfand pairs (0.0s) | total: 21656 pairs, 7198 KEEP, 113s elapsed
  order 68: 5 groups, 13 Gelfand pairs (0.1s) | total: 21669 pairs, 7203 KEEP, 114s elapsed
  order 69: 1 groups, 0 Gelfand pairs (0.0s) | total: 21669 pairs, 7203 KEEP, 114s elapsed
  order 70: 4 groups, 14 Gelfand pairs (0.1s) | total: 21683 pairs, 7208 KEEP, 114s elapsed
  order 71: 1 groups, 0 Gelfand pairs (0.0s) | total: 21683 pairs, 7208 KEEP, 114s elapsed
  order 72: 50 groups, 904 Gelfand pairs (7.3s) | total: 22587 pairs, 7636 KEEP, 121s elapsed
  order 73: 1 groups, 0 Gelfand pairs (0.0s) | total: 22587 pairs, 7636 KEEP, 121s elapsed
  order 74: 2 groups, 2 Gelfand pairs (0.0s) | total: 22589 pairs, 7637 KEEP, 121s elapsed
  order 75: 3 groups, 4 Gelfand pairs (0.0s) | total: 22593 pairs, 7640 KEEP, 121s elapsed
  order 76: 4 groups, 10 Gelfand pairs (0.1s) | total: 22603 pairs, 7644 KEEP, 121s elapsed
  order 77: 1 groups, 0 Gelfand pairs (0.0s) | total: 22603 pairs, 7644 KEEP, 121s elapsed
  order 78: 6 groups, 23 Gelfand pairs (0.2s) | total: 22626 pairs, 7651 KEEP, 121s elapsed
  order 79: 1 groups, 0 Gelfand pairs (0.0s) | total: 22626 pairs, 7651 KEEP, 121s elapsed
  order 80: 52 groups, 1064 Gelfand pairs (7.5s) | total: 23690 pairs, 8014 KEEP, 129s elapsed
  order 81: 15 groups, 203 Gelfand pairs (1.0s) | total: 23893 pairs, 8089 KEEP, 130s elapsed
  order 82: 2 groups, 2 Gelfand pairs (0.0s) | total: 23895 pairs, 8090 KEEP, 130s elapsed
  order 83: 1 groups, 0 Gelfand pairs (0.0s) | total: 23895 pairs, 8090 KEEP, 130s elapsed
  order 84: 15 groups, 125 Gelfand pairs (1.1s) | total: 24020 pairs, 8133 KEEP, 131s elapsed
  order 85: 1 groups, 0 Gelfand pairs (0.0s) | total: 24020 pairs, 8133 KEEP, 131s elapsed
  order 86: 2 groups, 2 Gelfand pairs (0.0s) | total: 24022 pairs, 8134 KEEP, 131s elapsed
  order 87: 1 groups, 0 Gelfand pairs (0.0s) | total: 24022 pairs, 8134 KEEP, 131s elapsed
  order 88: 12 groups, 102 Gelfand pairs (1.1s) | total: 24124 pairs, 8168 KEEP, 132s elapsed
  order 89: 1 groups, 0 Gelfand pairs (0.0s) | total: 24124 pairs, 8168 KEEP, 132s elapsed
  order 90: 10 groups, 86 Gelfand pairs (0.9s) | total: 24210 pairs, 8203 KEEP, 133s elapsed
  order 91: 1 groups, 0 Gelfand pairs (0.0s) | total: 24210 pairs, 8203 KEEP, 133s elapsed
  order 92: 4 groups, 10 Gelfand pairs (0.1s) | total: 24220 pairs, 8207 KEEP, 133s elapsed
  order 93: 2 groups, 2 Gelfand pairs (0.0s) | total: 24222 pairs, 8208 KEEP, 133s elapsed
  order 94: 2 groups, 2 Gelfand pairs (0.1s) | total: 24224 pairs, 8209 KEEP, 133s elapsed
  order 95: 1 groups, 0 Gelfand pairs (0.0s) | total: 24224 pairs, 8209 KEEP, 133s elapsed
  order 96: 231 groups, 11881 Gelfand pairs (100.2s) | total: 36105 pairs, 13717 KEEP, 234s elapsed
  order 97: 1 groups, 0 Gelfand pairs (0.0s) | total: 36105 pairs, 13717 KEEP, 234s elapsed
  order 98: 5 groups, 21 Gelfand pairs (0.3s) | total: 36126 pairs, 13733 KEEP, 234s elapsed
  order 99: 2 groups, 0 Gelfand pairs (0.0s) | total: 36126 pairs, 13733 KEEP, 234s elapsed
  order 100: 16 groups, 125 Gelfand pairs (1.4s) | total: 36251 pairs, 13785 KEEP, 235s elapsed
  order 101: 1 groups, 0 Gelfand pairs (0.0s) | total: 36251 pairs, 13785 KEEP, 235s elapsed
  order 102: 4 groups, 14 Gelfand pairs (0.2s) | total: 36265 pairs, 13790 KEEP, 235s elapsed
  order 103: 1 groups, 0 Gelfand pairs (0.0s) | total: 36265 pairs, 13790 KEEP, 235s elapsed
  order 104: 14 groups, 116 Gelfand pairs (1.4s) | total: 36381 pairs, 13828 KEEP, 237s elapsed
  order 105: 2 groups, 5 Gelfand pairs (0.0s) | total: 36386 pairs, 13829 KEEP, 237s elapsed
  order 106: 2 groups, 2 Gelfand pairs (0.1s) | total: 36388 pairs, 13830 KEEP, 237s elapsed
  order 107: 1 groups, 0 Gelfand pairs (0.0s) | total: 36388 pairs, 13830 KEEP, 237s elapsed
  order 108: 45 groups, 960 Gelfand pairs (9.8s) | total: 37348 pairs, 14344 KEEP, 247s elapsed
  order 109: 1 groups, 0 Gelfand pairs (0.0s) | total: 37348 pairs, 14344 KEEP, 247s elapsed
  order 110: 6 groups, 23 Gelfand pairs (0.3s) | total: 37371 pairs, 14350 KEEP, 247s elapsed
  order 111: 2 groups, 2 Gelfand pairs (0.0s) | total: 37373 pairs, 14351 KEEP, 247s elapsed
  order 112: 43 groups, 923 Gelfand pairs (9.9s) | total: 38296 pairs, 14705 KEEP, 257s elapsed
  order 113: 1 groups, 0 Gelfand pairs (0.0s) | total: 38296 pairs, 14705 KEEP, 257s elapsed
  order 114: 6 groups, 23 Gelfand pairs (0.3s) | total: 38319 pairs, 14713 KEEP, 257s elapsed
  order 115: 1 groups, 0 Gelfand pairs (0.0s) | total: 38319 pairs, 14713 KEEP, 257s elapsed
  order 116: 5 groups, 13 Gelfand pairs (0.2s) | total: 38332 pairs, 14718 KEEP, 258s elapsed
  order 117: 4 groups, 12 Gelfand pairs (0.1s) | total: 38344 pairs, 14723 KEEP, 258s elapsed
  order 118: 2 groups, 2 Gelfand pairs (0.1s) | total: 38346 pairs, 14724 KEEP, 258s elapsed
  order 119: 1 groups, 0 Gelfand pairs (0.0s) | total: 38346 pairs, 14724 KEEP, 258s elapsed
  order 120: 47 groups, 829 Gelfand pairs (11.3s) | total: 39175 pairs, 15077 KEEP, 269s elapsed
  order 121: 2 groups, 0 Gelfand pairs (0.0s) | total: 39175 pairs, 15077 KEEP, 269s elapsed
  order 122: 2 groups, 2 Gelfand pairs (0.1s) | total: 39177 pairs, 15078 KEEP, 269s elapsed
  order 123: 1 groups, 0 Gelfand pairs (0.0s) | total: 39177 pairs, 15078 KEEP, 269s elapsed
  order 124: 4 groups, 10 Gelfand pairs (0.2s) | total: 39187 pairs, 15082 KEEP, 269s elapsed
  order 125: 5 groups, 21 Gelfand pairs (0.1s) | total: 39208 pairs, 15089 KEEP, 269s elapsed
  order 126: 16 groups, 150 Gelfand pairs (2.0s) | total: 39358 pairs, 15147 KEEP, 271s elapsed
  order 127: 1 groups, 0 Gelfand pairs (0.0s) | total: 39358 pairs, 15147 KEEP, 271s elapsed

=== Complete ===
  Total Gelfand pairs found: 39358
  Total records emitted: 39358
  KEEP verdicts: 15147
  Wall time: 4.5 minutes
  Output: /home/exedev/p/proofs/Scratch/GroupSieve/gelfand-screen.jsonl
