TARGET AlternatingGroup(7) |G|=2520 threshold=10584 mode=census primes=[2, 3] raw=False
Building subgroup lattice...
Lattice: 40 classes, 3786 subgroups
FORCED-INTERSECTION cache: 820 pairs in 24.9s

=== PRIME p=2 ===
Twistable (p=2): [(1, 2, 'C2', 1), (4, 4, 'C2 x C2', 3), (5, 4, 'C2 x C2', 3), (6, 4, 'C4', 1), (8, 6, 'C6', 1), (9, 6, 'S3', 1), (10, 6, 'S3', 1), (12, 8, 'D8', 3), (14, 10, 'D10', 1), (17, 12, 'C6 x C2', 3), (19, 12, 'C3 : C4', 1), (21, 12, 'D12', 3), (22, 18, '(C3 x C3) : C2', 1), (23, 20, 'C5 : C4', 1), (25, 24, 'S4', 1), (26, 24, '(C6 x C2) : C2', 3), (27, 24, 'S4', 1), (28, 24, 'S4', 1), (29, 24, 'S4', 1), (31, 36, '(C3 x C3) : C4', 1), (34, 72, '(C3 x A4) : C2', 1), (35, 120, 'S5', 1)]
Shapes above threshold: 291
SHAPE (36,36,36) p=2 k=2 |Sigma|=23328: frames=288 eligible=0 blocked=0 max_sigma=0 elapsed=2.1s [18/291 shapes]
SHAPE (24,24,60) p=2 k=2 |Sigma|=17280: frames=456 eligible=0 blocked=0 max_sigma=0 elapsed=3.2s [127/291 shapes]
{"type":"config","target":"AlternatingGroup(7)","p":2,"shape":[24,36,36],"shape_sd":["(C6 x C2) : C2","(C3 x C3) : C4","(C3 x C3) : C4"],"sigma":15552,"k":3,"ncolls":9,"blocked":[true,true,true],"S_gens":"[(1,2)(3,5)(4,6,7), (1,3)(2,5), (1,2)(6,7)]","T_gens":"[(2,5)(3,6,4,7), (2,3,4)]","U_gens":"[(1,3,5,6)(4,7), (3,6,7)]","semantics":"exact"}
*** KILL CANDIDATE: |Sigma|=15552 > beta_0=10584 ***
{"type":"config","target":"AlternatingGroup(7)","p":2,"shape":[24,36,36],"shape_sd":["(C6 x C2) : C2","(C3 x C3) : C4","(C3 x C3) : C4"],"sigma":15552,"k":3,"ncolls":9,"blocked":[true,true,true],"S_gens":"[(1,2)(3,5)(4,6,7), (1,3)(2,5), (1,2)(6,7)]","T_gens":"[(2,4)(3,5,6,7), (2,3,6)]","U_gens":"[(1,3,6,4)(5,7), (3,4,7)]","semantics":"exact"}
*** KILL CANDIDATE: |Sigma|=15552 > beta_0=10584 ***
{"type":"config","target":"AlternatingGroup(7)","p":2,"shape":[24,36,36],"shape_sd":["(C6 x C2) : C2","(C3 x C3) : C4","(C3 x C3) : C4"],"sigma":15552,"k":3,"ncolls":9,"blocked":[true,true,true],"S_gens":"[(1,2)(3,5)(4,6,7), (1,3)(2,5), (1,2)(6,7)]","T_gens":"[(2,4)(3,6,7,5), (2,3,7)]","U_gens":"[(1,4,5,6)(3,7), (1,7,5)]","semantics":"exact"}
*** KILL CANDIDATE: |Sigma|=15552 > beta_0=10584 ***
{"type":"config","target":"AlternatingGroup(7)","p":2,"shape":[24,36,36],"shape_sd":["(C6 x C2) : C2","(C3 x C3) : C4","(C3 x C3) : C4"],"sigma":15552,"k":3,"ncolls":9,"blocked":[true,true,true],"S_gens":"[(1,2)(3,5)(4,6,7), (1,3)(2,5), (1,2)(6,7)]","T_gens":"[(2,3)(4,6,5,7), (2,4,5)]","U_gens":"[(1,5,4,6)(3,7), (5,6,7)]","semantics":"exact"}
*** KILL CANDIDATE: |Sigma|=15552 > beta_0=10584 ***
{"type":"config","target":"AlternatingGroup(7)","p":2,"shape":[24,36,36],"shape_sd":["(C6 x C2) : C2","(C3 x C3) : C4","(C3 x C3) : C4"],"sigma":15552,"k":3,"ncolls":9,"blocked":[true,true,true],"S_gens":"[(1,2)(3,5)(4,6,7), (1,3)(2,5), (1,2)(6,7)]","T_gens":"[(2,3)(4,6,7,5), (2,5,6)]","U_gens":"[(1,4,6,5)(3,7), (4,5,7)]","semantics":"exact"}
*** KILL CANDIDATE: |Sigma|=15552 > beta_0=10584 ***
{"type":"config","target":"AlternatingGroup(7)","p":2,"shape":[24,36,36],"shape_sd":["(C6 x C2) : C2","(C3 x C3) : C4","(C3 x C3) : C4"],"sigma":15552,"k":3,"ncolls":9,"blocked":[true,true,true],"S_gens":"[(1,2)(3,5)(4,6,7), (1,3)(2,5), (1,2)(6,7)]","T_gens":"[(2,3)(4,5,6,7), (2,5,7)]","U_gens":"[(1,5,3,6)(4,7), (1,7,3)]","semantics":"exact"}
*** KILL CANDIDATE: |Sigma|=15552 > beta_0=10584 ***
{"type":"config","target":"AlternatingGroup(7)","p":2,"shape":[24,36,36],"shape_sd":["(C6 x C2) : C2","(C3 x C3) : C4","(C3 x C3) : C4"],"sigma":15552,"k":3,"ncolls":9,"blocked":[true,true,true],"S_gens":"[(1,2)(3,5)(4,6,7), (1,3)(2,5), (1,2)(6,7)]","T_gens":"[(1,3,6,4)(5,7), (3,4,7)]","U_gens":"[(2,4)(3,5,6,7), (2,3,6)]","semantics":"exact"}
*** KILL CANDIDATE: |Sigma|=15552 > beta_0=10584 ***
{"type":"config","target":"AlternatingGroup(7)","p":2,"shape":[24,36,36],"shape_sd":["(C6 x C2) : C2","(C3 x C3) : C4","(C3 x C3) : C4"],"sigma":15552,"k":3,"ncolls":9,"blocked":[true,true,true],"S_gens":"[(1,2)(3,5)(4,6,7), (1,3)(2,5), (1,2)(6,7)]","T_gens":"[(1,3,5,6)(4,7), (3,6,7)]","U_gens":"[(2,5)(3,6,4,7), (2,3,4)]","semantics":"exact"}
*** KILL CANDIDATE: |Sigma|=15552 > beta_0=10584 ***
{"type":"config","target":"AlternatingGroup(7)","p":2,"shape":[24,36,36],"shape_sd":["(C6 x C2) : C2","(C3 x C3) : C4","(C3 x C3) : C4"],"sigma":15552,"k":3,"ncolls":9,"blocked":[true,true,true],"S_gens":"[(1,2)(3,5)(4,6,7), (1,3)(2,5), (1,2)(6,7)]","T_gens":"[(1,5,3,6)(4,7), (1,7,3)]","U_gens":"[(2,3)(4,5,6,7), (2,5,7)]","semantics":"exact"}
*** KILL CANDIDATE: |Sigma|=15552 > beta_0=10584 ***
{"type":"config","target":"AlternatingGroup(7)","p":2,"shape":[24,36,36],"shape_sd":["(C6 x C2) : C2","(C3 x C3) : C4","(C3 x C3) : C4"],"sigma":15552,"k":3,"ncolls":9,"blocked":[true,true,true],"S_gens":"[(1,2)(3,5)(4,6,7), (1,3)(2,5), (1,2)(6,7)]","T_gens":"[(1,4,6,5)(3,7), (4,5,7)]","U_gens":"[(2,3)(4,6,7,5), (2,5,6)]","semantics":"exact"}
*** KILL CANDIDATE: |Sigma|=15552 > beta_0=10584 ***
{"type":"config","target":"AlternatingGroup(7)","p":2,"shape":[24,36,36],"shape_sd":["(C6 x C2) : C2","(C3 x C3) : C4","(C3 x C3) : C4"],"sigma":15552,"k":3,"ncolls":9,"blocked":[true,true,true],"S_gens":"[(1,2)(3,5)(4,6,7), (1,3)(2,5), (1,2)(6,7)]","T_gens":"[(1,5,4,6)(3,7), (5,6,7)]","U_gens":"[(2,3)(4,6,5,7), (2,4,5)]","semantics":"exact"}
*** KILL CANDIDATE: |Sigma|=15552 > beta_0=10584 ***
{"type":"config","target":"AlternatingGroup(7)","p":2,"shape":[24,36,36],"shape_sd":["(C6 x C2) : C2","(C3 x C3) : C4","(C3 x C3) : C4"],"sigma":15552,"k":3,"ncolls":9,"blocked":[true,true,true],"S_gens":"[(1,2)(3,5)(4,6,7), (1,3)(2,5), (1,2)(6,7)]","T_gens":"[(1,4,5,6)(3,7), (1,7,5)]","U_gens":"[(2,4)(3,6,7,5), (2,3,7)]","semantics":"exact"}
*** KILL CANDIDATE: |Sigma|=15552 > beta_0=10584 ***
{"type":"config","target":"AlternatingGroup(7)","p":2,"shape":[24,36,36],"shape_sd":["(C6 x C2) : C2","(C3 x C3) : C4","(C3 x C3) : C4"],"sigma":15552,"k":3,"ncolls":9,"blocked":[true,true,true],"S_gens":"[(1,2)(3,5)(4,6,7), (1,3)(2,5), (1,2)(6,7)]","T_gens":"[(1,7,6,4)(2,5), (2,7,4)]","U_gens":"[(1,3,7,6)(2,4), (2,3,6)]","semantics":"exact"}
*** KILL CANDIDATE: |Sigma|=15552 > beta_0=10584 ***
{"type":"config","target":"AlternatingGroup(7)","p":2,"shape":[24,36,36],"shape_sd":["(C6 x C2) : C2","(C3 x C3) : C4","(C3 x C3) : C4"],"sigma":15552,"k":3,"ncolls":9,"blocked":[true,true,true],"S_gens":"[(1,2)(3,5)(4,6,7), (1,3)(2,5), (1,2)(6,7)]","T_gens":"[(1,5,6,7)(2,4), (2,7,5)]","U_gens":"[(1,6,7,4)(2,3), (2,4,6)]","semantics":"exact"}
*** KILL CANDIDATE: |Sigma|=15552 > beta_0=10584 ***
{"type":"config","target":"AlternatingGroup(7)","p":2,"shape":[24,36,36],"shape_sd":["(C6 x C2) : C2","(C3 x C3) : C4","(C3 x C3) : C4"],"sigma":15552,"k":3,"ncolls":9,"blocked":[true,true,true],"S_gens":"[(1,2)(3,5)(4,6,7), (1,3)(2,5), (1,2)(6,7)]","T_gens":"[(1,7,5,6)(2,4), (2,7,6)]","U_gens":"[(1,3,6,4)(2,7), (2,3,4)]","semantics":"exact"}
*** KILL CANDIDATE: |Sigma|=15552 > beta_0=10584 ***
{"type":"config","target":"AlternatingGroup(7)","p":2,"shape":[24,36,36],"shape_sd":["(C6 x C2) : C2","(C3 x C3) : C4","(C3 x C3) : C4"],"sigma":15552,"k":3,"ncolls":9,"blocked":[true,true,true],"S_gens":"[(1,2)(3,5)(4,6,7), (1,3)(2,5), (1,2)(6,7)]","T_gens":"[(1,4,6,5)(2,7), (2,4,5)]","U_gens":"[(1,7,4,6)(2,3), (2,7,6)]","semantics":"exact"}
*** KILL CANDIDATE: |Sigma|=15552 > beta_0=10584 ***
{"type":"config","target":"AlternatingGroup(7)","p":2,"shape":[24,36,36],"shape_sd":["(C6 x C2) : C2","(C3 x C3) : C4","(C3 x C3) : C4"],"sigma":15552,"k":3,"ncolls":9,"blocked":[true,true,true],"S_gens":"[(1,2)(3,5)(4,6,7), (1,3)(2,5), (1,2)(6,7)]","T_gens":"[(1,6,5,4)(2,7), (2,4,6)]","U_gens":"[(1,7,6,3)(2,4), (2,3,7)]","semantics":"exact"}
*** KILL CANDIDATE: |Sigma|=15552 > beta_0=10584 ***
{"type":"config","target":"AlternatingGroup(7)","p":2,"shape":[24,36,36],"shape_sd":["(C6 x C2) : C2","(C3 x C3) : C4","(C3 x C3) : C4"],"sigma":15552,"k":3,"ncolls":9,"blocked":[true,true,true],"S_gens":"[(1,2)(3,5)(4,6,7), (1,3)(2,5), (1,2)(6,7)]","T_gens":"[(1,5,4,6)(2,7), (2,5,6)]","U_gens":"[(1,4,6,7)(2,3), (2,4,7)]","semantics":"exact"}
*** KILL CANDIDATE: |Sigma|=15552 > beta_0=10584 ***
{"type":"config","target":"AlternatingGroup(7)","p":2,"shape":[24,36,36],"shape_sd":["(C6 x C2) : C2","(C3 x C3) : C4","(C3 x C3) : C4"],"sigma":15552,"k":3,"ncolls":9,"blocked":[true,true,true],"S_gens":"[(1,2)(3,5)(4,6,7), (1,3)(2,5), (1,2)(6,7)]","T_gens":"[(1,3,6,4)(2,7), (2,3,4)]","U_gens":"[(1,7,5,6)(2,4), (2,7,6)]","semantics":"exact"}
*** KILL CANDIDATE: |Sigma|=15552 > beta_0=10584 ***
{"type":"config","target":"AlternatingGroup(7)","p":2,"shape":[24,36,36],"shape_sd":["(C6 x C2) : C2","(C3 x C3) : C4","(C3 x C3) : C4"],"sigma":15552,"k":3,"ncolls":9,"blocked":[true,true,true],"S_gens":"[(1,2)(3,5)(4,6,7), (1,3)(2,5), (1,2)(6,7)]","T_gens":"[(1,7,6,3)(2,4), (2,3,7)]","U_gens":"[(1,6,5,4)(2,7), (2,4,6)]","semantics":"exact"}
*** KILL CANDIDATE: |Sigma|=15552 > beta_0=10584 ***
{"type":"config","target":"AlternatingGroup(7)","p":2,"shape":[24,36,36],"shape_sd":["(C6 x C2) : C2","(C3 x C3) : C4","(C3 x C3) : C4"],"sigma":15552,"k":3,"ncolls":9,"blocked":[true,true,true],"S_gens":"[(1,2)(3,5)(4,6,7), (1,3)(2,5), (1,2)(6,7)]","T_gens":"[(1,3,7,6)(2,4), (2,3,6)]","U_gens":"[(1,7,6,4)(2,5), (2,7,4)]","semantics":"exact"}
*** KILL CANDIDATE: |Sigma|=15552 > beta_0=10584 ***
{"type":"config","target":"AlternatingGroup(7)","p":2,"shape":[24,36,36],"shape_sd":["(C6 x C2) : C2","(C3 x C3) : C4","(C3 x C3) : C4"],"sigma":15552,"k":3,"ncolls":9,"blocked":[true,true,true],"S_gens":"[(1,2)(3,5)(4,6,7), (1,3)(2,5), (1,2)(6,7)]","T_gens":"[(1,4,6,7)(2,3), (2,4,7)]","U_gens":"[(1,5,4,6)(2,7), (2,5,6)]","semantics":"exact"}
*** KILL CANDIDATE: |Sigma|=15552 > beta_0=10584 ***
{"type":"config","target":"AlternatingGroup(7)","p":2,"shape":[24,36,36],"shape_sd":["(C6 x C2) : C2","(C3 x C3) : C4","(C3 x C3) : C4"],"sigma":15552,"k":3,"ncolls":9,"blocked":[true,true,true],"S_gens":"[(1,2)(3,5)(4,6,7), (1,3)(2,5), (1,2)(6,7)]","T_gens":"[(1,6,7,4)(2,3), (2,4,6)]","U_gens":"[(1,5,6,7)(2,4), (2,7,5)]","semantics":"exact"}
*** KILL CANDIDATE: |Sigma|=15552 > beta_0=10584 ***
{"type":"config","target":"AlternatingGroup(7)","p":2,"shape":[24,36,36],"shape_sd":["(C6 x C2) : C2","(C3 x C3) : C4","(C3 x C3) : C4"],"sigma":15552,"k":3,"ncolls":9,"blocked":[true,true,true],"S_gens":"[(1,2)(3,5)(4,6,7), (1,3)(2,5), (1,2)(6,7)]","T_gens":"[(1,7,4,6)(2,3), (2,7,6)]","U_gens":"[(1,4,6,5)(2,7), (2,4,5)]","semantics":"exact"}
*** KILL CANDIDATE: |Sigma|=15552 > beta_0=10584 ***
SHAPE (24,36,36) p=2 k=3 |Sigma|=15552: frames=240 eligible=24 blocked=24 max_sigma=15552 elapsed=1.8s [148/291 shapes]
SHAPE (24,36,36) p=2 k=3 |Sigma|=15552: frames=336 eligible=0 blocked=0 max_sigma=15552 elapsed=2.4s [149/291 shapes]
SHAPE (24,36,36) p=2 k=3 |Sigma|=15552: frames=216 eligible=0 blocked=0 max_sigma=15552 elapsed=1.6s [150/291 shapes]
SHAPE (24,36,36) p=2 k=3 |Sigma|=15552: frames=288 eligible=0 blocked=0 max_sigma=15552 elapsed=2.1s [151/291 shapes]
SHAPE (24,36,36) p=2 k=2 |Sigma|=15552: frames=312 eligible=0 blocked=0 max_sigma=15552 elapsed=2.2s [162/291 shapes]
SHAPE (24,36,36) p=2 k=2 |Sigma|=15552: frames=288 eligible=0 blocked=0 max_sigma=15552 elapsed=2.0s [163/291 shapes]
SHAPE (24,36,36) p=2 k=2 |Sigma|=15552: frames=312 eligible=0 blocked=0 max_sigma=15552 elapsed=2.3s [165/291 shapes]
SHAPE (24,36,36) p=2 k=2 |Sigma|=15552: frames=240 eligible=0 blocked=0 max_sigma=15552 elapsed=1.8s [166/291 shapes]
SHAPE (24,36,36) p=2 k=2 |Sigma|=15552: frames=288 eligible=0 blocked=0 max_sigma=15552 elapsed=2.1s [168/291 shapes]
SHAPE (24,36,36) p=2 k=2 |Sigma|=15552: frames=336 eligible=0 blocked=0 max_sigma=15552 elapsed=2.5s [169/291 shapes]
SHAPE (24,36,36) p=2 k=2 |Sigma|=15552: frames=120 eligible=0 blocked=0 max_sigma=15552 elapsed=1.0s [171/291 shapes]
SHAPE (24,36,36) p=2 k=2 |Sigma|=15552: frames=216 eligible=0 blocked=0 max_sigma=15552 elapsed=1.7s [172/291 shapes]
SHAPE (24,36,36) p=2 k=2 |Sigma|=15552: frames=312 eligible=0 blocked=0 max_sigma=15552 elapsed=2.3s [174/291 shapes]
SHAPE (24,36,36) p=2 k=2 |Sigma|=15552: frames=288 eligible=0 blocked=0 max_sigma=15552 elapsed=2.2s [175/291 shapes]
SHAPE (36,36,24) p=2 k=2 |Sigma|=15552: frames=432 eligible=0 blocked=0 max_sigma=15552 elapsed=2.6s [177/291 shapes]
SHAPE (36,36,24) p=2 k=2 |Sigma|=15552: frames=360 eligible=0 blocked=0 max_sigma=15552 elapsed=2.1s [178/291 shapes]
SHAPE (36,36,24) p=2 k=2 |Sigma|=15552: frames=504 eligible=0 blocked=0 max_sigma=15552 elapsed=2.9s [179/291 shapes]
SHAPE (36,36,24) p=2 k=2 |Sigma|=15552: frames=324 eligible=0 blocked=0 max_sigma=15552 elapsed=2.0s [180/291 shapes]
SHAPE (36,36,24) p=2 k=2 |Sigma|=15552: frames=432 eligible=0 blocked=0 max_sigma=15552 elapsed=2.7s [181/291 shapes]
SHAPE (12,120,21) p=2 k=2 |Sigma|=15120: frames=1440 eligible=0 blocked=0 max_sigma=15552 elapsed=17.5s [182/291 shapes]
SHAPE (12,120,21) p=2 k=2 |Sigma|=15120: frames=1440 eligible=0 blocked=0 max_sigma=15552 elapsed=17.6s [183/291 shapes]
SHAPE (20,24,60) p=2 k=2 |Sigma|=14400: frames=300 eligible=0 blocked=0 max_sigma=15552 elapsed=2.0s [201/291 shapes]
SHAPE (36,36,21) p=2 k=2 |Sigma|=13608: frames=3528 eligible=0 blocked=0 max_sigma=15552 elapsed=18.7s [216/291 shapes]
SHAPE (20,36,36) p=2 k=3 |Sigma|=12960: frames=760 eligible=0 blocked=0 max_sigma=15552 elapsed=5.9s [221/291 shapes]
SHAPE (20,36,36) p=2 k=2 |Sigma|=12960: frames=580 eligible=0 blocked=0 max_sigma=15552 elapsed=4.3s [253/291 shapes]
SHAPE (20,36,36) p=2 k=2 |Sigma|=12960: frames=760 eligible=0 blocked=0 max_sigma=15552 elapsed=5.4s [254/291 shapes]
SHAPE (36,36,20) p=2 k=2 |Sigma|=12960: frames=1368 eligible=0 blocked=0 max_sigma=15552 elapsed=7.0s [256/291 shapes]
SHAPE (12,12,168) p=2 k=2 |Sigma|=12096: frames=324 eligible=0 blocked=0 max_sigma=15552 elapsed=3.0s [258/291 shapes]
SHAPE (12,12,168) p=2 k=2 |Sigma|=12096: frames=324 eligible=0 blocked=0 max_sigma=15552 elapsed=2.9s [259/291 shapes]
SHAPE (12,12,168) p=2 k=2 |Sigma|=12096: frames=972 eligible=0 blocked=0 max_sigma=15552 elapsed=8.5s [260/291 shapes]
SHAPE (12,12,168) p=2 k=2 |Sigma|=12096: frames=972 eligible=0 blocked=0 max_sigma=15552 elapsed=8.2s [261/291 shapes]
SHAPE (12,12,168) p=2 k=2 |Sigma|=12096: frames=972 eligible=0 blocked=0 max_sigma=15552 elapsed=8.1s [264/291 shapes]
SHAPE (12,12,168) p=2 k=2 |Sigma|=12096: frames=972 eligible=0 blocked=0 max_sigma=15552 elapsed=8.4s [265/291 shapes]
SHAPE (20,20,60) p=2 k=2 |Sigma|=12000: frames=420 eligible=0 blocked=0 max_sigma=15552 elapsed=2.6s [273/291 shapes]
SHAPE (20,20,60) p=2 k=2 |Sigma|=12000: frames=920 eligible=0 blocked=0 max_sigma=15552 elapsed=5.9s [274/291 shapes]
SHAPE (18,36,36) p=2 k=3 |Sigma|=11664: frames=648 eligible=0 blocked=0 max_sigma=15552 elapsed=4.8s [277/291 shapes]
SHAPE (18,36,36) p=2 k=2 |Sigma|=11664: frames=288 eligible=0 blocked=0 max_sigma=15552 elapsed=2.1s [279/291 shapes]
SHAPE (18,36,36) p=2 k=2 |Sigma|=11664: frames=648 eligible=0 blocked=0 max_sigma=15552 elapsed=4.5s [280/291 shapes]
SHAPE (36,36,18) p=2 k=2 |Sigma|=11664: frames=648 eligible=0 blocked=0 max_sigma=15552 elapsed=3.0s [282/291 shapes]
{"type":"summary","target":"AlternatingGroup(7)","p":2,"max_sigma_blocked":15552,"max_sigma_eligible":15552,"shapes_checked":291,"shapes_total":291,"frames_checked":26456,"configs_eligible":24,"configs_blocked":24,"semantics":"lower_bound","beta0":10584,"margin":4968,"elapsed_seconds":197.4884078502655,"kill":true}

--- p=2 DONE: max_blocked_sigma=15552 max_elig_sigma=15552 eligible=24 blocked=24 margin=4968 elapsed=197.5s ---

=== PRIME p=3 ===
Twistable (p=3): [(2, 3, 'C3', 1), (3, 3, 'C3', 1), (8, 6, 'C6', 1), (13, 9, 'C3 x C3', 4), (15, 12, 'A4', 1), (16, 12, 'A4', 1), (17, 12, 'C6 x C2', 1), (18, 12, 'A4', 1), (20, 12, 'A4', 1), (24, 21, 'C7 : C3', 1), (30, 36, 'C3 x A4', 4)]
Shapes above threshold: 9
SHAPE (21,21,120) p=3 k=2 |Sigma|=17640: frames=1764 eligible=0 blocked=0 max_sigma=0 elapsed=21.3s [3/9 shapes]
SHAPE (36,36,36) p=3 k=2 |Sigma|=15552: frames=288 eligible=0 blocked=0 max_sigma=0 elapsed=2.3s [6/9 shapes]
{"type":"config","target":"AlternatingGroup(7)","p":3,"shape":[21,21,72],"shape_sd":["C7 : C3","C7 : C3","(C3 x A4) : C2"],"sigma":10584,"k":2,"ncolls":11,"blocked":[true,true,true],"S_gens":"[(1,7,4,2,6,5,3), (2,3,5)(4,6,7)]","T_gens":"[(1,5,4,2,7,6,3), (2,3,6)(4,7,5)]","U_gens":"[(3,5)(4,6), (1,4)(2,3,7,5), (3,7)(4,6)]","semantics":"exact"}
{"type":"config","target":"AlternatingGroup(7)","p":3,"shape":[21,21,72],"shape_sd":["C7 : C3","C7 : C3","(C3 x A4) : C2"],"sigma":10584,"k":2,"ncolls":11,"blocked":[true,true,true],"S_gens":"[(1,7,4,2,6,5,3), (2,3,5)(4,6,7)]","T_gens":"[(1,5,4,2,7,6,3), (2,3,6)(4,7,5)]","U_gens":"[(3,5)(4,6), (1,4)(2,3,7,5), (3,7)(4,6)]","semantics":"exact"}
{"type":"config","target":"AlternatingGroup(7)","p":3,"shape":[21,21,72],"shape_sd":["C7 : C3","C7 : C3","(C3 x A4) : C2"],"sigma":10584,"k":2,"ncolls":11,"blocked":[true,true,true],"S_gens":"[(1,7,4,2,6,5,3), (2,3,5)(4,6,7)]","T_gens":"[(1,6,4,2,5,7,3), (2,3,7)(4,5,6)]","U_gens":"[(3,7)(4,5), (1,4)(2,3,6,7), (3,6)(4,5)]","semantics":"exact"}
{"type":"config","target":"AlternatingGroup(7)","p":3,"shape":[21,21,72],"shape_sd":["C7 : C3","C7 : C3","(C3 x A4) : C2"],"sigma":10584,"k":2,"ncolls":11,"blocked":[true,true,true],"S_gens":"[(1,7,4,2,6,5,3), (2,3,5)(4,6,7)]","T_gens":"[(1,6,4,2,5,7,3), (2,3,7)(4,5,6)]","U_gens":"[(3,7)(4,5), (1,4)(2,3,6,7), (3,6)(4,5)]","semantics":"exact"}
{"type":"config","target":"AlternatingGroup(7)","p":3,"shape":[21,21,72],"shape_sd":["C7 : C3","C7 : C3","(C3 x A4) : C2"],"sigma":10584,"k":2,"ncolls":8,"blocked":[true,true,true],"S_gens":"[(1,7,4,2,6,5,3), (2,3,5)(4,6,7)]","T_gens":"[(1,6,5,2,7,4,3), (2,3,4)(5,7,6)]","U_gens":"[(3,7)(4,6), (1,3,5,7)(2,4), (3,5)(4,6)]","semantics":"exact"}
{"type":"config","target":"AlternatingGroup(7)","p":3,"shape":[21,21,72],"shape_sd":["C7 : C3","C7 : C3","(C3 x A4) : C2"],"sigma":10584,"k":2,"ncolls":8,"blocked":[true,true,true],"S_gens":"[(1,7,4,2,6,5,3), (2,3,5)(4,6,7)]","T_gens":"[(1,6,5,2,7,4,3), (2,3,4)(5,7,6)]","U_gens":"[(3,7)(4,6), (1,3,5,7)(2,4), (3,5)(4,6)]","semantics":"exact"}
{"type":"config","target":"AlternatingGroup(7)","p":3,"shape":[21,21,72],"shape_sd":["C7 : C3","C7 : C3","(C3 x A4) : C2"],"sigma":10584,"k":2,"ncolls":8,"blocked":[true,true,true],"S_gens":"[(1,7,4,2,6,5,3), (2,3,5)(4,6,7)]","T_gens":"[(1,6,5,2,7,4,3), (2,3,4)(5,7,6)]","U_gens":"[(3,6)(5,7), (1,3,4,6)(2,5), (3,4)(5,7)]","semantics":"exact"}
{"type":"config","target":"AlternatingGroup(7)","p":3,"shape":[21,21,72],"shape_sd":["C7 : C3","C7 : C3","(C3 x A4) : C2"],"sigma":10584,"k":2,"ncolls":8,"blocked":[true,true,true],"S_gens":"[(1,7,4,2,6,5,3), (2,3,5)(4,6,7)]","T_gens":"[(1,6,5,2,7,4,3), (2,3,4)(5,7,6)]","U_gens":"[(3,6)(5,7), (1,3,4,6)(2,5), (3,4)(5,7)]","semantics":"exact"}
{"type":"config","target":"AlternatingGroup(7)","p":3,"shape":[21,21,72],"shape_sd":["C7 : C3","C7 : C3","(C3 x A4) : C2"],"sigma":10584,"k":2,"ncolls":11,"blocked":[true,true,true],"S_gens":"[(1,7,4,2,6,5,3), (2,3,5)(4,6,7)]","T_gens":"[(1,4,5,2,6,7,3), (2,3,7)(4,5,6)]","U_gens":"[(2,5)(4,6), (1,2,7,5)(3,4), (2,7)(4,6)]","semantics":"exact"}
{"type":"config","target":"AlternatingGroup(7)","p":3,"shape":[21,21,72],"shape_sd":["C7 : C3","C7 : C3","(C3 x A4) : C2"],"sigma":10584,"k":2,"ncolls":11,"blocked":[true,true,true],"S_gens":"[(1,7,4,2,6,5,3), (2,3,5)(4,6,7)]","T_gens":"[(1,4,5,2,6,7,3), (2,3,7)(4,5,6)]","U_gens":"[(2,5)(4,6), (1,2,7,5)(3,4), (2,7)(4,6)]","semantics":"exact"}
{"type":"config","target":"AlternatingGroup(7)","p":3,"shape":[21,21,72],"shape_sd":["C7 : C3","C7 : C3","(C3 x A4) : C2"],"sigma":10584,"k":2,"ncolls":11,"blocked":[true,true,true],"S_gens":"[(1,7,4,2,6,5,3), (2,3,5)(4,6,7)]","T_gens":"[(1,5,7,2,6,4,3), (2,3,4)(5,7,6)]","U_gens":"[(2,5)(6,7), (1,2,4,5)(3,6), (2,4)(6,7)]","semantics":"exact"}
{"type":"config","target":"AlternatingGroup(7)","p":3,"shape":[21,21,72],"shape_sd":["C7 : C3","C7 : C3","(C3 x A4) : C2"],"sigma":10584,"k":2,"ncolls":11,"blocked":[true,true,true],"S_gens":"[(1,7,4,2,6,5,3), (2,3,5)(4,6,7)]","T_gens":"[(1,5,7,2,6,4,3), (2,3,4)(5,7,6)]","U_gens":"[(2,5)(6,7), (1,2,4,5)(3,6), (2,4)(6,7)]","semantics":"exact"}
{"type":"config","target":"AlternatingGroup(7)","p":3,"shape":[21,21,72],"shape_sd":["C7 : C3","C7 : C3","(C3 x A4) : C2"],"sigma":10584,"k":2,"ncolls":8,"blocked":[true,true,true],"S_gens":"[(1,7,4,2,6,5,3), (2,3,5)(4,6,7)]","T_gens":"[(1,5,3,2,6,7,4), (2,4,7)(3,6,5)]","U_gens":"[(3,7)(4,5), (1,3)(2,4,6,5), (3,7)(4,6)]","semantics":"exact"}
{"type":"config","target":"AlternatingGroup(7)","p":3,"shape":[21,21,72],"shape_sd":["C7 : C3","C7 : C3","(C3 x A4) : C2"],"sigma":10584,"k":2,"ncolls":8,"blocked":[true,true,true],"S_gens":"[(1,7,4,2,6,5,3), (2,3,5)(4,6,7)]","T_gens":"[(1,5,3,2,6,7,4), (2,4,7)(3,6,5)]","U_gens":"[(3,7)(4,5), (1,3)(2,4,6,5), (3,7)(4,6)]","semantics":"exact"}
{"type":"config","target":"AlternatingGroup(7)","p":3,"shape":[21,21,72],"shape_sd":["C7 : C3","C7 : C3","(C3 x A4) : C2"],"sigma":10584,"k":2,"ncolls":8,"blocked":[true,true,true],"S_gens":"[(1,7,4,2,6,5,3), (2,3,5)(4,6,7)]","T_gens":"[(1,5,3,2,6,7,4), (2,4,7)(3,6,5)]","U_gens":"[(3,7)(4,5), (1,4)(2,3,6,7), (3,6)(4,5)]","semantics":"exact"}
{"type":"config","target":"AlternatingGroup(7)","p":3,"shape":[21,21,72],"shape_sd":["C7 : C3","C7 : C3","(C3 x A4) : C2"],"sigma":10584,"k":2,"ncolls":8,"blocked":[true,true,true],"S_gens":"[(1,7,4,2,6,5,3), (2,3,5)(4,6,7)]","T_gens":"[(1,5,3,2,6,7,4), (2,4,7)(3,6,5)]","U_gens":"[(3,7)(4,5), (1,4)(2,3,6,7), (3,6)(4,5)]","semantics":"exact"}
{"type":"config","target":"AlternatingGroup(7)","p":3,"shape":[21,21,72],"shape_sd":["C7 : C3","C7 : C3","(C3 x A4) : C2"],"sigma":10584,"k":2,"ncolls":11,"blocked":[true,true,true],"S_gens":"[(1,7,4,2,6,5,3), (2,3,5)(4,6,7)]","T_gens":"[(1,7,5,2,6,3,4), (2,4,3)(5,6,7)]","U_gens":"[(3,7)(4,6), (1,4,5,6)(2,3), (3,7)(4,5)]","semantics":"exact"}
{"type":"config","target":"AlternatingGroup(7)","p":3,"shape":[21,21,72],"shape_sd":["C7 : C3","C7 : C3","(C3 x A4) : C2"],"sigma":10584,"k":2,"ncolls":11,"blocked":[true,true,true],"S_gens":"[(1,7,4,2,6,5,3), (2,3,5)(4,6,7)]","T_gens":"[(1,7,5,2,6,3,4), (2,4,3)(5,6,7)]","U_gens":"[(3,7)(4,6), (1,4,5,6)(2,3), (3,7)(4,5)]","semantics":"exact"}
{"type":"config","target":"AlternatingGroup(7)","p":3,"shape":[21,21,72],"shape_sd":["C7 : C3","C7 : C3","(C3 x A4) : C2"],"sigma":10584,"k":2,"ncolls":8,"blocked":[true,true,true],"S_gens":"[(1,7,4,2,6,5,3), (2,3,5)(4,6,7)]","T_gens":"[(1,3,5,2,7,6,4), (2,4,6)(3,5,7)]","U_gens":"[(3,5)(4,6), (1,3)(2,4,7,6), (3,5)(4,7)]","semantics":"exact"}
{"type":"config","target":"AlternatingGroup(7)","p":3,"shape":[21,21,72],"shape_sd":["C7 : C3","C7 : C3","(C3 x A4) : C2"],"sigma":10584,"k":2,"ncolls":8,"blocked":[true,true,true],"S_gens":"[(1,7,4,2,6,5,3), (2,3,5)(4,6,7)]","T_gens":"[(1,3,5,2,7,6,4), (2,4,6)(3,5,7)]","U_gens":"[(3,5)(4,6), (1,3)(2,4,7,6), (3,5)(4,7)]","semantics":"exact"}
{"type":"config","target":"AlternatingGroup(7)","p":3,"shape":[21,21,72],"shape_sd":["C7 : C3","C7 : C3","(C3 x A4) : C2"],"sigma":10584,"k":2,"ncolls":8,"blocked":[true,true,true],"S_gens":"[(1,7,4,2,6,5,3), (2,3,5)(4,6,7)]","T_gens":"[(1,3,5,2,7,6,4), (2,4,6)(3,5,7)]","U_gens":"[(2,5)(6,7), (1,2,4,5)(3,6), (2,4)(6,7)]","semantics":"exact"}
{"type":"config","target":"AlternatingGroup(7)","p":3,"shape":[21,21,72],"shape_sd":["C7 : C3","C7 : C3","(C3 x A4) : C2"],"sigma":10584,"k":2,"ncolls":8,"blocked":[true,true,true],"S_gens":"[(1,7,4,2,6,5,3), (2,3,5)(4,6,7)]","T_gens":"[(1,3,5,2,7,6,4), (2,4,6)(3,5,7)]","U_gens":"[(2,5)(6,7), (1,2,4,5)(3,6), (2,4)(6,7)]","semantics":"exact"}
{"type":"config","target":"AlternatingGroup(7)","p":3,"shape":[21,21,72],"shape_sd":["C7 : C3","C7 : C3","(C3 x A4) : C2"],"sigma":10584,"k":2,"ncolls":11,"blocked":[true,true,true],"S_gens":"[(1,7,4,2,6,5,3), (2,3,5)(4,6,7)]","T_gens":"[(1,6,5,2,3,7,4), (2,4,7)(3,6,5)]","U_gens":"[(2,5)(4,6), (1,2,7,5)(3,4), (2,7)(4,6)]","semantics":"exact"}
{"type":"config","target":"AlternatingGroup(7)","p":3,"shape":[21,21,72],"shape_sd":["C7 : C3","C7 : C3","(C3 x A4) : C2"],"sigma":10584,"k":2,"ncolls":11,"blocked":[true,true,true],"S_gens":"[(1,7,4,2,6,5,3), (2,3,5)(4,6,7)]","T_gens":"[(1,6,5,2,3,7,4), (2,4,7)(3,6,5)]","U_gens":"[(2,5)(4,6), (1,2,7,5)(3,4), (2,7)(4,6)]","semantics":"exact"}
{"type":"config","target":"AlternatingGroup(7)","p":3,"shape":[21,21,72],"shape_sd":["C7 : C3","C7 : C3","(C3 x A4) : C2"],"sigma":10584,"k":2,"ncolls":8,"blocked":[true,true,true],"S_gens":"[(1,7,4,2,6,5,3), (2,3,5)(4,6,7)]","T_gens":"[(1,5,6,2,7,3,4), (2,4,3)(5,6,7)]","U_gens":"[(3,4)(5,6), (1,3,7,4)(2,5), (3,7)(5,6)]","semantics":"exact"}
{"type":"config","target":"AlternatingGroup(7)","p":3,"shape":[21,21,72],"shape_sd":["C7 : C3","C7 : C3","(C3 x A4) : C2"],"sigma":10584,"k":2,"ncolls":8,"blocked":[true,true,true],"S_gens":"[(1,7,4,2,6,5,3), (2,3,5)(4,6,7)]","T_gens":"[(1,5,6,2,7,3,4), (2,4,3)(5,6,7)]","U_gens":"[(3,4)(5,6), (1,3,7,4)(2,5), (3,7)(5,6)]","semantics":"exact"}
{"type":"config","target":"AlternatingGroup(7)","p":3,"shape":[21,21,72],"shape_sd":["C7 : C3","C7 : C3","(C3 x A4) : C2"],"sigma":10584,"k":2,"ncolls":8,"blocked":[true,true,true],"S_gens":"[(1,7,4,2,6,5,3), (2,3,5)(4,6,7)]","T_gens":"[(1,5,6,2,7,3,4), (2,4,3)(5,6,7)]","U_gens":"[(2,5)(4,6), (1,2,7,5)(3,4), (2,7)(4,6)]","semantics":"exact"}
{"type":"config","target":"AlternatingGroup(7)","p":3,"shape":[21,21,72],"shape_sd":["C7 : C3","C7 : C3","(C3 x A4) : C2"],"sigma":10584,"k":2,"ncolls":8,"blocked":[true,true,true],"S_gens":"[(1,7,4,2,6,5,3), (2,3,5)(4,6,7)]","T_gens":"[(1,5,6,2,7,3,4), (2,4,3)(5,6,7)]","U_gens":"[(2,5)(4,6), (1,2,7,5)(3,4), (2,7)(4,6)]","semantics":"exact"}
{"type":"config","target":"AlternatingGroup(7)","p":3,"shape":[21,21,72],"shape_sd":["C7 : C3","C7 : C3","(C3 x A4) : C2"],"sigma":10584,"k":2,"ncolls":11,"blocked":[true,true,true],"S_gens":"[(1,7,4,2,6,5,3), (2,3,5)(4,6,7)]","T_gens":"[(1,7,6,2,3,5,4), (2,4,5)(3,7,6)]","U_gens":"[(3,6)(4,7), (1,4)(2,3,5,6), (3,5)(4,7)]","semantics":"exact"}
{"type":"config","target":"AlternatingGroup(7)","p":3,"shape":[21,21,72],"shape_sd":["C7 : C3","C7 : C3","(C3 x A4) : C2"],"sigma":10584,"k":2,"ncolls":11,"blocked":[true,true,true],"S_gens":"[(1,7,4,2,6,5,3), (2,3,5)(4,6,7)]","T_gens":"[(1,7,6,2,3,5,4), (2,4,5)(3,7,6)]","U_gens":"[(3,6)(4,7), (1,4)(2,3,5,6), (3,5)(4,7)]","semantics":"exact"}
{"type":"config","target":"AlternatingGroup(7)","p":3,"shape":[21,21,72],"shape_sd":["C7 : C3","C7 : C3","(C3 x A4) : C2"],"sigma":10584,"k":2,"ncolls":11,"blocked":[true,true,true],"S_gens":"[(1,7,4,2,6,5,3), (2,3,5)(4,6,7)]","T_gens":"[(1,3,6,2,5,7,4), (2,4,7)(3,6,5)]","U_gens":"[(3,6)(5,7), (1,3,4,6)(2,5), (3,4)(5,7)]","semantics":"exact"}
{"type":"config","target":"AlternatingGroup(7)","p":3,"shape":[21,21,72],"shape_sd":["C7 : C3","C7 : C3","(C3 x A4) : C2"],"sigma":10584,"k":2,"ncolls":11,"blocked":[true,true,true],"S_gens":"[(1,7,4,2,6,5,3), (2,3,5)(4,6,7)]","T_gens":"[(1,3,6,2,5,7,4), (2,4,7)(3,6,5)]","U_gens":"[(3,6)(5,7), (1,3,4,6)(2,5), (3,4)(5,7)]","semantics":"exact"}
{"type":"config","target":"AlternatingGroup(7)","p":3,"shape":[21,21,72],"shape_sd":["C7 : C3","C7 : C3","(C3 x A4) : C2"],"sigma":10584,"k":2,"ncolls":11,"blocked":[true,true,true],"S_gens":"[(1,7,4,2,6,5,3), (2,3,5)(4,6,7)]","T_gens":"[(1,7,3,2,6,4,5), (2,5,4)(3,6,7)]","U_gens":"[(3,6)(5,7), (1,3,4,6)(2,5), (3,4)(5,7)]","semantics":"exact"}
{"type":"config","target":"AlternatingGroup(7)","p":3,"shape":[21,21,72],"shape_sd":["C7 : C3","C7 : C3","(C3 x A4) : C2"],"sigma":10584,"k":2,"ncolls":11,"blocked":[true,true,true],"S_gens":"[(1,7,4,2,6,5,3), (2,3,5)(4,6,7)]","T_gens":"[(1,7,3,2,6,4,5), (2,5,4)(3,6,7)]","U_gens":"[(3,6)(5,7), (1,3,4,6)(2,5), (3,4)(5,7)]","semantics":"exact"}
{"type":"config","target":"AlternatingGroup(7)","p":3,"shape":[21,21,72],"shape_sd":["C7 : C3","C7 : C3","(C3 x A4) : C2"],"sigma":10584,"k":2,"ncolls":8,"blocked":[true,true,true],"S_gens":"[(1,7,4,2,6,5,3), (2,3,5)(4,6,7)]","T_gens":"[(1,6,3,2,4,7,5), (2,5,7)(3,4,6)]","U_gens":"[(3,5)(4,7), (1,3,6,5)(2,4), (3,6)(4,7)]","semantics":"exact"}
{"type":"config","target":"AlternatingGroup(7)","p":3,"shape":[21,21,72],"shape_sd":["C7 : C3","C7 : C3","(C3 x A4) : C2"],"sigma":10584,"k":2,"ncolls":8,"blocked":[true,true,true],"S_gens":"[(1,7,4,2,6,5,3), (2,3,5)(4,6,7)]","T_gens":"[(1,6,3,2,4,7,5), (2,5,7)(3,4,6)]","U_gens":"[(3,5)(4,7), (1,3,6,5)(2,4), (3,6)(4,7)]","semantics":"exact"}
{"type":"config","target":"AlternatingGroup(7)","p":3,"shape":[21,21,72],"shape_sd":["C7 : C3","C7 : C3","(C3 x A4) : C2"],"sigma":10584,"k":2,"ncolls":8,"blocked":[true,true,true],"S_gens":"[(1,7,4,2,6,5,3), (2,3,5)(4,6,7)]","T_gens":"[(1,6,3,2,4,7,5), (2,5,7)(3,4,6)]","U_gens":"[(2,7)(4,5), (1,2,6,7)(3,4), (2,6)(4,5)]","semantics":"exact"}
{"type":"config","target":"AlternatingGroup(7)","p":3,"shape":[21,21,72],"shape_sd":["C7 : C3","C7 : C3","(C3 x A4) : C2"],"sigma":10584,"k":2,"ncolls":8,"blocked":[true,true,true],"S_gens":"[(1,7,4,2,6,5,3), (2,3,5)(4,6,7)]","T_gens":"[(1,6,3,2,4,7,5), (2,5,7)(3,4,6)]","U_gens":"[(2,7)(4,5), (1,2,6,7)(3,4), (2,6)(4,5)]","semantics":"exact"}
{"type":"config","target":"AlternatingGroup(7)","p":3,"shape":[21,21,72],"shape_sd":["C7 : C3","C7 : C3","(C3 x A4) : C2"],"sigma":10584,"k":2,"ncolls":11,"blocked":[true,true,true],"S_gens":"[(1,7,4,2,6,5,3), (2,3,5)(4,6,7)]","T_gens":"[(1,7,4,2,3,6,5), (2,5,6)(3,7,4)]","U_gens":"[(2,3)(5,7), (1,2)(4,5,6,7), (2,3)(5,6)]","semantics":"exact"}
{"type":"config","target":"AlternatingGroup(7)","p":3,"shape":[21,21,72],"shape_sd":["C7 : C3","C7 : C3","(C3 x A4) : C2"],"sigma":10584,"k":2,"ncolls":11,"blocked":[true,true,true],"S_gens":"[(1,7,4,2,6,5,3), (2,3,5)(4,6,7)]","T_gens":"[(1,7,4,2,3,6,5), (2,5,6)(3,7,4)]","U_gens":"[(2,3)(5,7), (1,2)(4,5,6,7), (2,3)(5,6)]","semantics":"exact"}
{"type":"config","target":"AlternatingGroup(7)","p":3,"shape":[21,21,72],"shape_sd":["C7 : C3","C7 : C3","(C3 x A4) : C2"],"sigma":10584,"k":2,"ncolls":11,"blocked":[true,true,true],"S_gens":"[(1,7,4,2,6,5,3), (2,3,5)(4,6,7)]","T_gens":"[(1,3,6,2,7,4,5), (2,5,4)(3,6,7)]","U_gens":"[(3,7)(4,5), (1,4)(2,3,6,7), (3,6)(4,5)]","semantics":"exact"}
{"type":"config","target":"AlternatingGroup(7)","p":3,"shape":[21,21,72],"shape_sd":["C7 : C3","C7 : C3","(C3 x A4) : C2"],"sigma":10584,"k":2,"ncolls":11,"blocked":[true,true,true],"S_gens":"[(1,7,4,2,6,5,3), (2,3,5)(4,6,7)]","T_gens":"[(1,3,6,2,7,4,5), (2,5,4)(3,6,7)]","U_gens":"[(3,7)(4,5), (1,4)(2,3,6,7), (3,6)(4,5)]","semantics":"exact"}
{"type":"config","target":"AlternatingGroup(7)","p":3,"shape":[21,21,72],"shape_sd":["C7 : C3","C7 : C3","(C3 x A4) : C2"],"sigma":10584,"k":2,"ncolls":11,"blocked":[true,true,true],"S_gens":"[(1,7,4,2,6,5,3), (2,3,5)(4,6,7)]","T_gens":"[(1,4,6,2,3,7,5), (2,5,7)(3,4,6)]","U_gens":"[(3,4)(5,6), (1,3,7,4)(2,5), (3,7)(5,6)]","semantics":"exact"}
{"type":"config","target":"AlternatingGroup(7)","p":3,"shape":[21,21,72],"shape_sd":["C7 : C3","C7 : C3","(C3 x A4) : C2"],"sigma":10584,"k":2,"ncolls":11,"blocked":[true,true,true],"S_gens":"[(1,7,4,2,6,5,3), (2,3,5)(4,6,7)]","T_gens":"[(1,4,6,2,3,7,5), (2,5,7)(3,4,6)]","U_gens":"[(3,4)(5,6), (1,3,7,4)(2,5), (3,7)(5,6)]","semantics":"exact"}
{"type":"config","target":"AlternatingGroup(7)","p":3,"shape":[21,21,72],"shape_sd":["C7 : C3","C7 : C3","(C3 x A4) : C2"],"sigma":10584,"k":2,"ncolls":11,"blocked":[true,true,true],"S_gens":"[(1,7,4,2,6,5,3), (2,3,5)(4,6,7)]","T_gens":"[(1,5,3,2,7,4,6), (2,6,4)(3,7,5)]","U_gens":"[(2,5)(6,7), (1,2,4,5)(3,6), (2,4)(6,7)]","semantics":"exact"}
{"type":"config","target":"AlternatingGroup(7)","p":3,"shape":[21,21,72],"shape_sd":["C7 : C3","C7 : C3","(C3 x A4) : C2"],"sigma":10584,"k":2,"ncolls":11,"blocked":[true,true,true],"S_gens":"[(1,7,4,2,6,5,3), (2,3,5)(4,6,7)]","T_gens":"[(1,5,3,2,7,4,6), (2,6,4)(3,7,5)]","U_gens":"[(2,5)(6,7), (1,2,4,5)(3,6), (2,4)(6,7)]","semantics":"exact"}
{"type":"config","target":"AlternatingGroup(7)","p":3,"shape":[21,21,72],"shape_sd":["C7 : C3","C7 : C3","(C3 x A4) : C2"],"sigma":10584,"k":2,"ncolls":11,"blocked":[true,true,true],"S_gens":"[(1,7,4,2,6,5,3), (2,3,5)(4,6,7)]","T_gens":"[(1,7,3,2,4,5,6), (2,6,5)(3,4,7)]","U_gens":"[(3,7)(4,5), (1,3)(2,4,6,5), (3,7)(4,6)]","semantics":"exact"}
{"type":"config","target":"AlternatingGroup(7)","p":3,"shape":[21,21,72],"shape_sd":["C7 : C3","C7 : C3","(C3 x A4) : C2"],"sigma":10584,"k":2,"ncolls":11,"blocked":[true,true,true],"S_gens":"[(1,7,4,2,6,5,3), (2,3,5)(4,6,7)]","T_gens":"[(1,7,3,2,4,5,6), (2,6,5)(3,4,7)]","U_gens":"[(3,7)(4,5), (1,3)(2,4,6,5), (3,7)(4,6)]","semantics":"exact"}
{"type":"config","target":"AlternatingGroup(7)","p":3,"shape":[21,21,72],"shape_sd":["C7 : C3","C7 : C3","(C3 x A4) : C2"],"sigma":10584,"k":2,"ncolls":11,"blocked":[true,true,true],"S_gens":"[(1,7,4,2,6,5,3), (2,3,5)(4,6,7)]","T_gens":"[(1,7,4,2,5,3,6), (2,6,3)(4,5,7)]","U_gens":"[(2,6)(4,5), (1,2)(3,4,7,5), (2,6)(4,7)]","semantics":"exact"}
{"type":"config","target":"AlternatingGroup(7)","p":3,"shape":[21,21,72],"shape_sd":["C7 : C3","C7 : C3","(C3 x A4) : C2"],"sigma":10584,"k":2,"ncolls":11,"blocked":[true,true,true],"S_gens":"[(1,7,4,2,6,5,3), (2,3,5)(4,6,7)]","T_gens":"[(1,7,4,2,5,3,6), (2,6,3)(4,5,7)]","U_gens":"[(2,6)(4,5), (1,2)(3,4,7,5), (2,6)(4,7)]","semantics":"exact"}
{"type":"config","target":"AlternatingGroup(7)","p":3,"shape":[21,21,72],"shape_sd":["C7 : C3","C7 : C3","(C3 x A4) : C2"],"sigma":10584,"k":2,"ncolls":11,"blocked":[true,true,true],"S_gens":"[(1,7,4,2,6,5,3), (2,3,5)(4,6,7)]","T_gens":"[(1,3,4,2,7,5,6), (2,6,5)(3,4,7)]","U_gens":"[(3,5)(4,7), (1,3,6,5)(2,4), (3,6)(4,7)]","semantics":"exact"}
{"type":"config","target":"AlternatingGroup(7)","p":3,"shape":[21,21,72],"shape_sd":["C7 : C3","C7 : C3","(C3 x A4) : C2"],"sigma":10584,"k":2,"ncolls":11,"blocked":[true,true,true],"S_gens":"[(1,7,4,2,6,5,3), (2,3,5)(4,6,7)]","T_gens":"[(1,3,4,2,7,5,6), (2,6,5)(3,4,7)]","U_gens":"[(3,5)(4,7), (1,3,6,5)(2,4), (3,6)(4,7)]","semantics":"exact"}
{"type":"config","target":"AlternatingGroup(7)","p":3,"shape":[21,21,72],"shape_sd":["C7 : C3","C7 : C3","(C3 x A4) : C2"],"sigma":10584,"k":2,"ncolls":8,"blocked":[true,true,true],"S_gens":"[(1,7,4,2,6,5,3), (2,3,5)(4,6,7)]","T_gens":"[(1,3,5,2,4,7,6), (2,6,7)(3,5,4)]","U_gens":"[(3,5)(6,7), (1,6)(2,3,4,5), (3,4)(6,7)]","semantics":"exact"}
{"type":"config","target":"AlternatingGroup(7)","p":3,"shape":[21,21,72],"shape_sd":["C7 : C3","C7 : C3","(C3 x A4) : C2"],"sigma":10584,"k":2,"ncolls":8,"blocked":[true,true,true],"S_gens":"[(1,7,4,2,6,5,3), (2,3,5)(4,6,7)]","T_gens":"[(1,3,5,2,4,7,6), (2,6,7)(3,5,4)]","U_gens":"[(3,5)(6,7), (1,6)(2,3,4,5), (3,4)(6,7)]","semantics":"exact"}
{"type":"config","target":"AlternatingGroup(7)","p":3,"shape":[21,21,72],"shape_sd":["C7 : C3","C7 : C3","(C3 x A4) : C2"],"sigma":10584,"k":2,"ncolls":8,"blocked":[true,true,true],"S_gens":"[(1,7,4,2,6,5,3), (2,3,5)(4,6,7)]","T_gens":"[(1,3,5,2,4,7,6), (2,6,7)(3,5,4)]","U_gens":"[(3,4)(5,6), (1,3,7,4)(2,5), (3,7)(5,6)]","semantics":"exact"}
{"type":"config","target":"AlternatingGroup(7)","p":3,"shape":[21,21,72],"shape_sd":["C7 : C3","C7 : C3","(C3 x A4) : C2"],"sigma":10584,"k":2,"ncolls":8,"blocked":[true,true,true],"S_gens":"[(1,7,4,2,6,5,3), (2,3,5)(4,6,7)]","T_gens":"[(1,3,5,2,4,7,6), (2,6,7)(3,5,4)]","U_gens":"[(3,4)(5,6), (1,3,7,4)(2,5), (3,7)(5,6)]","semantics":"exact"}
{"type":"config","target":"AlternatingGroup(7)","p":3,"shape":[21,21,72],"shape_sd":["C7 : C3","C7 : C3","(C3 x A4) : C2"],"sigma":10584,"k":2,"ncolls":11,"blocked":[true,true,true],"S_gens":"[(1,7,4,2,6,5,3), (2,3,5)(4,6,7)]","T_gens":"[(1,5,7,2,4,3,6), (2,6,3)(4,5,7)]","U_gens":"[(3,4)(5,6), (1,5,7,6)(2,3), (3,4)(5,7)]","semantics":"exact"}
{"type":"config","target":"AlternatingGroup(7)","p":3,"shape":[21,21,72],"shape_sd":["C7 : C3","C7 : C3","(C3 x A4) : C2"],"sigma":10584,"k":2,"ncolls":11,"blocked":[true,true,true],"S_gens":"[(1,7,4,2,6,5,3), (2,3,5)(4,6,7)]","T_gens":"[(1,5,7,2,4,3,6), (2,6,3)(4,5,7)]","U_gens":"[(3,4)(5,6), (1,5,7,6)(2,3), (3,4)(5,7)]","semantics":"exact"}
{"type":"config","target":"AlternatingGroup(7)","p":3,"shape":[21,21,72],"shape_sd":["C7 : C3","C7 : C3","(C3 x A4) : C2"],"sigma":10584,"k":2,"ncolls":11,"blocked":[true,true,true],"S_gens":"[(1,7,4,2,6,5,3), (2,3,5)(4,6,7)]","T_gens":"[(1,3,7,2,5,4,6), (2,6,4)(3,7,5)]","U_gens":"[(3,5)(4,6), (1,3)(2,4,7,6), (3,5)(4,7)]","semantics":"exact"}
{"type":"config","target":"AlternatingGroup(7)","p":3,"shape":[21,21,72],"shape_sd":["C7 : C3","C7 : C3","(C3 x A4) : C2"],"sigma":10584,"k":2,"ncolls":11,"blocked":[true,true,true],"S_gens":"[(1,7,4,2,6,5,3), (2,3,5)(4,6,7)]","T_gens":"[(1,3,7,2,5,4,6), (2,6,4)(3,7,5)]","U_gens":"[(3,5)(4,6), (1,3)(2,4,7,6), (3,5)(4,7)]","semantics":"exact"}
{"type":"config","target":"AlternatingGroup(7)","p":3,"shape":[21,21,72],"shape_sd":["C7 : C3","C7 : C3","(C3 x A4) : C2"],"sigma":10584,"k":2,"ncolls":8,"blocked":[true,true,true],"S_gens":"[(1,7,4,2,6,5,3), (2,3,5)(4,6,7)]","T_gens":"[(1,6,3,2,5,4,7), (2,7,4)(3,5,6)]","U_gens":"[(3,6)(4,7), (1,4)(2,3,5,6), (3,5)(4,7)]","semantics":"exact"}
{"type":"config","target":"AlternatingGroup(7)","p":3,"shape":[21,21,72],"shape_sd":["C7 : C3","C7 : C3","(C3 x A4) : C2"],"sigma":10584,"k":2,"ncolls":8,"blocked":[true,true,true],"S_gens":"[(1,7,4,2,6,5,3), (2,3,5)(4,6,7)]","T_gens":"[(1,6,3,2,5,4,7), (2,7,4)(3,5,6)]","U_gens":"[(3,6)(4,7), (1,4)(2,3,5,6), (3,5)(4,7)]","semantics":"exact"}
{"type":"config","target":"AlternatingGroup(7)","p":3,"shape":[21,21,72],"shape_sd":["C7 : C3","C7 : C3","(C3 x A4) : C2"],"sigma":10584,"k":2,"ncolls":8,"blocked":[true,true,true],"S_gens":"[(1,7,4,2,6,5,3), (2,3,5)(4,6,7)]","T_gens":"[(1,6,3,2,5,4,7), (2,7,4)(3,5,6)]","U_gens":"[(2,4)(6,7), (1,2,3,4)(5,6), (2,3)(6,7)]","semantics":"exact"}
{"type":"config","target":"AlternatingGroup(7)","p":3,"shape":[21,21,72],"shape_sd":["C7 : C3","C7 : C3","(C3 x A4) : C2"],"sigma":10584,"k":2,"ncolls":8,"blocked":[true,true,true],"S_gens":"[(1,7,4,2,6,5,3), (2,3,5)(4,6,7)]","T_gens":"[(1,6,3,2,5,4,7), (2,7,4)(3,5,6)]","U_gens":"[(2,4)(6,7), (1,2,3,4)(5,6), (2,3)(6,7)]","semantics":"exact"}
{"type":"config","target":"AlternatingGroup(7)","p":3,"shape":[21,21,72],"shape_sd":["C7 : C3","C7 : C3","(C3 x A4) : C2"],"sigma":10584,"k":2,"ncolls":11,"blocked":[true,true,true],"S_gens":"[(1,7,4,2,6,5,3), (2,3,5)(4,6,7)]","T_gens":"[(1,5,3,2,4,6,7), (2,7,6)(3,4,5)]","U_gens":"[(3,4)(5,6), (1,3,7,4)(2,5), (3,7)(5,6)]","semantics":"exact"}
{"type":"config","target":"AlternatingGroup(7)","p":3,"shape":[21,21,72],"shape_sd":["C7 : C3","C7 : C3","(C3 x A4) : C2"],"sigma":10584,"k":2,"ncolls":11,"blocked":[true,true,true],"S_gens":"[(1,7,4,2,6,5,3), (2,3,5)(4,6,7)]","T_gens":"[(1,5,3,2,4,6,7), (2,7,6)(3,4,5)]","U_gens":"[(3,4)(5,6), (1,3,7,4)(2,5), (3,7)(5,6)]","semantics":"exact"}
{"type":"config","target":"AlternatingGroup(7)","p":3,"shape":[21,21,72],"shape_sd":["C7 : C3","C7 : C3","(C3 x A4) : C2"],"sigma":10584,"k":2,"ncolls":11,"blocked":[true,true,true],"S_gens":"[(1,7,4,2,6,5,3), (2,3,5)(4,6,7)]","T_gens":"[(1,6,4,2,3,5,7), (2,7,5)(3,6,4)]","U_gens":"[(3,7)(4,6), (1,3,5,7)(2,4), (3,5)(4,6)]","semantics":"exact"}
{"type":"config","target":"AlternatingGroup(7)","p":3,"shape":[21,21,72],"shape_sd":["C7 : C3","C7 : C3","(C3 x A4) : C2"],"sigma":10584,"k":2,"ncolls":11,"blocked":[true,true,true],"S_gens":"[(1,7,4,2,6,5,3), (2,3,5)(4,6,7)]","T_gens":"[(1,6,4,2,3,5,7), (2,7,5)(3,6,4)]","U_gens":"[(3,7)(4,6), (1,3,5,7)(2,4), (3,5)(4,6)]","semantics":"exact"}
{"type":"config","target":"AlternatingGroup(7)","p":3,"shape":[21,21,72],"shape_sd":["C7 : C3","C7 : C3","(C3 x A4) : C2"],"sigma":10584,"k":2,"ncolls":11,"blocked":[true,true,true],"S_gens":"[(1,7,4,2,6,5,3), (2,3,5)(4,6,7)]","T_gens":"[(1,6,5,2,4,3,7), (2,7,3)(4,6,5)]","U_gens":"[(3,5)(4,6), (1,3)(2,4,7,6), (3,5)(4,7)]","semantics":"exact"}
{"type":"config","target":"AlternatingGroup(7)","p":3,"shape":[21,21,72],"shape_sd":["C7 : C3","C7 : C3","(C3 x A4) : C2"],"sigma":10584,"k":2,"ncolls":11,"blocked":[true,true,true],"S_gens":"[(1,7,4,2,6,5,3), (2,3,5)(4,6,7)]","T_gens":"[(1,6,5,2,4,3,7), (2,7,3)(4,6,5)]","U_gens":"[(3,5)(4,6), (1,3)(2,4,7,6), (3,5)(4,7)]","semantics":"exact"}
{"type":"config","target":"AlternatingGroup(7)","p":3,"shape":[21,21,72],"shape_sd":["C7 : C3","C7 : C3","(C3 x A4) : C2"],"sigma":10584,"k":2,"ncolls":11,"blocked":[true,true,true],"S_gens":"[(1,7,4,2,6,5,3), (2,3,5)(4,6,7)]","T_gens":"[(1,4,5,2,3,6,7), (2,7,6)(3,4,5)]","U_gens":"[(3,5)(6,7), (1,6)(2,3,4,5), (3,4)(6,7)]","semantics":"exact"}
{"type":"config","target":"AlternatingGroup(7)","p":3,"shape":[21,21,72],"shape_sd":["C7 : C3","C7 : C3","(C3 x A4) : C2"],"sigma":10584,"k":2,"ncolls":11,"blocked":[true,true,true],"S_gens":"[(1,7,4,2,6,5,3), (2,3,5)(4,6,7)]","T_gens":"[(1,4,5,2,3,6,7), (2,7,6)(3,4,5)]","U_gens":"[(3,5)(6,7), (1,6)(2,3,4,5), (3,4)(6,7)]","semantics":"exact"}
{"type":"config","target":"AlternatingGroup(7)","p":3,"shape":[21,21,72],"shape_sd":["C7 : C3","C7 : C3","(C3 x A4) : C2"],"sigma":10584,"k":2,"ncolls":8,"blocked":[true,true,true],"S_gens":"[(1,7,4,2,6,5,3), (2,3,5)(4,6,7)]","T_gens":"[(1,5,6,2,3,4,7), (2,7,4)(3,5,6)]","U_gens":"[(3,5)(4,6), (1,3)(2,4,7,6), (3,5)(4,7)]","semantics":"exact"}
{"type":"config","target":"AlternatingGroup(7)","p":3,"shape":[21,21,72],"shape_sd":["C7 : C3","C7 : C3","(C3 x A4) : C2"],"sigma":10584,"k":2,"ncolls":8,"blocked":[true,true,true],"S_gens":"[(1,7,4,2,6,5,3), (2,3,5)(4,6,7)]","T_gens":"[(1,5,6,2,3,4,7), (2,7,4)(3,5,6)]","U_gens":"[(3,5)(4,6), (1,3)(2,4,7,6), (3,5)(4,7)]","semantics":"exact"}
{"type":"config","target":"AlternatingGroup(7)","p":3,"shape":[21,21,72],"shape_sd":["C7 : C3","C7 : C3","(C3 x A4) : C2"],"sigma":10584,"k":2,"ncolls":8,"blocked":[true,true,true],"S_gens":"[(1,7,4,2,6,5,3), (2,3,5)(4,6,7)]","T_gens":"[(1,5,6,2,3,4,7), (2,7,4)(3,5,6)]","U_gens":"[(3,4)(5,6), (1,5,7,6)(2,3), (3,4)(5,7)]","semantics":"exact"}
{"type":"config","target":"AlternatingGroup(7)","p":3,"shape":[21,21,72],"shape_sd":["C7 : C3","C7 : C3","(C3 x A4) : C2"],"sigma":10584,"k":2,"ncolls":8,"blocked":[true,true,true],"S_gens":"[(1,7,4,2,6,5,3), (2,3,5)(4,6,7)]","T_gens":"[(1,5,6,2,3,4,7), (2,7,4)(3,5,6)]","U_gens":"[(3,4)(5,6), (1,5,7,6)(2,3), (3,4)(5,7)]","semantics":"exact"}
{"type":"config","target":"AlternatingGroup(7)","p":3,"shape":[21,21,72],"shape_sd":["C7 : C3","C7 : C3","(C3 x A4) : C2"],"sigma":10584,"k":2,"ncolls":8,"blocked":[true,true,true],"S_gens":"[(1,7,4,2,6,5,3), (2,3,5)(4,6,7)]","T_gens":"[(1,3,6,2,4,5,7), (2,7,5)(3,6,4)]","U_gens":"[(2,7)(5,6), (1,2,4,7)(3,5), (2,4)(5,6)]","semantics":"exact"}
{"type":"config","target":"AlternatingGroup(7)","p":3,"shape":[21,21,72],"shape_sd":["C7 : C3","C7 : C3","(C3 x A4) : C2"],"sigma":10584,"k":2,"ncolls":8,"blocked":[true,true,true],"S_gens":"[(1,7,4,2,6,5,3), (2,3,5)(4,6,7)]","T_gens":"[(1,3,6,2,4,5,7), (2,7,5)(3,6,4)]","U_gens":"[(2,7)(5,6), (1,2,4,7)(3,5), (2,4)(5,6)]","semantics":"exact"}
{"type":"config","target":"AlternatingGroup(7)","p":3,"shape":[21,21,72],"shape_sd":["C7 : C3","C7 : C3","(C3 x A4) : C2"],"sigma":10584,"k":2,"ncolls":8,"blocked":[true,true,true],"S_gens":"[(1,7,4,2,6,5,3), (2,3,5)(4,6,7)]","T_gens":"[(1,3,6,2,4,5,7), (2,7,5)(3,6,4)]","U_gens":"[(2,6)(5,7), (1,2,3,6)(4,5), (2,3)(5,7)]","semantics":"exact"}
{"type":"config","target":"AlternatingGroup(7)","p":3,"shape":[21,21,72],"shape_sd":["C7 : C3","C7 : C3","(C3 x A4) : C2"],"sigma":10584,"k":2,"ncolls":8,"blocked":[true,true,true],"S_gens":"[(1,7,4,2,6,5,3), (2,3,5)(4,6,7)]","T_gens":"[(1,3,6,2,4,5,7), (2,7,5)(3,6,4)]","U_gens":"[(2,6)(5,7), (1,2,3,6)(4,5), (2,3)(5,7)]","semantics":"exact"}
{"type":"config","target":"AlternatingGroup(7)","p":3,"shape":[21,21,72],"shape_sd":["C7 : C3","C7 : C3","(C3 x A4) : C2"],"sigma":10584,"k":2,"ncolls":11,"blocked":[true,true,true],"S_gens":"[(1,7,4,2,6,5,3), (2,3,5)(4,6,7)]","T_gens":"[(1,7,2,3,6,5,4), (2,6,7)(3,4,5)]","U_gens":"[(2,5)(4,7), (1,2)(3,4,6,7), (2,5)(4,6)]","semantics":"exact"}
{"type":"config","target":"AlternatingGroup(7)","p":3,"shape":[21,21,72],"shape_sd":["C7 : C3","C7 : C3","(C3 x A4) : C2"],"sigma":10584,"k":2,"ncolls":11,"blocked":[true,true,true],"S_gens":"[(1,7,4,2,6,5,3), (2,3,5)(4,6,7)]","T_gens":"[(1,7,2,3,6,5,4), (2,6,7)(3,4,5)]","U_gens":"[(2,5)(4,7), (1,2)(3,4,6,7), (2,5)(4,6)]","semantics":"exact"}
{"type":"config","target":"AlternatingGroup(7)","p":3,"shape":[21,21,72],"shape_sd":["C7 : C3","C7 : C3","(C3 x A4) : C2"],"sigma":10584,"k":2,"ncolls":11,"blocked":[true,true,true],"S_gens":"[(1,7,4,2,6,5,3), (2,3,5)(4,6,7)]","T_gens":"[(1,6,2,3,5,7,4), (2,5,6)(3,4,7)]","U_gens":"[(3,6)(4,7), (1,4)(2,3,5,6), (3,5)(4,7)]","semantics":"exact"}
{"type":"config","target":"AlternatingGroup(7)","p":3,"shape":[21,21,72],"shape_sd":["C7 : C3","C7 : C3","(C3 x A4) : C2"],"sigma":10584,"k":2,"ncolls":11,"blocked":[true,true,true],"S_gens":"[(1,7,4,2,6,5,3), (2,3,5)(4,6,7)]","T_gens":"[(1,6,2,3,5,7,4), (2,5,6)(3,4,7)]","U_gens":"[(3,6)(4,7), (1,4)(2,3,5,6), (3,5)(4,7)]","semantics":"exact"}
{"type":"config","target":"AlternatingGroup(7)","p":3,"shape":[21,21,72],"shape_sd":["C7 : C3","C7 : C3","(C3 x A4) : C2"],"sigma":10584,"k":2,"ncolls":8,"blocked":[true,true,true],"S_gens":"[(1,7,4,2,6,5,3), (2,3,5)(4,6,7)]","T_gens":"[(1,7,5,3,2,6,4), (2,7,5)(3,4,6)]","U_gens":"[(3,5)(4,6), (1,4)(2,3,7,5), (3,7)(4,6)]","semantics":"exact"}
{"type":"config","target":"AlternatingGroup(7)","p":3,"shape":[21,21,72],"shape_sd":["C7 : C3","C7 : C3","(C3 x A4) : C2"],"sigma":10584,"k":2,"ncolls":8,"blocked":[true,true,true],"S_gens":"[(1,7,4,2,6,5,3), (2,3,5)(4,6,7)]","T_gens":"[(1,7,5,3,2,6,4), (2,7,5)(3,4,6)]","U_gens":"[(3,5)(4,6), (1,4)(2,3,7,5), (3,7)(4,6)]","semantics":"exact"}
{"type":"config","target":"AlternatingGroup(7)","p":3,"shape":[21,21,72],"shape_sd":["C7 : C3","C7 : C3","(C3 x A4) : C2"],"sigma":10584,"k":2,"ncolls":8,"blocked":[true,true,true],"S_gens":"[(1,7,4,2,6,5,3), (2,3,5)(4,6,7)]","T_gens":"[(1,7,5,3,2,6,4), (2,7,5)(3,4,6)]","U_gens":"[(3,5)(4,7), (1,3,6,5)(2,4), (3,6)(4,7)]","semantics":"exact"}
{"type":"config","target":"AlternatingGroup(7)","p":3,"shape":[21,21,72],"shape_sd":["C7 : C3","C7 : C3","(C3 x A4) : C2"],"sigma":10584,"k":2,"ncolls":8,"blocked":[true,true,true],"S_gens":"[(1,7,4,2,6,5,3), (2,3,5)(4,6,7)]","T_gens":"[(1,7,5,3,2,6,4), (2,7,5)(3,4,6)]","U_gens":"[(3,5)(4,7), (1,3,6,5)(2,4), (3,6)(4,7)]","semantics":"exact"}
{"type":"config","target":"AlternatingGroup(7)","p":3,"shape":[21,21,72],"shape_sd":["C7 : C3","C7 : C3","(C3 x A4) : C2"],"sigma":10584,"k":2,"ncolls":11,"blocked":[true,true,true],"S_gens":"[(1,7,4,2,6,5,3), (2,3,5)(4,6,7)]","T_gens":"[(1,2,5,3,6,7,4), (2,5,6)(3,4,7)]","U_gens":"[(3,7)(4,6), (1,4,5,6)(2,3), (3,7)(4,5)]","semantics":"exact"}
{"type":"config","target":"AlternatingGroup(7)","p":3,"shape":[21,21,72],"shape_sd":["C7 : C3","C7 : C3","(C3 x A4) : C2"],"sigma":10584,"k":2,"ncolls":11,"blocked":[true,true,true],"S_gens":"[(1,7,4,2,6,5,3), (2,3,5)(4,6,7)]","T_gens":"[(1,2,5,3,6,7,4), (2,5,6)(3,4,7)]","U_gens":"[(3,7)(4,6), (1,4,5,6)(2,3), (3,7)(4,5)]","semantics":"exact"}
{"type":"config","target":"AlternatingGroup(7)","p":3,"shape":[21,21,72],"shape_sd":["C7 : C3","C7 : C3","(C3 x A4) : C2"],"sigma":10584,"k":2,"ncolls":8,"blocked":[true,true,true],"S_gens":"[(1,7,4,2,6,5,3), (2,3,5)(4,6,7)]","T_gens":"[(1,2,7,3,5,6,4), (2,7,5)(3,4,6)]","U_gens":"[(2,5)(4,7), (1,2)(3,4,6,7), (2,5)(4,6)]","semantics":"exact"}
{"type":"config","target":"AlternatingGroup(7)","p":3,"shape":[21,21,72],"shape_sd":["C7 : C3","C7 : C3","(C3 x A4) : C2"],"sigma":10584,"k":2,"ncolls":8,"blocked":[true,true,true],"S_gens":"[(1,7,4,2,6,5,3), (2,3,5)(4,6,7)]","T_gens":"[(1,2,7,3,5,6,4), (2,7,5)(3,4,6)]","U_gens":"[(2,5)(4,7), (1,2)(3,4,6,7), (2,5)(4,6)]","semantics":"exact"}
{"type":"config","target":"AlternatingGroup(7)","p":3,"shape":[21,21,72],"shape_sd":["C7 : C3","C7 : C3","(C3 x A4) : C2"],"sigma":10584,"k":2,"ncolls":8,"blocked":[true,true,true],"S_gens":"[(1,7,4,2,6,5,3), (2,3,5)(4,6,7)]","T_gens":"[(1,2,7,3,5,6,4), (2,7,5)(3,4,6)]","U_gens":"[(2,7)(5,6), (1,2,4,7)(3,5), (2,4)(5,6)]","semantics":"exact"}
{"type":"config","target":"AlternatingGroup(7)","p":3,"shape":[21,21,72],"shape_sd":["C7 : C3","C7 : C3","(C3 x A4) : C2"],"sigma":10584,"k":2,"ncolls":8,"blocked":[true,true,true],"S_gens":"[(1,7,4,2,6,5,3), (2,3,5)(4,6,7)]","T_gens":"[(1,2,7,3,5,6,4), (2,7,5)(3,4,6)]","U_gens":"[(2,7)(5,6), (1,2,4,7)(3,5), (2,4)(5,6)]","semantics":"exact"}
{"type":"config","target":"AlternatingGroup(7)","p":3,"shape":[21,21,72],"shape_sd":["C7 : C3","C7 : C3","(C3 x A4) : C2"],"sigma":10584,"k":2,"ncolls":11,"blocked":[true,true,true],"S_gens":"[(1,7,4,2,6,5,3), (2,3,5)(4,6,7)]","T_gens":"[(1,6,2,3,7,4,5), (2,7,6)(3,5,4)]","U_gens":"[(2,4)(6,7), (1,2,3,4)(5,6), (2,3)(6,7)]","semantics":"exact"}
{"type":"config","target":"AlternatingGroup(7)","p":3,"shape":[21,21,72],"shape_sd":["C7 : C3","C7 : C3","(C3 x A4) : C2"],"sigma":10584,"k":2,"ncolls":11,"blocked":[true,true,true],"S_gens":"[(1,7,4,2,6,5,3), (2,3,5)(4,6,7)]","T_gens":"[(1,6,2,3,7,4,5), (2,7,6)(3,5,4)]","U_gens":"[(2,4)(6,7), (1,2,3,4)(5,6), (2,3)(6,7)]","semantics":"exact"}
{"type":"config","target":"AlternatingGroup(7)","p":3,"shape":[21,21,72],"shape_sd":["C7 : C3","C7 : C3","(C3 x A4) : C2"],"sigma":10584,"k":2,"ncolls":8,"blocked":[true,true,true],"S_gens":"[(1,7,4,2,6,5,3), (2,3,5)(4,6,7)]","T_gens":"[(1,7,2,3,4,6,5), (2,4,7)(3,5,6)]","U_gens":"[(3,4)(5,6), (1,5,7,6)(2,3), (3,4)(5,7)]","semantics":"exact"}
{"type":"config","target":"AlternatingGroup(7)","p":3,"shape":[21,21,72],"shape_sd":["C7 : C3","C7 : C3","(C3 x A4) : C2"],"sigma":10584,"k":2,"ncolls":8,"blocked":[true,true,true],"S_gens":"[(1,7,4,2,6,5,3), (2,3,5)(4,6,7)]","T_gens":"[(1,7,2,3,4,6,5), (2,4,7)(3,5,6)]","U_gens":"[(3,4)(5,6), (1,5,7,6)(2,3), (3,4)(5,7)]","semantics":"exact"}
{"type":"config","target":"AlternatingGroup(7)","p":3,"shape":[21,21,72],"shape_sd":["C7 : C3","C7 : C3","(C3 x A4) : C2"],"sigma":10584,"k":2,"ncolls":8,"blocked":[true,true,true],"S_gens":"[(1,7,4,2,6,5,3), (2,3,5)(4,6,7)]","T_gens":"[(1,7,2,3,4,6,5), (2,4,7)(3,5,6)]","U_gens":"[(2,5)(6,7), (1,2,4,5)(3,6), (2,4)(6,7)]","semantics":"exact"}
{"type":"config","target":"AlternatingGroup(7)","p":3,"shape":[21,21,72],"shape_sd":["C7 : C3","C7 : C3","(C3 x A4) : C2"],"sigma":10584,"k":2,"ncolls":8,"blocked":[true,true,true],"S_gens":"[(1,7,4,2,6,5,3), (2,3,5)(4,6,7)]","T_gens":"[(1,7,2,3,4,6,5), (2,4,7)(3,5,6)]","U_gens":"[(2,5)(6,7), (1,2,4,5)(3,6), (2,4)(6,7)]","semantics":"exact"}
{"type":"config","target":"AlternatingGroup(7)","p":3,"shape":[21,21,72],"shape_sd":["C7 : C3","C7 : C3","(C3 x A4) : C2"],"sigma":10584,"k":2,"ncolls":11,"blocked":[true,true,true],"S_gens":"[(1,7,4,2,6,5,3), (2,3,5)(4,6,7)]","T_gens":"[(1,2,4,3,7,6,5), (2,4,7)(3,5,6)]","U_gens":"[(2,6)(5,7), (1,2,3,6)(4,5), (2,3)(5,7)]","semantics":"exact"}
{"type":"config","target":"AlternatingGroup(7)","p":3,"shape":[21,21,72],"shape_sd":["C7 : C3","C7 : C3","(C3 x A4) : C2"],"sigma":10584,"k":2,"ncolls":11,"blocked":[true,true,true],"S_gens":"[(1,7,4,2,6,5,3), (2,3,5)(4,6,7)]","T_gens":"[(1,2,4,3,7,6,5), (2,4,7)(3,5,6)]","U_gens":"[(2,6)(5,7), (1,2,3,6)(4,5), (2,3)(5,7)]","semantics":"exact"}
{"type":"config","target":"AlternatingGroup(7)","p":3,"shape":[21,21,72],"shape_sd":["C7 : C3","C7 : C3","(C3 x A4) : C2"],"sigma":10584,"k":2,"ncolls":11,"blocked":[true,true,true],"S_gens":"[(1,7,4,2,6,5,3), (2,3,5)(4,6,7)]","T_gens":"[(1,7,6,3,2,4,5), (2,7,6)(3,5,4)]","U_gens":"[(2,6)(4,5), (1,2)(3,4,7,5), (2,6)(4,7)]","semantics":"exact"}
{"type":"config","target":"AlternatingGroup(7)","p":3,"shape":[21,21,72],"shape_sd":["C7 : C3","C7 : C3","(C3 x A4) : C2"],"sigma":10584,"k":2,"ncolls":11,"blocked":[true,true,true],"S_gens":"[(1,7,4,2,6,5,3), (2,3,5)(4,6,7)]","T_gens":"[(1,7,6,3,2,4,5), (2,7,6)(3,5,4)]","U_gens":"[(2,6)(4,5), (1,2)(3,4,7,5), (2,6)(4,7)]","semantics":"exact"}
{"type":"config","target":"AlternatingGroup(7)","p":3,"shape":[21,21,72],"shape_sd":["C7 : C3","C7 : C3","(C3 x A4) : C2"],"sigma":10584,"k":2,"ncolls":11,"blocked":[true,true,true],"S_gens":"[(1,7,4,2,6,5,3), (2,3,5)(4,6,7)]","T_gens":"[(1,2,6,3,4,7,5), (2,6,4)(3,5,7)]","U_gens":"[(3,5)(6,7), (1,6)(2,3,4,5), (3,4)(6,7)]","semantics":"exact"}
{"type":"config","target":"AlternatingGroup(7)","p":3,"shape":[21,21,72],"shape_sd":["C7 : C3","C7 : C3","(C3 x A4) : C2"],"sigma":10584,"k":2,"ncolls":11,"blocked":[true,true,true],"S_gens":"[(1,7,4,2,6,5,3), (2,3,5)(4,6,7)]","T_gens":"[(1,2,6,3,4,7,5), (2,6,4)(3,5,7)]","U_gens":"[(3,5)(6,7), (1,6)(2,3,4,5), (3,4)(6,7)]","semantics":"exact"}
{"type":"config","target":"AlternatingGroup(7)","p":3,"shape":[21,21,72],"shape_sd":["C7 : C3","C7 : C3","(C3 x A4) : C2"],"sigma":10584,"k":2,"ncolls":11,"blocked":[true,true,true],"S_gens":"[(1,7,4,2,6,5,3), (2,3,5)(4,6,7)]","T_gens":"[(1,7,2,3,5,4,6), (2,5,7)(3,6,4)]","U_gens":"[(2,4)(6,7), (1,2,3,4)(5,6), (2,3)(6,7)]","semantics":"exact"}
{"type":"config","target":"AlternatingGroup(7)","p":3,"shape":[21,21,72],"shape_sd":["C7 : C3","C7 : C3","(C3 x A4) : C2"],"sigma":10584,"k":2,"ncolls":11,"blocked":[true,true,true],"S_gens":"[(1,7,4,2,6,5,3), (2,3,5)(4,6,7)]","T_gens":"[(1,7,2,3,5,4,6), (2,5,7)(3,6,4)]","U_gens":"[(2,4)(6,7), (1,2,3,4)(5,6), (2,3)(6,7)]","semantics":"exact"}
{"type":"config","target":"AlternatingGroup(7)","p":3,"shape":[21,21,72],"shape_sd":["C7 : C3","C7 : C3","(C3 x A4) : C2"],"sigma":10584,"k":2,"ncolls":11,"blocked":[true,true,true],"S_gens":"[(1,7,4,2,6,5,3), (2,3,5)(4,6,7)]","T_gens":"[(1,4,2,3,7,5,6), (2,7,4)(3,6,5)]","U_gens":"[(2,7)(4,5), (1,2,6,7)(3,4), (2,6)(4,5)]","semantics":"exact"}
{"type":"config","target":"AlternatingGroup(7)","p":3,"shape":[21,21,72],"shape_sd":["C7 : C3","C7 : C3","(C3 x A4) : C2"],"sigma":10584,"k":2,"ncolls":11,"blocked":[true,true,true],"S_gens":"[(1,7,4,2,6,5,3), (2,3,5)(4,6,7)]","T_gens":"[(1,4,2,3,7,5,6), (2,7,4)(3,6,5)]","U_gens":"[(2,7)(4,5), (1,2,6,7)(3,4), (2,6)(4,5)]","semantics":"exact"}
{"type":"config","target":"AlternatingGroup(7)","p":3,"shape":[21,21,72],"shape_sd":["C7 : C3","C7 : C3","(C3 x A4) : C2"],"sigma":10584,"k":2,"ncolls":8,"blocked":[true,true,true],"S_gens":"[(1,7,4,2,6,5,3), (2,3,5)(4,6,7)]","T_gens":"[(1,5,2,3,4,7,6), (2,4,5)(3,6,7)]","U_gens":"[(2,5)(4,7), (1,2)(3,4,6,7), (2,5)(4,6)]","semantics":"exact"}
{"type":"config","target":"AlternatingGroup(7)","p":3,"shape":[21,21,72],"shape_sd":["C7 : C3","C7 : C3","(C3 x A4) : C2"],"sigma":10584,"k":2,"ncolls":8,"blocked":[true,true,true],"S_gens":"[(1,7,4,2,6,5,3), (2,3,5)(4,6,7)]","T_gens":"[(1,5,2,3,4,7,6), (2,4,5)(3,6,7)]","U_gens":"[(2,5)(4,7), (1,2)(3,4,6,7), (2,5)(4,6)]","semantics":"exact"}
{"type":"config","target":"AlternatingGroup(7)","p":3,"shape":[21,21,72],"shape_sd":["C7 : C3","C7 : C3","(C3 x A4) : C2"],"sigma":10584,"k":2,"ncolls":8,"blocked":[true,true,true],"S_gens":"[(1,7,4,2,6,5,3), (2,3,5)(4,6,7)]","T_gens":"[(1,5,2,3,4,7,6), (2,4,5)(3,6,7)]","U_gens":"[(2,6)(5,7), (1,2,3,6)(4,5), (2,3)(5,7)]","semantics":"exact"}
{"type":"config","target":"AlternatingGroup(7)","p":3,"shape":[21,21,72],"shape_sd":["C7 : C3","C7 : C3","(C3 x A4) : C2"],"sigma":10584,"k":2,"ncolls":8,"blocked":[true,true,true],"S_gens":"[(1,7,4,2,6,5,3), (2,3,5)(4,6,7)]","T_gens":"[(1,5,2,3,4,7,6), (2,4,5)(3,6,7)]","U_gens":"[(2,6)(5,7), (1,2,3,6)(4,5), (2,3)(5,7)]","semantics":"exact"}
{"type":"config","target":"AlternatingGroup(7)","p":3,"shape":[21,21,72],"shape_sd":["C7 : C3","C7 : C3","(C3 x A4) : C2"],"sigma":10584,"k":2,"ncolls":8,"blocked":[true,true,true],"S_gens":"[(1,7,4,2,6,5,3), (2,3,5)(4,6,7)]","T_gens":"[(1,2,5,3,7,4,6), (2,5,7)(3,6,4)]","U_gens":"[(2,6)(4,5), (1,2)(3,4,7,5), (2,6)(4,7)]","semantics":"exact"}
{"type":"config","target":"AlternatingGroup(7)","p":3,"shape":[21,21,72],"shape_sd":["C7 : C3","C7 : C3","(C3 x A4) : C2"],"sigma":10584,"k":2,"ncolls":8,"blocked":[true,true,true],"S_gens":"[(1,7,4,2,6,5,3), (2,3,5)(4,6,7)]","T_gens":"[(1,2,5,3,7,4,6), (2,5,7)(3,6,4)]","U_gens":"[(2,6)(4,5), (1,2)(3,4,7,5), (2,6)(4,7)]","semantics":"exact"}
{"type":"config","target":"AlternatingGroup(7)","p":3,"shape":[21,21,72],"shape_sd":["C7 : C3","C7 : C3","(C3 x A4) : C2"],"sigma":10584,"k":2,"ncolls":8,"blocked":[true,true,true],"S_gens":"[(1,7,4,2,6,5,3), (2,3,5)(4,6,7)]","T_gens":"[(1,2,5,3,7,4,6), (2,5,7)(3,6,4)]","U_gens":"[(3,7)(4,5), (1,4)(2,3,6,7), (3,6)(4,5)]","semantics":"exact"}
{"type":"config","target":"AlternatingGroup(7)","p":3,"shape":[21,21,72],"shape_sd":["C7 : C3","C7 : C3","(C3 x A4) : C2"],"sigma":10584,"k":2,"ncolls":8,"blocked":[true,true,true],"S_gens":"[(1,7,4,2,6,5,3), (2,3,5)(4,6,7)]","T_gens":"[(1,2,5,3,7,4,6), (2,5,7)(3,6,4)]","U_gens":"[(3,7)(4,5), (1,4)(2,3,6,7), (3,6)(4,5)]","semantics":"exact"}
{"type":"config","target":"AlternatingGroup(7)","p":3,"shape":[21,21,72],"shape_sd":["C7 : C3","C7 : C3","(C3 x A4) : C2"],"sigma":10584,"k":2,"ncolls":11,"blocked":[true,true,true],"S_gens":"[(1,7,4,2,6,5,3), (2,3,5)(4,6,7)]","T_gens":"[(1,5,7,3,2,4,6), (2,5,7)(3,6,4)]","U_gens":"[(3,4)(5,6), (1,5,7,6)(2,3), (3,4)(5,7)]","semantics":"exact"}
{"type":"config","target":"AlternatingGroup(7)","p":3,"shape":[21,21,72],"shape_sd":["C7 : C3","C7 : C3","(C3 x A4) : C2"],"sigma":10584,"k":2,"ncolls":11,"blocked":[true,true,true],"S_gens":"[(1,7,4,2,6,5,3), (2,3,5)(4,6,7)]","T_gens":"[(1,5,7,3,2,4,6), (2,5,7)(3,6,4)]","U_gens":"[(3,4)(5,6), (1,5,7,6)(2,3), (3,4)(5,7)]","semantics":"exact"}
{"type":"config","target":"AlternatingGroup(7)","p":3,"shape":[21,21,72],"shape_sd":["C7 : C3","C7 : C3","(C3 x A4) : C2"],"sigma":10584,"k":2,"ncolls":8,"blocked":[true,true,true],"S_gens":"[(1,7,4,2,6,5,3), (2,3,5)(4,6,7)]","T_gens":"[(1,2,7,3,4,5,6), (2,7,4)(3,6,5)]","U_gens":"[(3,7)(4,6), (1,4,5,6)(2,3), (3,7)(4,5)]","semantics":"exact"}
{"type":"config","target":"AlternatingGroup(7)","p":3,"shape":[21,21,72],"shape_sd":["C7 : C3","C7 : C3","(C3 x A4) : C2"],"sigma":10584,"k":2,"ncolls":8,"blocked":[true,true,true],"S_gens":"[(1,7,4,2,6,5,3), (2,3,5)(4,6,7)]","T_gens":"[(1,2,7,3,4,5,6), (2,7,4)(3,6,5)]","U_gens":"[(3,7)(4,6), (1,4,5,6)(2,3), (3,7)(4,5)]","semantics":"exact"}
{"type":"config","target":"AlternatingGroup(7)","p":3,"shape":[21,21,72],"shape_sd":["C7 : C3","C7 : C3","(C3 x A4) : C2"],"sigma":10584,"k":2,"ncolls":8,"blocked":[true,true,true],"S_gens":"[(1,7,4,2,6,5,3), (2,3,5)(4,6,7)]","T_gens":"[(1,2,7,3,4,5,6), (2,7,4)(3,6,5)]","U_gens":"[(2,4)(6,7), (1,2,3,4)(5,6), (2,3)(6,7)]","semantics":"exact"}
{"type":"config","target":"AlternatingGroup(7)","p":3,"shape":[21,21,72],"shape_sd":["C7 : C3","C7 : C3","(C3 x A4) : C2"],"sigma":10584,"k":2,"ncolls":8,"blocked":[true,true,true],"S_gens":"[(1,7,4,2,6,5,3), (2,3,5)(4,6,7)]","T_gens":"[(1,2,7,3,4,5,6), (2,7,4)(3,6,5)]","U_gens":"[(2,4)(6,7), (1,2,3,4)(5,6), (2,3)(6,7)]","semantics":"exact"}
{"type":"config","target":"AlternatingGroup(7)","p":3,"shape":[21,21,72],"shape_sd":["C7 : C3","C7 : C3","(C3 x A4) : C2"],"sigma":10584,"k":2,"ncolls":8,"blocked":[true,true,true],"S_gens":"[(1,7,4,2,6,5,3), (2,3,5)(4,6,7)]","T_gens":"[(1,5,2,3,6,4,7), (2,6,5)(3,7,4)]","U_gens":"[(3,6)(4,7), (1,4)(2,3,5,6), (3,5)(4,7)]","semantics":"exact"}
{"type":"config","target":"AlternatingGroup(7)","p":3,"shape":[21,21,72],"shape_sd":["C7 : C3","C7 : C3","(C3 x A4) : C2"],"sigma":10584,"k":2,"ncolls":8,"blocked":[true,true,true],"S_gens":"[(1,7,4,2,6,5,3), (2,3,5)(4,6,7)]","T_gens":"[(1,5,2,3,6,4,7), (2,6,5)(3,7,4)]","U_gens":"[(3,6)(4,7), (1,4)(2,3,5,6), (3,5)(4,7)]","semantics":"exact"}
{"type":"config","target":"AlternatingGroup(7)","p":3,"shape":[21,21,72],"shape_sd":["C7 : C3","C7 : C3","(C3 x A4) : C2"],"sigma":10584,"k":2,"ncolls":8,"blocked":[true,true,true],"S_gens":"[(1,7,4,2,6,5,3), (2,3,5)(4,6,7)]","T_gens":"[(1,5,2,3,6,4,7), (2,6,5)(3,7,4)]","U_gens":"[(3,7)(4,6), (1,4,5,6)(2,3), (3,7)(4,5)]","semantics":"exact"}
{"type":"config","target":"AlternatingGroup(7)","p":3,"shape":[21,21,72],"shape_sd":["C7 : C3","C7 : C3","(C3 x A4) : C2"],"sigma":10584,"k":2,"ncolls":8,"blocked":[true,true,true],"S_gens":"[(1,7,4,2,6,5,3), (2,3,5)(4,6,7)]","T_gens":"[(1,5,2,3,6,4,7), (2,6,5)(3,7,4)]","U_gens":"[(3,7)(4,6), (1,4,5,6)(2,3), (3,7)(4,5)]","semantics":"exact"}
{"type":"config","target":"AlternatingGroup(7)","p":3,"shape":[21,21,72],"shape_sd":["C7 : C3","C7 : C3","(C3 x A4) : C2"],"sigma":10584,"k":2,"ncolls":11,"blocked":[true,true,true],"S_gens":"[(1,7,4,2,6,5,3), (2,3,5)(4,6,7)]","T_gens":"[(1,2,4,3,6,5,7), (2,4,6)(3,7,5)]","U_gens":"[(2,7)(5,6), (1,2,4,7)(3,5), (2,4)(5,6)]","semantics":"exact"}
{"type":"config","target":"AlternatingGroup(7)","p":3,"shape":[21,21,72],"shape_sd":["C7 : C3","C7 : C3","(C3 x A4) : C2"],"sigma":10584,"k":2,"ncolls":11,"blocked":[true,true,true],"S_gens":"[(1,7,4,2,6,5,3), (2,3,5)(4,6,7)]","T_gens":"[(1,2,4,3,6,5,7), (2,4,6)(3,7,5)]","U_gens":"[(2,7)(5,6), (1,2,4,7)(3,5), (2,4)(5,6)]","semantics":"exact"}
{"type":"config","target":"AlternatingGroup(7)","p":3,"shape":[21,21,72],"shape_sd":["C7 : C3","C7 : C3","(C3 x A4) : C2"],"sigma":10584,"k":2,"ncolls":11,"blocked":[true,true,true],"S_gens":"[(1,7,4,2,6,5,3), (2,3,5)(4,6,7)]","T_gens":"[(1,5,4,3,2,6,7), (2,5,4)(3,7,6)]","U_gens":"[(2,5)(4,7), (1,2)(3,4,6,7), (2,5)(4,6)]","semantics":"exact"}
{"type":"config","target":"AlternatingGroup(7)","p":3,"shape":[21,21,72],"shape_sd":["C7 : C3","C7 : C3","(C3 x A4) : C2"],"sigma":10584,"k":2,"ncolls":11,"blocked":[true,true,true],"S_gens":"[(1,7,4,2,6,5,3), (2,3,5)(4,6,7)]","T_gens":"[(1,5,4,3,2,6,7), (2,5,4)(3,7,6)]","U_gens":"[(2,5)(4,7), (1,2)(3,4,6,7), (2,5)(4,6)]","semantics":"exact"}
{"type":"config","target":"AlternatingGroup(7)","p":3,"shape":[21,21,72],"shape_sd":["C7 : C3","C7 : C3","(C3 x A4) : C2"],"sigma":10584,"k":2,"ncolls":11,"blocked":[true,true,true],"S_gens":"[(1,7,4,2,6,5,3), (2,3,5)(4,6,7)]","T_gens":"[(1,2,5,3,4,6,7), (2,5,4)(3,7,6)]","U_gens":"[(2,6)(5,7), (1,2,3,6)(4,5), (2,3)(5,7)]","semantics":"exact"}
{"type":"config","target":"AlternatingGroup(7)","p":3,"shape":[21,21,72],"shape_sd":["C7 : C3","C7 : C3","(C3 x A4) : C2"],"sigma":10584,"k":2,"ncolls":11,"blocked":[true,true,true],"S_gens":"[(1,7,4,2,6,5,3), (2,3,5)(4,6,7)]","T_gens":"[(1,2,5,3,4,6,7), (2,5,4)(3,7,6)]","U_gens":"[(2,6)(5,7), (1,2,3,6)(4,5), (2,3)(5,7)]","semantics":"exact"}
{"type":"config","target":"AlternatingGroup(7)","p":3,"shape":[21,21,72],"shape_sd":["C7 : C3","C7 : C3","(C3 x A4) : C2"],"sigma":10584,"k":2,"ncolls":11,"blocked":[true,true,true],"S_gens":"[(1,7,4,2,6,5,3), (2,3,5)(4,6,7)]","T_gens":"[(1,4,6,3,2,5,7), (2,4,6)(3,7,5)]","U_gens":"[(3,7)(4,5), (1,3)(2,4,6,5), (3,7)(4,6)]","semantics":"exact"}
{"type":"config","target":"AlternatingGroup(7)","p":3,"shape":[21,21,72],"shape_sd":["C7 : C3","C7 : C3","(C3 x A4) : C2"],"sigma":10584,"k":2,"ncolls":11,"blocked":[true,true,true],"S_gens":"[(1,7,4,2,6,5,3), (2,3,5)(4,6,7)]","T_gens":"[(1,4,6,3,2,5,7), (2,4,6)(3,7,5)]","U_gens":"[(3,7)(4,5), (1,3)(2,4,6,5), (3,7)(4,6)]","semantics":"exact"}
{"type":"config","target":"AlternatingGroup(7)","p":3,"shape":[21,21,72],"shape_sd":["C7 : C3","C7 : C3","(C3 x A4) : C2"],"sigma":10584,"k":2,"ncolls":8,"blocked":[true,true,true],"S_gens":"[(1,7,4,2,6,5,3), (2,3,5)(4,6,7)]","T_gens":"[(1,6,2,4,3,7,5), (2,3,6)(4,5,7)]","U_gens":"[(2,3)(5,7), (1,2)(4,5,6,7), (2,3)(5,6)]","semantics":"exact"}
{"type":"config","target":"AlternatingGroup(7)","p":3,"shape":[21,21,72],"shape_sd":["C7 : C3","C7 : C3","(C3 x A4) : C2"],"sigma":10584,"k":2,"ncolls":8,"blocked":[true,true,true],"S_gens":"[(1,7,4,2,6,5,3), (2,3,5)(4,6,7)]","T_gens":"[(1,6,2,4,3,7,5), (2,3,6)(4,5,7)]","U_gens":"[(2,3)(5,7), (1,2)(4,5,6,7), (2,3)(5,6)]","semantics":"exact"}
{"type":"config","target":"AlternatingGroup(7)","p":3,"shape":[21,21,72],"shape_sd":["C7 : C3","C7 : C3","(C3 x A4) : C2"],"sigma":10584,"k":2,"ncolls":8,"blocked":[true,true,true],"S_gens":"[(1,7,4,2,6,5,3), (2,3,5)(4,6,7)]","T_gens":"[(1,6,2,4,3,7,5), (2,3,6)(4,5,7)]","U_gens":"[(3,7)(4,6), (1,3,5,7)(2,4), (3,5)(4,6)]","semantics":"exact"}
{"type":"config","target":"AlternatingGroup(7)","p":3,"shape":[21,21,72],"shape_sd":["C7 : C3","C7 : C3","(C3 x A4) : C2"],"sigma":10584,"k":2,"ncolls":8,"blocked":[true,true,true],"S_gens":"[(1,7,4,2,6,5,3), (2,3,5)(4,6,7)]","T_gens":"[(1,6,2,4,3,7,5), (2,3,6)(4,5,7)]","U_gens":"[(3,7)(4,6), (1,3,5,7)(2,4), (3,5)(4,6)]","semantics":"exact"}
{"type":"config","target":"AlternatingGroup(7)","p":3,"shape":[21,21,72],"shape_sd":["C7 : C3","C7 : C3","(C3 x A4) : C2"],"sigma":10584,"k":2,"ncolls":11,"blocked":[true,true,true],"S_gens":"[(1,7,4,2,6,5,3), (2,3,5)(4,6,7)]","T_gens":"[(1,7,3,4,2,6,5), (2,7,3)(4,5,6)]","U_gens":"[(2,7)(4,5), (1,2,6,7)(3,4), (2,6)(4,5)]","semantics":"exact"}
{"type":"config","target":"AlternatingGroup(7)","p":3,"shape":[21,21,72],"shape_sd":["C7 : C3","C7 : C3","(C3 x A4) : C2"],"sigma":10584,"k":2,"ncolls":11,"blocked":[true,true,true],"S_gens":"[(1,7,4,2,6,5,3), (2,3,5)(4,6,7)]","T_gens":"[(1,7,3,4,2,6,5), (2,7,3)(4,5,6)]","U_gens":"[(2,7)(4,5), (1,2,6,7)(3,4), (2,6)(4,5)]","semantics":"exact"}
{"type":"config","target":"AlternatingGroup(7)","p":3,"shape":[21,21,72],"shape_sd":["C7 : C3","C7 : C3","(C3 x A4) : C2"],"sigma":10584,"k":2,"ncolls":11,"blocked":[true,true,true],"S_gens":"[(1,7,4,2,6,5,3), (2,3,5)(4,6,7)]","T_gens":"[(1,2,7,4,3,6,5), (2,7,3)(4,5,6)]","U_gens":"[(3,5)(4,6), (1,4)(2,3,7,5), (3,7)(4,6)]","semantics":"exact"}
{"type":"config","target":"AlternatingGroup(7)","p":3,"shape":[21,21,72],"shape_sd":["C7 : C3","C7 : C3","(C3 x A4) : C2"],"sigma":10584,"k":2,"ncolls":11,"blocked":[true,true,true],"S_gens":"[(1,7,4,2,6,5,3), (2,3,5)(4,6,7)]","T_gens":"[(1,2,7,4,3,6,5), (2,7,3)(4,5,6)]","U_gens":"[(3,5)(4,6), (1,4)(2,3,7,5), (3,7)(4,6)]","semantics":"exact"}
{"type":"config","target":"AlternatingGroup(7)","p":3,"shape":[21,21,72],"shape_sd":["C7 : C3","C7 : C3","(C3 x A4) : C2"],"sigma":10584,"k":2,"ncolls":8,"blocked":[true,true,true],"S_gens":"[(1,7,4,2,6,5,3), (2,3,5)(4,6,7)]","T_gens":"[(1,3,7,4,2,5,6), (2,3,7)(4,6,5)]","U_gens":"[(3,5)(4,6), (1,4)(2,3,7,5), (3,7)(4,6)]","semantics":"exact"}
{"type":"config","target":"AlternatingGroup(7)","p":3,"shape":[21,21,72],"shape_sd":["C7 : C3","C7 : C3","(C3 x A4) : C2"],"sigma":10584,"k":2,"ncolls":8,"blocked":[true,true,true],"S_gens":"[(1,7,4,2,6,5,3), (2,3,5)(4,6,7)]","T_gens":"[(1,3,7,4,2,5,6), (2,3,7)(4,6,5)]","U_gens":"[(3,5)(4,6), (1,4)(2,3,7,5), (3,7)(4,6)]","semantics":"exact"}
{"type":"config","target":"AlternatingGroup(7)","p":3,"shape":[21,21,72],"shape_sd":["C7 : C3","C7 : C3","(C3 x A4) : C2"],"sigma":10584,"k":2,"ncolls":8,"blocked":[true,true,true],"S_gens":"[(1,7,4,2,6,5,3), (2,3,5)(4,6,7)]","T_gens":"[(1,3,7,4,2,5,6), (2,3,7)(4,6,5)]","U_gens":"[(2,7)(4,5), (1,2,6,7)(3,4), (2,6)(4,5)]","semantics":"exact"}
{"type":"config","target":"AlternatingGroup(7)","p":3,"shape":[21,21,72],"shape_sd":["C7 : C3","C7 : C3","(C3 x A4) : C2"],"sigma":10584,"k":2,"ncolls":8,"blocked":[true,true,true],"S_gens":"[(1,7,4,2,6,5,3), (2,3,5)(4,6,7)]","T_gens":"[(1,3,7,4,2,5,6), (2,3,7)(4,6,5)]","U_gens":"[(2,7)(4,5), (1,2,6,7)(3,4), (2,6)(4,5)]","semantics":"exact"}
{"type":"config","target":"AlternatingGroup(7)","p":3,"shape":[21,21,72],"shape_sd":["C7 : C3","C7 : C3","(C3 x A4) : C2"],"sigma":10584,"k":2,"ncolls":11,"blocked":[true,true,true],"S_gens":"[(1,7,4,2,6,5,3), (2,3,5)(4,6,7)]","T_gens":"[(1,6,3,4,2,5,7), (2,6,3)(4,7,5)]","U_gens":"[(2,3)(5,7), (1,2)(4,5,6,7), (2,3)(5,6)]","semantics":"exact"}
{"type":"config","target":"AlternatingGroup(7)","p":3,"shape":[21,21,72],"shape_sd":["C7 : C3","C7 : C3","(C3 x A4) : C2"],"sigma":10584,"k":2,"ncolls":11,"blocked":[true,true,true],"S_gens":"[(1,7,4,2,6,5,3), (2,3,5)(4,6,7)]","T_gens":"[(1,6,3,4,2,5,7), (2,6,3)(4,7,5)]","U_gens":"[(2,3)(5,7), (1,2)(4,5,6,7), (2,3)(5,6)]","semantics":"exact"}
{"type":"config","target":"AlternatingGroup(7)","p":3,"shape":[21,21,72],"shape_sd":["C7 : C3","C7 : C3","(C3 x A4) : C2"],"sigma":10584,"k":2,"ncolls":11,"blocked":[true,true,true],"S_gens":"[(1,7,4,2,6,5,3), (2,3,5)(4,6,7)]","T_gens":"[(1,2,6,4,3,5,7), (2,6,3)(4,7,5)]","U_gens":"[(3,7)(4,6), (1,3,5,7)(2,4), (3,5)(4,6)]","semantics":"exact"}
{"type":"config","target":"AlternatingGroup(7)","p":3,"shape":[21,21,72],"shape_sd":["C7 : C3","C7 : C3","(C3 x A4) : C2"],"sigma":10584,"k":2,"ncolls":11,"blocked":[true,true,true],"S_gens":"[(1,7,4,2,6,5,3), (2,3,5)(4,6,7)]","T_gens":"[(1,2,6,4,3,5,7), (2,6,3)(4,7,5)]","U_gens":"[(3,7)(4,6), (1,3,5,7)(2,4), (3,5)(4,6)]","semantics":"exact"}
{"type":"config","target":"AlternatingGroup(7)","p":3,"shape":[21,21,72],"shape_sd":["C7 : C3","C7 : C3","(C3 x A4) : C2"],"sigma":10584,"k":2,"ncolls":8,"blocked":[true,true,true],"S_gens":"[(1,7,4,2,6,5,3), (2,3,5)(4,6,7)]","T_gens":"[(1,4,2,5,3,7,6), (2,3,4)(5,6,7)]","U_gens":"[(3,5)(6,7), (1,6)(2,3,4,5), (3,4)(6,7)]","semantics":"exact"}
{"type":"config","target":"AlternatingGroup(7)","p":3,"shape":[21,21,72],"shape_sd":["C7 : C3","C7 : C3","(C3 x A4) : C2"],"sigma":10584,"k":2,"ncolls":8,"blocked":[true,true,true],"S_gens":"[(1,7,4,2,6,5,3), (2,3,5)(4,6,7)]","T_gens":"[(1,4,2,5,3,7,6), (2,3,4)(5,6,7)]","U_gens":"[(3,5)(6,7), (1,6)(2,3,4,5), (3,4)(6,7)]","semantics":"exact"}
{"type":"config","target":"AlternatingGroup(7)","p":3,"shape":[21,21,72],"shape_sd":["C7 : C3","C7 : C3","(C3 x A4) : C2"],"sigma":10584,"k":2,"ncolls":8,"blocked":[true,true,true],"S_gens":"[(1,7,4,2,6,5,3), (2,3,5)(4,6,7)]","T_gens":"[(1,4,2,5,3,7,6), (2,3,4)(5,6,7)]","U_gens":"[(2,5)(4,6), (1,2,7,5)(3,4), (2,7)(4,6)]","semantics":"exact"}
{"type":"config","target":"AlternatingGroup(7)","p":3,"shape":[21,21,72],"shape_sd":["C7 : C3","C7 : C3","(C3 x A4) : C2"],"sigma":10584,"k":2,"ncolls":8,"blocked":[true,true,true],"S_gens":"[(1,7,4,2,6,5,3), (2,3,5)(4,6,7)]","T_gens":"[(1,4,2,5,3,7,6), (2,3,4)(5,6,7)]","U_gens":"[(2,5)(4,6), (1,2,7,5)(3,4), (2,7)(4,6)]","semantics":"exact"}
{"type":"config","target":"AlternatingGroup(7)","p":3,"shape":[21,21,72],"shape_sd":["C7 : C3","C7 : C3","(C3 x A4) : C2"],"sigma":10584,"k":2,"ncolls":8,"blocked":[true,true,true],"S_gens":"[(1,7,4,2,6,5,3), (2,3,5)(4,6,7)]","T_gens":"[(1,3,4,5,2,7,6), (2,3,4)(5,6,7)]","U_gens":"[(2,3)(5,7), (1,2)(4,5,6,7), (2,3)(5,6)]","semantics":"exact"}
{"type":"config","target":"AlternatingGroup(7)","p":3,"shape":[21,21,72],"shape_sd":["C7 : C3","C7 : C3","(C3 x A4) : C2"],"sigma":10584,"k":2,"ncolls":8,"blocked":[true,true,true],"S_gens":"[(1,7,4,2,6,5,3), (2,3,5)(4,6,7)]","T_gens":"[(1,3,4,5,2,7,6), (2,3,4)(5,6,7)]","U_gens":"[(2,3)(5,7), (1,2)(4,5,6,7), (2,3)(5,6)]","semantics":"exact"}
{"type":"config","target":"AlternatingGroup(7)","p":3,"shape":[21,21,72],"shape_sd":["C7 : C3","C7 : C3","(C3 x A4) : C2"],"sigma":10584,"k":2,"ncolls":8,"blocked":[true,true,true],"S_gens":"[(1,7,4,2,6,5,3), (2,3,5)(4,6,7)]","T_gens":"[(1,3,4,5,2,7,6), (2,3,4)(5,6,7)]","U_gens":"[(3,6)(5,7), (1,3,4,6)(2,5), (3,4)(5,7)]","semantics":"exact"}
{"type":"config","target":"AlternatingGroup(7)","p":3,"shape":[21,21,72],"shape_sd":["C7 : C3","C7 : C3","(C3 x A4) : C2"],"sigma":10584,"k":2,"ncolls":8,"blocked":[true,true,true],"S_gens":"[(1,7,4,2,6,5,3), (2,3,5)(4,6,7)]","T_gens":"[(1,3,4,5,2,7,6), (2,3,4)(5,6,7)]","U_gens":"[(3,6)(5,7), (1,3,4,6)(2,5), (3,4)(5,7)]","semantics":"exact"}
{"type":"config","target":"AlternatingGroup(7)","p":3,"shape":[21,21,72],"shape_sd":["C7 : C3","C7 : C3","(C3 x A4) : C2"],"sigma":10584,"k":2,"ncolls":8,"blocked":[true,true,true],"S_gens":"[(1,7,4,2,6,5,3), (2,3,5)(4,6,7)]","T_gens":"[(1,3,2,5,4,6,7), (2,4,3)(5,7,6)]","U_gens":"[(2,6)(4,5), (1,2)(3,4,7,5), (2,6)(4,7)]","semantics":"exact"}
{"type":"config","target":"AlternatingGroup(7)","p":3,"shape":[21,21,72],"shape_sd":["C7 : C3","C7 : C3","(C3 x A4) : C2"],"sigma":10584,"k":2,"ncolls":8,"blocked":[true,true,true],"S_gens":"[(1,7,4,2,6,5,3), (2,3,5)(4,6,7)]","T_gens":"[(1,3,2,5,4,6,7), (2,4,3)(5,7,6)]","U_gens":"[(2,6)(4,5), (1,2)(3,4,7,5), (2,6)(4,7)]","semantics":"exact"}
{"type":"config","target":"AlternatingGroup(7)","p":3,"shape":[21,21,72],"shape_sd":["C7 : C3","C7 : C3","(C3 x A4) : C2"],"sigma":10584,"k":2,"ncolls":8,"blocked":[true,true,true],"S_gens":"[(1,7,4,2,6,5,3), (2,3,5)(4,6,7)]","T_gens":"[(1,3,2,5,4,6,7), (2,4,3)(5,7,6)]","U_gens":"[(3,7)(4,5), (1,3)(2,4,6,5), (3,7)(4,6)]","semantics":"exact"}
{"type":"config","target":"AlternatingGroup(7)","p":3,"shape":[21,21,72],"shape_sd":["C7 : C3","C7 : C3","(C3 x A4) : C2"],"sigma":10584,"k":2,"ncolls":8,"blocked":[true,true,true],"S_gens":"[(1,7,4,2,6,5,3), (2,3,5)(4,6,7)]","T_gens":"[(1,3,2,5,4,6,7), (2,4,3)(5,7,6)]","U_gens":"[(3,7)(4,5), (1,3)(2,4,6,5), (3,7)(4,6)]","semantics":"exact"}
{"type":"config","target":"AlternatingGroup(7)","p":3,"shape":[21,21,72],"shape_sd":["C7 : C3","C7 : C3","(C3 x A4) : C2"],"sigma":10584,"k":2,"ncolls":11,"blocked":[true,true,true],"S_gens":"[(1,7,4,2,6,5,3), (2,3,5)(4,6,7)]","T_gens":"[(1,4,3,5,2,6,7), (2,4,3)(5,7,6)]","U_gens":"[(3,5)(4,7), (1,3,6,5)(2,4), (3,6)(4,7)]","semantics":"exact"}
{"type":"config","target":"AlternatingGroup(7)","p":3,"shape":[21,21,72],"shape_sd":["C7 : C3","C7 : C3","(C3 x A4) : C2"],"sigma":10584,"k":2,"ncolls":11,"blocked":[true,true,true],"S_gens":"[(1,7,4,2,6,5,3), (2,3,5)(4,6,7)]","T_gens":"[(1,4,3,5,2,6,7), (2,4,3)(5,7,6)]","U_gens":"[(3,5)(4,7), (1,3,6,5)(2,4), (3,6)(4,7)]","semantics":"exact"}
{"type":"config","target":"AlternatingGroup(7)","p":3,"shape":[21,21,72],"shape_sd":["C7 : C3","C7 : C3","(C3 x A4) : C2"],"sigma":10584,"k":2,"ncolls":11,"blocked":[true,true,true],"S_gens":"[(1,7,4,2,6,5,3), (2,3,5)(4,6,7)]","T_gens":"[(1,2,4,5,3,6,7), (2,4,3)(5,7,6)]","U_gens":"[(2,7)(5,6), (1,2,4,7)(3,5), (2,4)(5,6)]","semantics":"exact"}
{"type":"config","target":"AlternatingGroup(7)","p":3,"shape":[21,21,72],"shape_sd":["C7 : C3","C7 : C3","(C3 x A4) : C2"],"sigma":10584,"k":2,"ncolls":11,"blocked":[true,true,true],"S_gens":"[(1,7,4,2,6,5,3), (2,3,5)(4,6,7)]","T_gens":"[(1,2,4,5,3,6,7), (2,4,3)(5,7,6)]","U_gens":"[(2,7)(5,6), (1,2,4,7)(3,5), (2,4)(5,6)]","semantics":"exact"}
SHAPE (21,21,72) p=3 k=2 |Sigma|=10584: frames=1008 eligible=168 blocked=168 max_sigma=10584 elapsed=8.3s [9/9 shapes]
{"type":"summary","target":"AlternatingGroup(7)","p":3,"max_sigma_blocked":10584,"max_sigma_eligible":10584,"shapes_checked":9,"shapes_total":9,"frames_checked":3384,"configs_eligible":168,"configs_blocked":168,"semantics":"exact","beta0":10584,"margin":0,"elapsed_seconds":34.76308035850525}

--- p=3 DONE: max_blocked_sigma=10584 max_elig_sigma=10584 eligible=168 blocked=168 margin=0 elapsed=34.8s ---

TOTAL elapsed: 232.3s
