TARGET SymmetricGroup(6) |G|=720 threshold=2400 mode=census primes=[2, 3] raw=False
Building subgroup lattice...
Lattice: 56 classes, 1455 subgroups
FORCED-INTERSECTION cache: 1596 pairs in 9.8s

=== PRIME p=2 ===
Twistable (p=2): [(1, 2, 'C2', 1), (2, 2, 'C2', 1), (3, 2, 'C2', 1), (6, 4, 'C2 x C2', 3), (7, 4, 'C2 x C2', 3), (8, 4, 'C4', 1), (9, 4, 'C2 x C2', 3), (10, 4, 'C4', 1), (11, 4, 'C2 x C2', 3), (12, 4, 'C2 x C2', 3), (14, 6, 'S3', 1), (15, 6, 'S3', 1), (16, 6, 'C6', 1), (17, 6, 'S3', 1), (18, 6, 'S3', 1), (19, 6, 'C6', 1), (20, 8, 'C2 x C2 x C2', 7), (21, 8, 'C2 x C2 x C2', 7), (22, 8, 'D8', 3), (23, 8, 'C4 x C2', 3), (24, 8, 'D8', 3), (25, 8, 'D8', 3), (26, 8, 'D8', 3), (28, 10, 'D10', 1), (31, 12, 'D12', 3), (32, 12, 'D12', 3), (33, 16, 'C2 x D8', 7), (34, 18, '(C3 x C3) : C2', 1), (35, 18, 'C3 x S3', 1), (36, 18, 'C3 x S3', 1), (37, 20, 'C5 : C4', 1), (38, 24, 'C2 x A4', 1), (39, 24, 'C2 x A4', 1), (40, 24, 'S4', 1), (41, 24, 'S4', 1), (42, 24, 'S4', 1), (43, 24, 'S4', 1), (44, 36, 'S3 x S3', 3), (45, 36, 'S3 x S3', 3), (46, 36, '(C3 x C3) : C4', 1), (47, 48, 'C2 x S4', 3), (48, 48, 'C2 x S4', 3), (51, 72, '(S3 x S3) : C2', 3), (52, 120, 'S5', 1), (53, 120, 'S5', 1), (55, 720, 'S6', 1)]
Shapes above threshold: 2489
SHAPE (18,18,36) p=2 k=2 |Sigma|=5832: frames=72 eligible=0 blocked=0 max_sigma=0 elapsed=0.3s [280/2489 shapes]
SHAPE (24,24,20) p=2 k=2 |Sigma|=5760: frames=192 eligible=0 blocked=0 max_sigma=0 elapsed=0.8s [379/2489 shapes]
SHAPE (24,24,18) p=2 k=2 |Sigma|=5184: frames=96 eligible=0 blocked=0 max_sigma=0 elapsed=0.4s [640/2489 shapes]
SHAPE (20,24,20) p=2 k=2 |Sigma|=4800: frames=120 eligible=0 blocked=0 max_sigma=0 elapsed=0.4s [668/2489 shapes]
SHAPE (18,20,24) p=2 k=3 |Sigma|=4320: frames=216 eligible=0 blocked=0 max_sigma=0 elapsed=0.8s [773/2489 shapes]
SHAPE (18,20,24) p=2 k=2 |Sigma|=4320: frames=216 eligible=0 blocked=0 max_sigma=0 elapsed=0.8s [823/2489 shapes]
SHAPE (20,20,20) p=2 k=2 |Sigma|=4000: frames=220 eligible=0 blocked=0 max_sigma=0 elapsed=0.7s [865/2489 shapes]
SHAPE (12,18,36) p=2 k=2 |Sigma|=3888: frames=30 eligible=0 blocked=0 max_sigma=0 elapsed=0.1s [943/2489 shapes]
SHAPE (18,36,12) p=2 k=2 |Sigma|=3888: frames=288 eligible=0 blocked=0 max_sigma=0 elapsed=1.2s [1044/2489 shapes]
SHAPE (16,20,24) p=2 k=3 |Sigma|=3840: frames=96 eligible=0 blocked=0 max_sigma=0 elapsed=0.5s [1083/2489 shapes]
SHAPE (18,20,20) p=2 k=3 |Sigma|=3600: frames=720 eligible=0 blocked=0 max_sigma=0 elapsed=2.5s [1111/2489 shapes]
SHAPE (18,20,20) p=2 k=2 |Sigma|=3600: frames=720 eligible=0 blocked=0 max_sigma=0 elapsed=2.7s [1127/2489 shapes]
SHAPE (12,24,24) p=2 k=2 |Sigma|=3456: frames=30 eligible=0 blocked=0 max_sigma=0 elapsed=0.1s [1222/2489 shapes]
SHAPE (18,24,16) p=2 k=2 |Sigma|=3456: frames=108 eligible=0 blocked=0 max_sigma=0 elapsed=0.4s [1375/2489 shapes]
SHAPE (18,18,20) p=2 k=3 |Sigma|=3240: frames=324 eligible=0 blocked=0 max_sigma=0 elapsed=1.0s [1474/2489 shapes]
SHAPE (18,18,20) p=2 k=2 |Sigma|=3240: frames=648 eligible=0 blocked=0 max_sigma=0 elapsed=2.1s [1506/2489 shapes]
SHAPE (18,20,18) p=2 k=2 |Sigma|=3240: frames=648 eligible=0 blocked=0 max_sigma=0 elapsed=2.0s [1515/2489 shapes]
SHAPE (16,24,16) p=2 k=2 |Sigma|=3072: frames=64 eligible=0 blocked=0 max_sigma=0 elapsed=0.2s [1540/2489 shapes]
SHAPE (18,18,18) p=2 k=2 |Sigma|=2916: frames=288 eligible=0 blocked=0 max_sigma=0 elapsed=0.8s [1563/2489 shapes]
SHAPE (12,20,24) p=2 k=3 |Sigma|=2880: frames=96 eligible=0 blocked=0 max_sigma=0 elapsed=0.4s [1639/2489 shapes]
SHAPE (12,20,24) p=2 k=2 |Sigma|=2880: frames=84 eligible=0 blocked=0 max_sigma=0 elapsed=0.3s [1800/2489 shapes]
SHAPE (16,18,20) p=2 k=2 |Sigma|=2880: frames=128 eligible=0 blocked=0 max_sigma=0 elapsed=0.4s [1828/2489 shapes]
SHAPE (20,24,12) p=2 k=2 |Sigma|=2880: frames=30 eligible=0 blocked=0 max_sigma=0 elapsed=0.1s [1843/2489 shapes]
SHAPE (24,24,10) p=2 k=2 |Sigma|=2880: frames=192 eligible=0 blocked=0 max_sigma=0 elapsed=0.6s [1903/2489 shapes]
SHAPE (8,18,36) p=2 k=3 |Sigma|=2592: frames=44 eligible=0 blocked=0 max_sigma=0 elapsed=0.2s [1962/2489 shapes]
{"type":"config","target":"SymmetricGroup(6)","p":2,"shape":[12,12,36],"shape_sd":["D12","D12","S3 x S3"],"sigma":2592,"k":3,"ncolls":5,"blocked":[true,true,true],"S_gens":"[(2,5), (1,5), (3,4)]","T_gens":"[(2,4), (4,6), (3,5)]","U_gens":"[(1,5,3,2,6,4), (1,5,6,2,3,4), (1,6,3)]","semantics":"exact"}
*** KILL CANDIDATE: |Sigma|=2592 > beta_0=2400 ***
{"type":"config","target":"SymmetricGroup(6)","p":2,"shape":[12,12,36],"shape_sd":["D12","D12","S3 x S3"],"sigma":2592,"k":3,"ncolls":5,"blocked":[true,true,true],"S_gens":"[(2,5), (1,5), (3,4)]","T_gens":"[(2,4), (4,6), (3,5)]","U_gens":"[(1,5,3,2,6,4), (1,5,6,2,3,4), (1,6,3)]","semantics":"exact"}
*** KILL CANDIDATE: |Sigma|=2592 > beta_0=2400 ***
{"type":"config","target":"SymmetricGroup(6)","p":2,"shape":[12,12,36],"shape_sd":["D12","D12","S3 x S3"],"sigma":2592,"k":3,"ncolls":5,"blocked":[true,true,true],"S_gens":"[(2,5), (1,5), (3,4)]","T_gens":"[(2,3), (3,6), (4,5)]","U_gens":"[(1,5,4,2,6,3), (1,5,6,2,4,3), (1,6,4)]","semantics":"exact"}
*** KILL CANDIDATE: |Sigma|=2592 > beta_0=2400 ***
{"type":"config","target":"SymmetricGroup(6)","p":2,"shape":[12,12,36],"shape_sd":["D12","D12","S3 x S3"],"sigma":2592,"k":3,"ncolls":5,"blocked":[true,true,true],"S_gens":"[(2,5), (1,5), (3,4)]","T_gens":"[(2,3), (3,6), (4,5)]","U_gens":"[(1,5,4,2,6,3), (1,5,6,2,4,3), (1,6,4)]","semantics":"exact"}
*** KILL CANDIDATE: |Sigma|=2592 > beta_0=2400 ***
{"type":"config","target":"SymmetricGroup(6)","p":2,"shape":[12,12,36],"shape_sd":["D12","D12","S3 x S3"],"sigma":2592,"k":3,"ncolls":5,"blocked":[true,true,true],"S_gens":"[(2,5), (1,5), (3,4)]","T_gens":"[(3,5), (5,6), (2,4)]","U_gens":"[(1,5,4,2,6,3), (1,5,6,2,4,3), (1,6,4)]","semantics":"exact"}
*** KILL CANDIDATE: |Sigma|=2592 > beta_0=2400 ***
{"type":"config","target":"SymmetricGroup(6)","p":2,"shape":[12,12,36],"shape_sd":["D12","D12","S3 x S3"],"sigma":2592,"k":3,"ncolls":5,"blocked":[true,true,true],"S_gens":"[(2,5), (1,5), (3,4)]","T_gens":"[(3,5), (5,6), (2,4)]","U_gens":"[(1,5,4,2,6,3), (1,5,6,2,4,3), (1,6,4)]","semantics":"exact"}
*** KILL CANDIDATE: |Sigma|=2592 > beta_0=2400 ***
{"type":"config","target":"SymmetricGroup(6)","p":2,"shape":[12,12,36],"shape_sd":["D12","D12","S3 x S3"],"sigma":2592,"k":3,"ncolls":5,"blocked":[true,true,true],"S_gens":"[(2,5), (1,5), (3,4)]","T_gens":"[(4,5), (5,6), (2,3)]","U_gens":"[(1,5,3,2,6,4), (1,5,6,2,3,4), (1,6,3)]","semantics":"exact"}
*** KILL CANDIDATE: |Sigma|=2592 > beta_0=2400 ***
{"type":"config","target":"SymmetricGroup(6)","p":2,"shape":[12,12,36],"shape_sd":["D12","D12","S3 x S3"],"sigma":2592,"k":3,"ncolls":5,"blocked":[true,true,true],"S_gens":"[(2,5), (1,5), (3,4)]","T_gens":"[(4,5), (5,6), (2,3)]","U_gens":"[(1,5,3,2,6,4), (1,5,6,2,3,4), (1,6,3)]","semantics":"exact"}
*** KILL CANDIDATE: |Sigma|=2592 > beta_0=2400 ***
{"type":"config","target":"SymmetricGroup(6)","p":2,"shape":[12,12,36],"shape_sd":["D12","D12","S3 x S3"],"sigma":2592,"k":3,"ncolls":5,"blocked":[true,true,true],"S_gens":"[(2,5), (1,5), (3,4)]","T_gens":"[(1,4), (4,6), (3,5)]","U_gens":"[(1,6,4,2,5,3), (1,6,5,2,4,3), (1,5,4)]","semantics":"exact"}
*** KILL CANDIDATE: |Sigma|=2592 > beta_0=2400 ***
{"type":"config","target":"SymmetricGroup(6)","p":2,"shape":[12,12,36],"shape_sd":["D12","D12","S3 x S3"],"sigma":2592,"k":3,"ncolls":5,"blocked":[true,true,true],"S_gens":"[(2,5), (1,5), (3,4)]","T_gens":"[(1,4), (4,6), (3,5)]","U_gens":"[(1,6,4,2,5,3), (1,6,5,2,4,3), (1,5,4)]","semantics":"exact"}
*** KILL CANDIDATE: |Sigma|=2592 > beta_0=2400 ***
{"type":"config","target":"SymmetricGroup(6)","p":2,"shape":[12,12,36],"shape_sd":["D12","D12","S3 x S3"],"sigma":2592,"k":3,"ncolls":5,"blocked":[true,true,true],"S_gens":"[(2,5), (1,5), (3,4)]","T_gens":"[(1,3), (3,6), (4,5)]","U_gens":"[(1,6,3,2,5,4), (1,6,5,2,3,4), (1,5,3)]","semantics":"exact"}
*** KILL CANDIDATE: |Sigma|=2592 > beta_0=2400 ***
{"type":"config","target":"SymmetricGroup(6)","p":2,"shape":[12,12,36],"shape_sd":["D12","D12","S3 x S3"],"sigma":2592,"k":3,"ncolls":5,"blocked":[true,true,true],"S_gens":"[(2,5), (1,5), (3,4)]","T_gens":"[(1,3), (3,6), (4,5)]","U_gens":"[(1,6,3,2,5,4), (1,6,5,2,3,4), (1,5,3)]","semantics":"exact"}
*** KILL CANDIDATE: |Sigma|=2592 > beta_0=2400 ***
{"type":"config","target":"SymmetricGroup(6)","p":2,"shape":[12,12,36],"shape_sd":["D12","D12","S3 x S3"],"sigma":2592,"k":3,"ncolls":5,"blocked":[true,true,true],"S_gens":"[(2,5), (1,5), (3,4)]","T_gens":"[(3,5), (5,6), (1,4)]","U_gens":"[(1,6,3,2,5,4), (1,6,5,2,3,4), (1,5,3)]","semantics":"exact"}
*** KILL CANDIDATE: |Sigma|=2592 > beta_0=2400 ***
{"type":"config","target":"SymmetricGroup(6)","p":2,"shape":[12,12,36],"shape_sd":["D12","D12","S3 x S3"],"sigma":2592,"k":3,"ncolls":5,"blocked":[true,true,true],"S_gens":"[(2,5), (1,5), (3,4)]","T_gens":"[(3,5), (5,6), (1,4)]","U_gens":"[(1,6,3,2,5,4), (1,6,5,2,3,4), (1,5,3)]","semantics":"exact"}
*** KILL CANDIDATE: |Sigma|=2592 > beta_0=2400 ***
{"type":"config","target":"SymmetricGroup(6)","p":2,"shape":[12,12,36],"shape_sd":["D12","D12","S3 x S3"],"sigma":2592,"k":3,"ncolls":5,"blocked":[true,true,true],"S_gens":"[(2,5), (1,5), (3,4)]","T_gens":"[(4,5), (5,6), (1,3)]","U_gens":"[(1,6,4,2,5,3), (1,6,5,2,4,3), (1,5,4)]","semantics":"exact"}
*** KILL CANDIDATE: |Sigma|=2592 > beta_0=2400 ***
{"type":"config","target":"SymmetricGroup(6)","p":2,"shape":[12,12,36],"shape_sd":["D12","D12","S3 x S3"],"sigma":2592,"k":3,"ncolls":5,"blocked":[true,true,true],"S_gens":"[(2,5), (1,5), (3,4)]","T_gens":"[(4,5), (5,6), (1,3)]","U_gens":"[(1,6,4,2,5,3), (1,6,5,2,4,3), (1,5,4)]","semantics":"exact"}
*** KILL CANDIDATE: |Sigma|=2592 > beta_0=2400 ***
{"type":"config","target":"SymmetricGroup(6)","p":2,"shape":[12,12,36],"shape_sd":["D12","D12","S3 x S3"],"sigma":2592,"k":3,"ncolls":5,"blocked":[true,true,true],"S_gens":"[(2,5), (1,5), (3,4)]","T_gens":"[(2,4), (4,6), (1,3)]","U_gens":"[(1,6,2,3,4,5), (1,6,4,3,2,5), (1,4,2)]","semantics":"exact"}
*** KILL CANDIDATE: |Sigma|=2592 > beta_0=2400 ***
{"type":"config","target":"SymmetricGroup(6)","p":2,"shape":[12,12,36],"shape_sd":["D12","D12","S3 x S3"],"sigma":2592,"k":3,"ncolls":5,"blocked":[true,true,true],"S_gens":"[(2,5), (1,5), (3,4)]","T_gens":"[(2,4), (4,6), (1,3)]","U_gens":"[(1,6,2,3,4,5), (1,6,4,3,2,5), (1,4,2)]","semantics":"exact"}
*** KILL CANDIDATE: |Sigma|=2592 > beta_0=2400 ***
{"type":"config","target":"SymmetricGroup(6)","p":2,"shape":[12,12,36],"shape_sd":["D12","D12","S3 x S3"],"sigma":2592,"k":3,"ncolls":5,"blocked":[true,true,true],"S_gens":"[(2,5), (1,5), (3,4)]","T_gens":"[(2,3), (3,6), (1,4)]","U_gens":"[(1,6,2,4,3,5), (1,6,3,4,2,5), (1,3,2)]","semantics":"exact"}
*** KILL CANDIDATE: |Sigma|=2592 > beta_0=2400 ***
{"type":"config","target":"SymmetricGroup(6)","p":2,"shape":[12,12,36],"shape_sd":["D12","D12","S3 x S3"],"sigma":2592,"k":3,"ncolls":5,"blocked":[true,true,true],"S_gens":"[(2,5), (1,5), (3,4)]","T_gens":"[(2,3), (3,6), (1,4)]","U_gens":"[(1,6,2,4,3,5), (1,6,3,4,2,5), (1,3,2)]","semantics":"exact"}
*** KILL CANDIDATE: |Sigma|=2592 > beta_0=2400 ***
{"type":"config","target":"SymmetricGroup(6)","p":2,"shape":[12,12,36],"shape_sd":["D12","D12","S3 x S3"],"sigma":2592,"k":3,"ncolls":5,"blocked":[true,true,true],"S_gens":"[(2,5), (1,5), (3,4)]","T_gens":"[(1,3), (1,6), (2,4)]","U_gens":"[(1,6,2,4,3,5), (1,6,3,4,2,5), (1,3,2)]","semantics":"exact"}
*** KILL CANDIDATE: |Sigma|=2592 > beta_0=2400 ***
{"type":"config","target":"SymmetricGroup(6)","p":2,"shape":[12,12,36],"shape_sd":["D12","D12","S3 x S3"],"sigma":2592,"k":3,"ncolls":5,"blocked":[true,true,true],"S_gens":"[(2,5), (1,5), (3,4)]","T_gens":"[(1,3), (1,6), (2,4)]","U_gens":"[(1,6,2,4,3,5), (1,6,3,4,2,5), (1,3,2)]","semantics":"exact"}
*** KILL CANDIDATE: |Sigma|=2592 > beta_0=2400 ***
{"type":"config","target":"SymmetricGroup(6)","p":2,"shape":[12,12,36],"shape_sd":["D12","D12","S3 x S3"],"sigma":2592,"k":3,"ncolls":5,"blocked":[true,true,true],"S_gens":"[(2,5), (1,5), (3,4)]","T_gens":"[(1,4), (1,6), (2,3)]","U_gens":"[(1,6,2,3,4,5), (1,6,4,3,2,5), (1,4,2)]","semantics":"exact"}
*** KILL CANDIDATE: |Sigma|=2592 > beta_0=2400 ***
{"type":"config","target":"SymmetricGroup(6)","p":2,"shape":[12,12,36],"shape_sd":["D12","D12","S3 x S3"],"sigma":2592,"k":3,"ncolls":5,"blocked":[true,true,true],"S_gens":"[(2,5), (1,5), (3,4)]","T_gens":"[(1,4), (1,6), (2,3)]","U_gens":"[(1,6,2,3,4,5), (1,6,4,3,2,5), (1,4,2)]","semantics":"exact"}
*** KILL CANDIDATE: |Sigma|=2592 > beta_0=2400 ***
SHAPE (12,12,36) p=2 k=3 |Sigma|=2592: frames=36 eligible=24 blocked=24 max_sigma=2592 elapsed=0.2s [1969/2489 shapes]
SHAPE (12,12,36) p=2 k=3 |Sigma|=2592: frames=36 eligible=0 blocked=0 max_sigma=2592 elapsed=0.1s [1970/2489 shapes]
SHAPE (12,12,36) p=2 k=3 |Sigma|=2592: frames=168 eligible=0 blocked=0 max_sigma=2592 elapsed=0.6s [1973/2489 shapes]
SHAPE (12,18,24) p=2 k=3 |Sigma|=2592: frames=72 eligible=0 blocked=0 max_sigma=2592 elapsed=0.3s [1980/2489 shapes]
SHAPE (12,18,24) p=2 k=3 |Sigma|=2592: frames=60 eligible=0 blocked=0 max_sigma=2592 elapsed=0.2s [1982/2489 shapes]
SHAPE (12,18,24) p=2 k=3 |Sigma|=2592: frames=60 eligible=0 blocked=0 max_sigma=2592 elapsed=0.2s [1983/2489 shapes]
SHAPE (12,18,24) p=2 k=3 |Sigma|=2592: frames=18 eligible=0 blocked=0 max_sigma=2592 elapsed=0.1s [1987/2489 shapes]
SHAPE (12,18,24) p=2 k=3 |Sigma|=2592: frames=18 eligible=0 blocked=0 max_sigma=2592 elapsed=0.1s [1988/2489 shapes]
SHAPE (12,18,24) p=2 k=3 |Sigma|=2592: frames=24 eligible=0 blocked=0 max_sigma=2592 elapsed=0.1s [1989/2489 shapes]
SHAPE (12,18,24) p=2 k=3 |Sigma|=2592: frames=48 eligible=0 blocked=0 max_sigma=2592 elapsed=0.2s [1990/2489 shapes]
{"type":"config","target":"SymmetricGroup(6)","p":2,"shape":[12,12,36],"shape_sd":["D12","D12","S3 x S3"],"sigma":2592,"k":3,"ncolls":5,"blocked":[true,true,true],"S_gens":"[(1,3)(2,4), (1,5,3,2,6,4), (1,3,6)(2,4,5)]","T_gens":"[(1,2)(3,5), (1,4,2,3,6,5), (1,2,6)(3,5,4)]","U_gens":"[(5,6), (1,3,2)(4,5,6), (2,3)]","semantics":"exact"}
*** KILL CANDIDATE: |Sigma|=2592 > beta_0=2400 ***
{"type":"config","target":"SymmetricGroup(6)","p":2,"shape":[12,12,36],"shape_sd":["D12","D12","S3 x S3"],"sigma":2592,"k":3,"ncolls":5,"blocked":[true,true,true],"S_gens":"[(1,3)(2,4), (1,5,3,2,6,4), (1,3,6)(2,4,5)]","T_gens":"[(1,2)(3,5), (1,4,2,3,6,5), (1,2,6)(3,5,4)]","U_gens":"[(5,6), (1,3,2)(4,5,6), (2,3)]","semantics":"exact"}
*** KILL CANDIDATE: |Sigma|=2592 > beta_0=2400 ***
{"type":"config","target":"SymmetricGroup(6)","p":2,"shape":[12,12,36],"shape_sd":["D12","D12","S3 x S3"],"sigma":2592,"k":3,"ncolls":5,"blocked":[true,true,true],"S_gens":"[(1,3)(2,4), (1,5,3,2,6,4), (1,3,6)(2,4,5)]","T_gens":"[(1,2)(3,5), (1,6,2,3,4,5), (1,2,4)(3,5,6)]","U_gens":"[(4,6), (1,5,2)(3,4,6), (2,5)]","semantics":"exact"}
*** KILL CANDIDATE: |Sigma|=2592 > beta_0=2400 ***
{"type":"config","target":"SymmetricGroup(6)","p":2,"shape":[12,12,36],"shape_sd":["D12","D12","S3 x S3"],"sigma":2592,"k":3,"ncolls":5,"blocked":[true,true,true],"S_gens":"[(1,3)(2,4), (1,5,3,2,6,4), (1,3,6)(2,4,5)]","T_gens":"[(1,2)(3,5), (1,6,2,3,4,5), (1,2,4)(3,5,6)]","U_gens":"[(4,6), (1,5,2)(3,4,6), (2,5)]","semantics":"exact"}
*** KILL CANDIDATE: |Sigma|=2592 > beta_0=2400 ***
{"type":"config","target":"SymmetricGroup(6)","p":2,"shape":[12,12,36],"shape_sd":["D12","D12","S3 x S3"],"sigma":2592,"k":3,"ncolls":5,"blocked":[true,true,true],"S_gens":"[(1,3)(2,4), (1,5,3,2,6,4), (1,3,6)(2,4,5)]","T_gens":"[(1,2)(3,6), (1,4,2,3,5,6), (1,2,5)(3,6,4)]","U_gens":"[(5,6), (1,4,3)(2,5,6), (3,4)]","semantics":"exact"}
*** KILL CANDIDATE: |Sigma|=2592 > beta_0=2400 ***
{"type":"config","target":"SymmetricGroup(6)","p":2,"shape":[12,12,36],"shape_sd":["D12","D12","S3 x S3"],"sigma":2592,"k":3,"ncolls":5,"blocked":[true,true,true],"S_gens":"[(1,3)(2,4), (1,5,3,2,6,4), (1,3,6)(2,4,5)]","T_gens":"[(1,2)(3,6), (1,4,2,3,5,6), (1,2,5)(3,6,4)]","U_gens":"[(5,6), (1,4,3)(2,5,6), (3,4)]","semantics":"exact"}
*** KILL CANDIDATE: |Sigma|=2592 > beta_0=2400 ***
{"type":"config","target":"SymmetricGroup(6)","p":2,"shape":[12,12,36],"shape_sd":["D12","D12","S3 x S3"],"sigma":2592,"k":3,"ncolls":5,"blocked":[true,true,true],"S_gens":"[(1,3)(2,4), (1,5,3,2,6,4), (1,3,6)(2,4,5)]","T_gens":"[(1,5)(3,4), (1,2,5,3,6,4), (1,5,6)(2,3,4)]","U_gens":"[(4,5), (1,6,2)(3,4,5), (2,6)]","semantics":"exact"}
*** KILL CANDIDATE: |Sigma|=2592 > beta_0=2400 ***
{"type":"config","target":"SymmetricGroup(6)","p":2,"shape":[12,12,36],"shape_sd":["D12","D12","S3 x S3"],"sigma":2592,"k":3,"ncolls":5,"blocked":[true,true,true],"S_gens":"[(1,3)(2,4), (1,5,3,2,6,4), (1,3,6)(2,4,5)]","T_gens":"[(1,5)(3,4), (1,2,5,3,6,4), (1,5,6)(2,3,4)]","U_gens":"[(4,5), (1,6,2)(3,4,5), (2,6)]","semantics":"exact"}
*** KILL CANDIDATE: |Sigma|=2592 > beta_0=2400 ***
{"type":"config","target":"SymmetricGroup(6)","p":2,"shape":[12,12,36],"shape_sd":["D12","D12","S3 x S3"],"sigma":2592,"k":3,"ncolls":5,"blocked":[true,true,true],"S_gens":"[(1,3)(2,4), (1,5,3,2,6,4), (1,3,6)(2,4,5)]","T_gens":"[(1,2)(4,5), (1,6,2,4,3,5), (1,2,3)(4,5,6)]","U_gens":"[(5,6), (1,4,3)(2,5,6), (3,4)]","semantics":"exact"}
*** KILL CANDIDATE: |Sigma|=2592 > beta_0=2400 ***
{"type":"config","target":"SymmetricGroup(6)","p":2,"shape":[12,12,36],"shape_sd":["D12","D12","S3 x S3"],"sigma":2592,"k":3,"ncolls":5,"blocked":[true,true,true],"S_gens":"[(1,3)(2,4), (1,5,3,2,6,4), (1,3,6)(2,4,5)]","T_gens":"[(1,2)(4,5), (1,6,2,4,3,5), (1,2,3)(4,5,6)]","U_gens":"[(5,6), (1,4,3)(2,5,6), (3,4)]","semantics":"exact"}
*** KILL CANDIDATE: |Sigma|=2592 > beta_0=2400 ***
{"type":"config","target":"SymmetricGroup(6)","p":2,"shape":[12,12,36],"shape_sd":["D12","D12","S3 x S3"],"sigma":2592,"k":3,"ncolls":5,"blocked":[true,true,true],"S_gens":"[(1,3)(2,4), (1,5,3,2,6,4), (1,3,6)(2,4,5)]","T_gens":"[(1,5)(2,4), (1,3,5,4,6,2), (1,5,6)(2,3,4)]","U_gens":"[(5,6), (1,4,2)(3,5,6), (2,4)]","semantics":"exact"}
*** KILL CANDIDATE: |Sigma|=2592 > beta_0=2400 ***
{"type":"config","target":"SymmetricGroup(6)","p":2,"shape":[12,12,36],"shape_sd":["D12","D12","S3 x S3"],"sigma":2592,"k":3,"ncolls":5,"blocked":[true,true,true],"S_gens":"[(1,3)(2,4), (1,5,3,2,6,4), (1,3,6)(2,4,5)]","T_gens":"[(1,5)(2,4), (1,3,5,4,6,2), (1,5,6)(2,3,4)]","U_gens":"[(5,6), (1,4,2)(3,5,6), (2,4)]","semantics":"exact"}
*** KILL CANDIDATE: |Sigma|=2592 > beta_0=2400 ***
{"type":"config","target":"SymmetricGroup(6)","p":2,"shape":[12,12,36],"shape_sd":["D12","D12","S3 x S3"],"sigma":2592,"k":3,"ncolls":5,"blocked":[true,true,true],"S_gens":"[(1,3)(2,4), (1,5,3,2,6,4), (1,3,6)(2,4,5)]","T_gens":"[(1,2)(4,5), (1,3,2,5,6,4), (1,2,6)(3,5,4)]","U_gens":"[(3,4), (1,6,5)(2,3,4), (5,6)]","semantics":"exact"}
*** KILL CANDIDATE: |Sigma|=2592 > beta_0=2400 ***
{"type":"config","target":"SymmetricGroup(6)","p":2,"shape":[12,12,36],"shape_sd":["D12","D12","S3 x S3"],"sigma":2592,"k":3,"ncolls":5,"blocked":[true,true,true],"S_gens":"[(1,3)(2,4), (1,5,3,2,6,4), (1,3,6)(2,4,5)]","T_gens":"[(1,2)(4,5), (1,3,2,5,6,4), (1,2,6)(3,5,4)]","U_gens":"[(3,4), (1,6,5)(2,3,4), (5,6)]","semantics":"exact"}
*** KILL CANDIDATE: |Sigma|=2592 > beta_0=2400 ***
{"type":"config","target":"SymmetricGroup(6)","p":2,"shape":[12,12,36],"shape_sd":["D12","D12","S3 x S3"],"sigma":2592,"k":3,"ncolls":5,"blocked":[true,true,true],"S_gens":"[(1,3)(2,4), (1,5,3,2,6,4), (1,3,6)(2,4,5)]","T_gens":"[(1,3)(5,6), (1,2,3,5,4,6), (1,3,4)(2,5,6)]","U_gens":"[(4,6), (1,5,2)(3,4,6), (2,5)]","semantics":"exact"}
*** KILL CANDIDATE: |Sigma|=2592 > beta_0=2400 ***
{"type":"config","target":"SymmetricGroup(6)","p":2,"shape":[12,12,36],"shape_sd":["D12","D12","S3 x S3"],"sigma":2592,"k":3,"ncolls":5,"blocked":[true,true,true],"S_gens":"[(1,3)(2,4), (1,5,3,2,6,4), (1,3,6)(2,4,5)]","T_gens":"[(1,3)(5,6), (1,2,3,5,4,6), (1,3,4)(2,5,6)]","U_gens":"[(4,6), (1,5,2)(3,4,6), (2,5)]","semantics":"exact"}
*** KILL CANDIDATE: |Sigma|=2592 > beta_0=2400 ***
{"type":"config","target":"SymmetricGroup(6)","p":2,"shape":[12,12,36],"shape_sd":["D12","D12","S3 x S3"],"sigma":2592,"k":3,"ncolls":5,"blocked":[true,true,true],"S_gens":"[(1,3)(2,4), (1,5,3,2,6,4), (1,3,6)(2,4,5)]","T_gens":"[(1,2)(3,6), (1,5,2,6,4,3), (1,2,4)(3,5,6)]","U_gens":"[(3,4), (1,6,5)(2,3,4), (5,6)]","semantics":"exact"}
*** KILL CANDIDATE: |Sigma|=2592 > beta_0=2400 ***
{"type":"config","target":"SymmetricGroup(6)","p":2,"shape":[12,12,36],"shape_sd":["D12","D12","S3 x S3"],"sigma":2592,"k":3,"ncolls":5,"blocked":[true,true,true],"S_gens":"[(1,3)(2,4), (1,5,3,2,6,4), (1,3,6)(2,4,5)]","T_gens":"[(1,2)(3,6), (1,5,2,6,4,3), (1,2,4)(3,5,6)]","U_gens":"[(3,4), (1,6,5)(2,3,4), (5,6)]","semantics":"exact"}
*** KILL CANDIDATE: |Sigma|=2592 > beta_0=2400 ***
{"type":"config","target":"SymmetricGroup(6)","p":2,"shape":[12,12,36],"shape_sd":["D12","D12","S3 x S3"],"sigma":2592,"k":3,"ncolls":5,"blocked":[true,true,true],"S_gens":"[(1,3)(2,4), (1,5,3,2,6,4), (1,3,6)(2,4,5)]","T_gens":"[(1,2)(4,6), (1,3,2,6,5,4), (1,2,5)(3,6,4)]","U_gens":"[(5,6), (1,4,2)(3,5,6), (2,4)]","semantics":"exact"}
*** KILL CANDIDATE: |Sigma|=2592 > beta_0=2400 ***
{"type":"config","target":"SymmetricGroup(6)","p":2,"shape":[12,12,36],"shape_sd":["D12","D12","S3 x S3"],"sigma":2592,"k":3,"ncolls":5,"blocked":[true,true,true],"S_gens":"[(1,3)(2,4), (1,5,3,2,6,4), (1,3,6)(2,4,5)]","T_gens":"[(1,2)(4,6), (1,3,2,6,5,4), (1,2,5)(3,6,4)]","U_gens":"[(5,6), (1,4,2)(3,5,6), (2,4)]","semantics":"exact"}
*** KILL CANDIDATE: |Sigma|=2592 > beta_0=2400 ***
{"type":"config","target":"SymmetricGroup(6)","p":2,"shape":[12,12,36],"shape_sd":["D12","D12","S3 x S3"],"sigma":2592,"k":3,"ncolls":5,"blocked":[true,true,true],"S_gens":"[(1,3)(2,4), (1,5,3,2,6,4), (1,3,6)(2,4,5)]","T_gens":"[(1,2)(4,6), (1,5,2,6,3,4), (1,2,3)(4,5,6)]","U_gens":"[(4,5), (1,6,2)(3,4,5), (2,6)]","semantics":"exact"}
*** KILL CANDIDATE: |Sigma|=2592 > beta_0=2400 ***
{"type":"config","target":"SymmetricGroup(6)","p":2,"shape":[12,12,36],"shape_sd":["D12","D12","S3 x S3"],"sigma":2592,"k":3,"ncolls":5,"blocked":[true,true,true],"S_gens":"[(1,3)(2,4), (1,5,3,2,6,4), (1,3,6)(2,4,5)]","T_gens":"[(1,2)(4,6), (1,5,2,6,3,4), (1,2,3)(4,5,6)]","U_gens":"[(4,5), (1,6,2)(3,4,5), (2,6)]","semantics":"exact"}
*** KILL CANDIDATE: |Sigma|=2592 > beta_0=2400 ***
{"type":"config","target":"SymmetricGroup(6)","p":2,"shape":[12,12,36],"shape_sd":["D12","D12","S3 x S3"],"sigma":2592,"k":3,"ncolls":5,"blocked":[true,true,true],"S_gens":"[(1,3)(2,4), (1,5,3,2,6,4), (1,3,6)(2,4,5)]","T_gens":"[(1,3)(2,6), (1,5,3,6,4,2), (1,3,4)(2,5,6)]","U_gens":"[(5,6), (1,3,2)(4,5,6), (2,3)]","semantics":"exact"}
*** KILL CANDIDATE: |Sigma|=2592 > beta_0=2400 ***
{"type":"config","target":"SymmetricGroup(6)","p":2,"shape":[12,12,36],"shape_sd":["D12","D12","S3 x S3"],"sigma":2592,"k":3,"ncolls":5,"blocked":[true,true,true],"S_gens":"[(1,3)(2,4), (1,5,3,2,6,4), (1,3,6)(2,4,5)]","T_gens":"[(1,3)(2,6), (1,5,3,6,4,2), (1,3,4)(2,5,6)]","U_gens":"[(5,6), (1,3,2)(4,5,6), (2,3)]","semantics":"exact"}
*** KILL CANDIDATE: |Sigma|=2592 > beta_0=2400 ***
SHAPE (12,12,36) p=2 k=3 |Sigma|=2592: frames=36 eligible=24 blocked=24 max_sigma=2592 elapsed=0.1s [1992/2489 shapes]
SHAPE (12,12,36) p=2 k=3 |Sigma|=2592: frames=36 eligible=0 blocked=0 max_sigma=2592 elapsed=0.1s [1994/2489 shapes]
SHAPE (12,18,24) p=2 k=3 |Sigma|=2592: frames=18 eligible=0 blocked=0 max_sigma=2592 elapsed=0.1s [2001/2489 shapes]
SHAPE (12,18,24) p=2 k=3 |Sigma|=2592: frames=24 eligible=0 blocked=0 max_sigma=2592 elapsed=0.1s [2003/2489 shapes]
SHAPE (12,18,24) p=2 k=3 |Sigma|=2592: frames=18 eligible=0 blocked=0 max_sigma=2592 elapsed=0.1s [2004/2489 shapes]
SHAPE (12,18,24) p=2 k=3 |Sigma|=2592: frames=48 eligible=0 blocked=0 max_sigma=2592 elapsed=0.2s [2006/2489 shapes]
SHAPE (12,18,24) p=2 k=3 |Sigma|=2592: frames=72 eligible=0 blocked=0 max_sigma=2592 elapsed=0.3s [2008/2489 shapes]
SHAPE (12,18,24) p=2 k=3 |Sigma|=2592: frames=60 eligible=0 blocked=0 max_sigma=2592 elapsed=0.3s [2009/2489 shapes]
SHAPE (12,18,24) p=2 k=3 |Sigma|=2592: frames=60 eligible=0 blocked=0 max_sigma=2592 elapsed=0.2s [2010/2489 shapes]
SHAPE (16,18,18) p=2 k=3 |Sigma|=2592: frames=24 eligible=0 blocked=0 max_sigma=2592 elapsed=0.1s [2016/2489 shapes]
SHAPE (16,18,18) p=2 k=3 |Sigma|=2592: frames=64 eligible=0 blocked=0 max_sigma=2592 elapsed=0.2s [2017/2489 shapes]
SHAPE (16,18,18) p=2 k=3 |Sigma|=2592: frames=24 eligible=0 blocked=0 max_sigma=2592 elapsed=0.1s [2018/2489 shapes]
SHAPE (8,18,36) p=2 k=2 |Sigma|=2592: frames=60 eligible=0 blocked=0 max_sigma=2592 elapsed=0.3s [2022/2489 shapes]
SHAPE (8,18,36) p=2 k=2 |Sigma|=2592: frames=60 eligible=0 blocked=0 max_sigma=2592 elapsed=0.3s [2024/2489 shapes]
SHAPE (8,18,36) p=2 k=2 |Sigma|=2592: frames=24 eligible=0 blocked=0 max_sigma=2592 elapsed=0.1s [2027/2489 shapes]
SHAPE (8,36,18) p=2 k=2 |Sigma|=2592: frames=60 eligible=0 blocked=0 max_sigma=2592 elapsed=0.3s [2029/2489 shapes]
SHAPE (8,36,18) p=2 k=2 |Sigma|=2592: frames=60 eligible=0 blocked=0 max_sigma=2592 elapsed=0.3s [2035/2489 shapes]
SHAPE (8,36,18) p=2 k=2 |Sigma|=2592: frames=24 eligible=0 blocked=0 max_sigma=2592 elapsed=0.1s [2036/2489 shapes]
SHAPE (8,18,36) p=2 k=2 |Sigma|=2592: frames=24 eligible=0 blocked=0 max_sigma=2592 elapsed=0.1s [2043/2489 shapes]
SHAPE (8,18,36) p=2 k=2 |Sigma|=2592: frames=60 eligible=0 blocked=0 max_sigma=2592 elapsed=0.3s [2045/2489 shapes]
SHAPE (8,18,36) p=2 k=2 |Sigma|=2592: frames=60 eligible=0 blocked=0 max_sigma=2592 elapsed=0.3s [2046/2489 shapes]
SHAPE (8,36,18) p=2 k=2 |Sigma|=2592: frames=60 eligible=0 blocked=0 max_sigma=2592 elapsed=0.3s [2052/2489 shapes]
SHAPE (8,36,18) p=2 k=2 |Sigma|=2592: frames=24 eligible=0 blocked=0 max_sigma=2592 elapsed=0.1s [2054/2489 shapes]
SHAPE (8,36,18) p=2 k=2 |Sigma|=2592: frames=60 eligible=0 blocked=0 max_sigma=2592 elapsed=0.3s [2055/2489 shapes]
SHAPE (8,18,36) p=2 k=2 |Sigma|=2592: frames=44 eligible=0 blocked=0 max_sigma=2592 elapsed=0.2s [2060/2489 shapes]
SHAPE (8,18,36) p=2 k=2 |Sigma|=2592: frames=84 eligible=0 blocked=0 max_sigma=2592 elapsed=0.4s [2062/2489 shapes]
SHAPE (8,18,36) p=2 k=2 |Sigma|=2592: frames=44 eligible=0 blocked=0 max_sigma=2592 elapsed=0.2s [2064/2489 shapes]
SHAPE (8,18,36) p=2 k=2 |Sigma|=2592: frames=84 eligible=0 blocked=0 max_sigma=2592 elapsed=0.3s [2065/2489 shapes]
SHAPE (8,36,18) p=2 k=2 |Sigma|=2592: frames=44 eligible=0 blocked=0 max_sigma=2592 elapsed=0.2s [2067/2489 shapes]
SHAPE (8,36,18) p=2 k=2 |Sigma|=2592: frames=44 eligible=0 blocked=0 max_sigma=2592 elapsed=0.2s [2071/2489 shapes]
SHAPE (8,36,18) p=2 k=2 |Sigma|=2592: frames=84 eligible=0 blocked=0 max_sigma=2592 elapsed=0.4s [2073/2489 shapes]
SHAPE (8,36,18) p=2 k=2 |Sigma|=2592: frames=84 eligible=0 blocked=0 max_sigma=2592 elapsed=0.3s [2074/2489 shapes]
SHAPE (8,18,36) p=2 k=2 |Sigma|=2592: frames=60 eligible=0 blocked=0 max_sigma=2592 elapsed=0.3s [2079/2489 shapes]
SHAPE (8,18,36) p=2 k=2 |Sigma|=2592: frames=116 eligible=0 blocked=0 max_sigma=2592 elapsed=0.5s [2081/2489 shapes]
SHAPE (8,18,36) p=2 k=2 |Sigma|=2592: frames=60 eligible=0 blocked=0 max_sigma=2592 elapsed=0.3s [2083/2489 shapes]
SHAPE (8,18,36) p=2 k=2 |Sigma|=2592: frames=116 eligible=0 blocked=0 max_sigma=2592 elapsed=0.5s [2084/2489 shapes]
SHAPE (8,36,18) p=2 k=2 |Sigma|=2592: frames=60 eligible=0 blocked=0 max_sigma=2592 elapsed=0.3s [2086/2489 shapes]
SHAPE (8,36,18) p=2 k=2 |Sigma|=2592: frames=60 eligible=0 blocked=0 max_sigma=2592 elapsed=0.3s [2090/2489 shapes]
SHAPE (8,36,18) p=2 k=2 |Sigma|=2592: frames=116 eligible=0 blocked=0 max_sigma=2592 elapsed=0.5s [2092/2489 shapes]
SHAPE (8,36,18) p=2 k=2 |Sigma|=2592: frames=116 eligible=0 blocked=0 max_sigma=2592 elapsed=0.5s [2093/2489 shapes]
SHAPE (8,18,36) p=2 k=2 |Sigma|=2592: frames=72 eligible=0 blocked=0 max_sigma=2592 elapsed=0.3s [2100/2489 shapes]
SHAPE (8,18,36) p=2 k=2 |Sigma|=2592: frames=44 eligible=0 blocked=0 max_sigma=2592 elapsed=0.2s [2102/2489 shapes]
SHAPE (8,18,36) p=2 k=2 |Sigma|=2592: frames=44 eligible=0 blocked=0 max_sigma=2592 elapsed=0.2s [2103/2489 shapes]
SHAPE (8,36,18) p=2 k=2 |Sigma|=2592: frames=44 eligible=0 blocked=0 max_sigma=2592 elapsed=0.2s [2109/2489 shapes]
SHAPE (8,36,18) p=2 k=2 |Sigma|=2592: frames=72 eligible=0 blocked=0 max_sigma=2592 elapsed=0.3s [2111/2489 shapes]
SHAPE (8,36,18) p=2 k=2 |Sigma|=2592: frames=44 eligible=0 blocked=0 max_sigma=2592 elapsed=0.2s [2112/2489 shapes]
SHAPE (8,18,36) p=2 k=2 |Sigma|=2592: frames=44 eligible=0 blocked=0 max_sigma=2592 elapsed=0.2s [2136/2489 shapes]
SHAPE (8,18,36) p=2 k=2 |Sigma|=2592: frames=44 eligible=0 blocked=0 max_sigma=2592 elapsed=0.2s [2138/2489 shapes]
SHAPE (8,18,36) p=2 k=2 |Sigma|=2592: frames=72 eligible=0 blocked=0 max_sigma=2592 elapsed=0.3s [2141/2489 shapes]
SHAPE (8,36,18) p=2 k=2 |Sigma|=2592: frames=44 eligible=0 blocked=0 max_sigma=2592 elapsed=0.2s [2143/2489 shapes]
SHAPE (8,36,18) p=2 k=2 |Sigma|=2592: frames=44 eligible=0 blocked=0 max_sigma=2592 elapsed=0.2s [2149/2489 shapes]
SHAPE (8,36,18) p=2 k=2 |Sigma|=2592: frames=72 eligible=0 blocked=0 max_sigma=2592 elapsed=0.3s [2150/2489 shapes]
SHAPE (12,12,36) p=2 k=2 |Sigma|=2592: frames=36 eligible=0 blocked=0 max_sigma=2592 elapsed=0.2s [2153/2489 shapes]
SHAPE (12,12,36) p=2 k=2 |Sigma|=2592: frames=36 eligible=0 blocked=0 max_sigma=2592 elapsed=0.1s [2154/2489 shapes]
SHAPE (12,12,36) p=2 k=2 |Sigma|=2592: frames=168 eligible=0 blocked=0 max_sigma=2592 elapsed=0.6s [2157/2489 shapes]
SHAPE (12,18,24) p=2 k=2 |Sigma|=2592: frames=72 eligible=0 blocked=0 max_sigma=2592 elapsed=0.2s [2164/2489 shapes]
SHAPE (12,18,24) p=2 k=2 |Sigma|=2592: frames=60 eligible=0 blocked=0 max_sigma=2592 elapsed=0.2s [2166/2489 shapes]
SHAPE (12,18,24) p=2 k=2 |Sigma|=2592: frames=60 eligible=0 blocked=0 max_sigma=2592 elapsed=0.2s [2167/2489 shapes]
SHAPE (12,18,24) p=2 k=2 |Sigma|=2592: frames=18 eligible=0 blocked=0 max_sigma=2592 elapsed=0.1s [2171/2489 shapes]
SHAPE (12,18,24) p=2 k=2 |Sigma|=2592: frames=18 eligible=0 blocked=0 max_sigma=2592 elapsed=0.1s [2172/2489 shapes]
SHAPE (12,18,24) p=2 k=2 |Sigma|=2592: frames=24 eligible=0 blocked=0 max_sigma=2592 elapsed=0.1s [2173/2489 shapes]
SHAPE (12,18,24) p=2 k=2 |Sigma|=2592: frames=48 eligible=0 blocked=0 max_sigma=2592 elapsed=0.2s [2174/2489 shapes]
SHAPE (12,24,18) p=2 k=2 |Sigma|=2592: frames=72 eligible=0 blocked=0 max_sigma=2592 elapsed=0.2s [2177/2489 shapes]
SHAPE (12,24,18) p=2 k=2 |Sigma|=2592: frames=18 eligible=0 blocked=0 max_sigma=2592 elapsed=0.1s [2181/2489 shapes]
SHAPE (12,24,18) p=2 k=2 |Sigma|=2592: frames=60 eligible=0 blocked=0 max_sigma=2592 elapsed=0.2s [2183/2489 shapes]
SHAPE (12,24,18) p=2 k=2 |Sigma|=2592: frames=18 eligible=0 blocked=0 max_sigma=2592 elapsed=0.1s [2184/2489 shapes]
SHAPE (12,24,18) p=2 k=2 |Sigma|=2592: frames=60 eligible=0 blocked=0 max_sigma=2592 elapsed=0.2s [2186/2489 shapes]
SHAPE (12,24,18) p=2 k=2 |Sigma|=2592: frames=24 eligible=0 blocked=0 max_sigma=2592 elapsed=0.1s [2187/2489 shapes]
SHAPE (12,24,18) p=2 k=2 |Sigma|=2592: frames=48 eligible=0 blocked=0 max_sigma=2592 elapsed=0.2s [2190/2489 shapes]
{"type":"config","target":"SymmetricGroup(6)","p":2,"shape":[12,36,12],"shape_sd":["D12","S3 x S3","D12"],"sigma":2592,"k":2,"ncolls":5,"blocked":[true,true,true],"S_gens":"[(2,5), (1,5), (3,4)]","T_gens":"[(1,5,4,2,6,3), (1,5,6,2,4,3), (1,6,4)]","U_gens":"[(2,3), (3,6), (4,5)]","semantics":"exact"}
*** KILL CANDIDATE: |Sigma|=2592 > beta_0=2400 ***
{"type":"config","target":"SymmetricGroup(6)","p":2,"shape":[12,36,12],"shape_sd":["D12","S3 x S3","D12"],"sigma":2592,"k":2,"ncolls":5,"blocked":[true,true,true],"S_gens":"[(2,5), (1,5), (3,4)]","T_gens":"[(1,5,4,2,6,3), (1,5,6,2,4,3), (1,6,4)]","U_gens":"[(3,5), (5,6), (2,4)]","semantics":"exact"}
*** KILL CANDIDATE: |Sigma|=2592 > beta_0=2400 ***
{"type":"config","target":"SymmetricGroup(6)","p":2,"shape":[12,36,12],"shape_sd":["D12","S3 x S3","D12"],"sigma":2592,"k":2,"ncolls":5,"blocked":[true,true,true],"S_gens":"[(2,5), (1,5), (3,4)]","T_gens":"[(1,6,4,2,5,3), (1,6,5,2,4,3), (1,5,4)]","U_gens":"[(1,4), (4,6), (3,5)]","semantics":"exact"}
*** KILL CANDIDATE: |Sigma|=2592 > beta_0=2400 ***
{"type":"config","target":"SymmetricGroup(6)","p":2,"shape":[12,36,12],"shape_sd":["D12","S3 x S3","D12"],"sigma":2592,"k":2,"ncolls":5,"blocked":[true,true,true],"S_gens":"[(2,5), (1,5), (3,4)]","T_gens":"[(1,6,4,2,5,3), (1,6,5,2,4,3), (1,5,4)]","U_gens":"[(4,5), (5,6), (1,3)]","semantics":"exact"}
*** KILL CANDIDATE: |Sigma|=2592 > beta_0=2400 ***
{"type":"config","target":"SymmetricGroup(6)","p":2,"shape":[12,36,12],"shape_sd":["D12","S3 x S3","D12"],"sigma":2592,"k":2,"ncolls":5,"blocked":[true,true,true],"S_gens":"[(2,5), (1,5), (3,4)]","T_gens":"[(1,5,3,2,6,4), (1,5,6,2,3,4), (1,6,3)]","U_gens":"[(2,4), (4,6), (3,5)]","semantics":"exact"}
*** KILL CANDIDATE: |Sigma|=2592 > beta_0=2400 ***
{"type":"config","target":"SymmetricGroup(6)","p":2,"shape":[12,36,12],"shape_sd":["D12","S3 x S3","D12"],"sigma":2592,"k":2,"ncolls":5,"blocked":[true,true,true],"S_gens":"[(2,5), (1,5), (3,4)]","T_gens":"[(1,5,3,2,6,4), (1,5,6,2,3,4), (1,6,3)]","U_gens":"[(4,5), (5,6), (2,3)]","semantics":"exact"}
*** KILL CANDIDATE: |Sigma|=2592 > beta_0=2400 ***
{"type":"config","target":"SymmetricGroup(6)","p":2,"shape":[12,36,12],"shape_sd":["D12","S3 x S3","D12"],"sigma":2592,"k":2,"ncolls":5,"blocked":[true,true,true],"S_gens":"[(2,5), (1,5), (3,4)]","T_gens":"[(1,6,3,2,5,4), (1,6,5,2,3,4), (1,5,3)]","U_gens":"[(1,3), (3,6), (4,5)]","semantics":"exact"}
*** KILL CANDIDATE: |Sigma|=2592 > beta_0=2400 ***
{"type":"config","target":"SymmetricGroup(6)","p":2,"shape":[12,36,12],"shape_sd":["D12","S3 x S3","D12"],"sigma":2592,"k":2,"ncolls":5,"blocked":[true,true,true],"S_gens":"[(2,5), (1,5), (3,4)]","T_gens":"[(1,6,3,2,5,4), (1,6,5,2,3,4), (1,5,3)]","U_gens":"[(3,5), (5,6), (1,4)]","semantics":"exact"}
*** KILL CANDIDATE: |Sigma|=2592 > beta_0=2400 ***
{"type":"config","target":"SymmetricGroup(6)","p":2,"shape":[12,36,12],"shape_sd":["D12","S3 x S3","D12"],"sigma":2592,"k":2,"ncolls":5,"blocked":[true,true,true],"S_gens":"[(2,5), (1,5), (3,4)]","T_gens":"[(1,6,2,3,4,5), (1,6,4,3,2,5), (1,4,2)]","U_gens":"[(2,4), (4,6), (1,3)]","semantics":"exact"}
*** KILL CANDIDATE: |Sigma|=2592 > beta_0=2400 ***
{"type":"config","target":"SymmetricGroup(6)","p":2,"shape":[12,36,12],"shape_sd":["D12","S3 x S3","D12"],"sigma":2592,"k":2,"ncolls":5,"blocked":[true,true,true],"S_gens":"[(2,5), (1,5), (3,4)]","T_gens":"[(1,6,2,3,4,5), (1,6,4,3,2,5), (1,4,2)]","U_gens":"[(1,4), (1,6), (2,3)]","semantics":"exact"}
*** KILL CANDIDATE: |Sigma|=2592 > beta_0=2400 ***
{"type":"config","target":"SymmetricGroup(6)","p":2,"shape":[12,36,12],"shape_sd":["D12","S3 x S3","D12"],"sigma":2592,"k":2,"ncolls":5,"blocked":[true,true,true],"S_gens":"[(2,5), (1,5), (3,4)]","T_gens":"[(1,6,2,4,3,5), (1,6,3,4,2,5), (1,3,2)]","U_gens":"[(2,3), (3,6), (1,4)]","semantics":"exact"}
*** KILL CANDIDATE: |Sigma|=2592 > beta_0=2400 ***
{"type":"config","target":"SymmetricGroup(6)","p":2,"shape":[12,36,12],"shape_sd":["D12","S3 x S3","D12"],"sigma":2592,"k":2,"ncolls":5,"blocked":[true,true,true],"S_gens":"[(2,5), (1,5), (3,4)]","T_gens":"[(1,6,2,4,3,5), (1,6,3,4,2,5), (1,3,2)]","U_gens":"[(1,3), (1,6), (2,4)]","semantics":"exact"}
*** KILL CANDIDATE: |Sigma|=2592 > beta_0=2400 ***
SHAPE (12,36,12) p=2 k=2 |Sigma|=2592: frames=36 eligible=12 blocked=12 max_sigma=2592 elapsed=0.1s [2200/2489 shapes]
SHAPE (12,36,12) p=2 k=2 |Sigma|=2592: frames=36 eligible=0 blocked=0 max_sigma=2592 elapsed=0.1s [2204/2489 shapes]
SHAPE (12,36,12) p=2 k=2 |Sigma|=2592: frames=168 eligible=0 blocked=0 max_sigma=2592 elapsed=0.6s [2205/2489 shapes]
SHAPE (12,12,36) p=2 k=2 |Sigma|=2592: frames=36 eligible=0 blocked=0 max_sigma=2592 elapsed=0.2s [2208/2489 shapes]
SHAPE (12,12,36) p=2 k=2 |Sigma|=2592: frames=36 eligible=0 blocked=0 max_sigma=2592 elapsed=0.1s [2210/2489 shapes]
SHAPE (12,18,24) p=2 k=2 |Sigma|=2592: frames=18 eligible=0 blocked=0 max_sigma=2592 elapsed=0.1s [2217/2489 shapes]
SHAPE (12,18,24) p=2 k=2 |Sigma|=2592: frames=24 eligible=0 blocked=0 max_sigma=2592 elapsed=0.1s [2219/2489 shapes]
SHAPE (12,18,24) p=2 k=2 |Sigma|=2592: frames=18 eligible=0 blocked=0 max_sigma=2592 elapsed=0.1s [2220/2489 shapes]
SHAPE (12,18,24) p=2 k=2 |Sigma|=2592: frames=48 eligible=0 blocked=0 max_sigma=2592 elapsed=0.2s [2222/2489 shapes]
SHAPE (12,18,24) p=2 k=2 |Sigma|=2592: frames=72 eligible=0 blocked=0 max_sigma=2592 elapsed=0.3s [2224/2489 shapes]
SHAPE (12,18,24) p=2 k=2 |Sigma|=2592: frames=60 eligible=0 blocked=0 max_sigma=2592 elapsed=0.2s [2225/2489 shapes]
SHAPE (12,18,24) p=2 k=2 |Sigma|=2592: frames=60 eligible=0 blocked=0 max_sigma=2592 elapsed=0.2s [2226/2489 shapes]
SHAPE (12,24,18) p=2 k=2 |Sigma|=2592: frames=18 eligible=0 blocked=0 max_sigma=2592 elapsed=0.1s [2230/2489 shapes]
SHAPE (12,24,18) p=2 k=2 |Sigma|=2592: frames=72 eligible=0 blocked=0 max_sigma=2592 elapsed=0.3s [2234/2489 shapes]
SHAPE (12,24,18) p=2 k=2 |Sigma|=2592: frames=24 eligible=0 blocked=0 max_sigma=2592 elapsed=0.1s [2236/2489 shapes]
SHAPE (12,24,18) p=2 k=2 |Sigma|=2592: frames=60 eligible=0 blocked=0 max_sigma=2592 elapsed=0.2s [2237/2489 shapes]
SHAPE (12,24,18) p=2 k=2 |Sigma|=2592: frames=18 eligible=0 blocked=0 max_sigma=2592 elapsed=0.1s [2239/2489 shapes]
SHAPE (12,24,18) p=2 k=2 |Sigma|=2592: frames=60 eligible=0 blocked=0 max_sigma=2592 elapsed=0.2s [2240/2489 shapes]
SHAPE (12,24,18) p=2 k=2 |Sigma|=2592: frames=48 eligible=0 blocked=0 max_sigma=2592 elapsed=0.2s [2245/2489 shapes]
{"type":"config","target":"SymmetricGroup(6)","p":2,"shape":[12,36,12],"shape_sd":["D12","S3 x S3","D12"],"sigma":2592,"k":2,"ncolls":5,"blocked":[true,true,true],"S_gens":"[(1,3)(2,4), (1,5,3,2,6,4), (1,3,6)(2,4,5)]","T_gens":"[(3,4), (1,6,5)(2,3,4), (5,6)]","U_gens":"[(1,2)(4,5), (1,3,2,5,6,4), (1,2,6)(3,5,4)]","semantics":"exact"}
*** KILL CANDIDATE: |Sigma|=2592 > beta_0=2400 ***
{"type":"config","target":"SymmetricGroup(6)","p":2,"shape":[12,36,12],"shape_sd":["D12","S3 x S3","D12"],"sigma":2592,"k":2,"ncolls":5,"blocked":[true,true,true],"S_gens":"[(1,3)(2,4), (1,5,3,2,6,4), (1,3,6)(2,4,5)]","T_gens":"[(3,4), (1,6,5)(2,3,4), (5,6)]","U_gens":"[(1,2)(3,6), (1,5,2,6,4,3), (1,2,4)(3,5,6)]","semantics":"exact"}
*** KILL CANDIDATE: |Sigma|=2592 > beta_0=2400 ***
{"type":"config","target":"SymmetricGroup(6)","p":2,"shape":[12,36,12],"shape_sd":["D12","S3 x S3","D12"],"sigma":2592,"k":2,"ncolls":5,"blocked":[true,true,true],"S_gens":"[(1,3)(2,4), (1,5,3,2,6,4), (1,3,6)(2,4,5)]","T_gens":"[(5,6), (1,4,3)(2,5,6), (3,4)]","U_gens":"[(1,2)(3,6), (1,4,2,3,5,6), (1,2,5)(3,6,4)]","semantics":"exact"}
*** KILL CANDIDATE: |Sigma|=2592 > beta_0=2400 ***
{"type":"config","target":"SymmetricGroup(6)","p":2,"shape":[12,36,12],"shape_sd":["D12","S3 x S3","D12"],"sigma":2592,"k":2,"ncolls":5,"blocked":[true,true,true],"S_gens":"[(1,3)(2,4), (1,5,3,2,6,4), (1,3,6)(2,4,5)]","T_gens":"[(5,6), (1,4,3)(2,5,6), (3,4)]","U_gens":"[(1,2)(4,5), (1,6,2,4,3,5), (1,2,3)(4,5,6)]","semantics":"exact"}
*** KILL CANDIDATE: |Sigma|=2592 > beta_0=2400 ***
{"type":"config","target":"SymmetricGroup(6)","p":2,"shape":[12,36,12],"shape_sd":["D12","S3 x S3","D12"],"sigma":2592,"k":2,"ncolls":5,"blocked":[true,true,true],"S_gens":"[(1,3)(2,4), (1,5,3,2,6,4), (1,3,6)(2,4,5)]","T_gens":"[(4,5), (1,6,2)(3,4,5), (2,6)]","U_gens":"[(1,5)(3,4), (1,2,5,3,6,4), (1,5,6)(2,3,4)]","semantics":"exact"}
*** KILL CANDIDATE: |Sigma|=2592 > beta_0=2400 ***
{"type":"config","target":"SymmetricGroup(6)","p":2,"shape":[12,36,12],"shape_sd":["D12","S3 x S3","D12"],"sigma":2592,"k":2,"ncolls":5,"blocked":[true,true,true],"S_gens":"[(1,3)(2,4), (1,5,3,2,6,4), (1,3,6)(2,4,5)]","T_gens":"[(4,5), (1,6,2)(3,4,5), (2,6)]","U_gens":"[(1,2)(4,6), (1,5,2,6,3,4), (1,2,3)(4,5,6)]","semantics":"exact"}
*** KILL CANDIDATE: |Sigma|=2592 > beta_0=2400 ***
{"type":"config","target":"SymmetricGroup(6)","p":2,"shape":[12,36,12],"shape_sd":["D12","S3 x S3","D12"],"sigma":2592,"k":2,"ncolls":5,"blocked":[true,true,true],"S_gens":"[(1,3)(2,4), (1,5,3,2,6,4), (1,3,6)(2,4,5)]","T_gens":"[(4,6), (1,5,2)(3,4,6), (2,5)]","U_gens":"[(1,2)(3,5), (1,6,2,3,4,5), (1,2,4)(3,5,6)]","semantics":"exact"}
*** KILL CANDIDATE: |Sigma|=2592 > beta_0=2400 ***
{"type":"config","target":"SymmetricGroup(6)","p":2,"shape":[12,36,12],"shape_sd":["D12","S3 x S3","D12"],"sigma":2592,"k":2,"ncolls":5,"blocked":[true,true,true],"S_gens":"[(1,3)(2,4), (1,5,3,2,6,4), (1,3,6)(2,4,5)]","T_gens":"[(4,6), (1,5,2)(3,4,6), (2,5)]","U_gens":"[(1,3)(5,6), (1,2,3,5,4,6), (1,3,4)(2,5,6)]","semantics":"exact"}
*** KILL CANDIDATE: |Sigma|=2592 > beta_0=2400 ***
{"type":"config","target":"SymmetricGroup(6)","p":2,"shape":[12,36,12],"shape_sd":["D12","S3 x S3","D12"],"sigma":2592,"k":2,"ncolls":5,"blocked":[true,true,true],"S_gens":"[(1,3)(2,4), (1,5,3,2,6,4), (1,3,6)(2,4,5)]","T_gens":"[(5,6), (1,4,2)(3,5,6), (2,4)]","U_gens":"[(1,5)(2,4), (1,3,5,4,6,2), (1,5,6)(2,3,4)]","semantics":"exact"}
*** KILL CANDIDATE: |Sigma|=2592 > beta_0=2400 ***
{"type":"config","target":"SymmetricGroup(6)","p":2,"shape":[12,36,12],"shape_sd":["D12","S3 x S3","D12"],"sigma":2592,"k":2,"ncolls":5,"blocked":[true,true,true],"S_gens":"[(1,3)(2,4), (1,5,3,2,6,4), (1,3,6)(2,4,5)]","T_gens":"[(5,6), (1,4,2)(3,5,6), (2,4)]","U_gens":"[(1,2)(4,6), (1,3,2,6,5,4), (1,2,5)(3,6,4)]","semantics":"exact"}
*** KILL CANDIDATE: |Sigma|=2592 > beta_0=2400 ***
{"type":"config","target":"SymmetricGroup(6)","p":2,"shape":[12,36,12],"shape_sd":["D12","S3 x S3","D12"],"sigma":2592,"k":2,"ncolls":5,"blocked":[true,true,true],"S_gens":"[(1,3)(2,4), (1,5,3,2,6,4), (1,3,6)(2,4,5)]","T_gens":"[(5,6), (1,3,2)(4,5,6), (2,3)]","U_gens":"[(1,2)(3,5), (1,4,2,3,6,5), (1,2,6)(3,5,4)]","semantics":"exact"}
*** KILL CANDIDATE: |Sigma|=2592 > beta_0=2400 ***
{"type":"config","target":"SymmetricGroup(6)","p":2,"shape":[12,36,12],"shape_sd":["D12","S3 x S3","D12"],"sigma":2592,"k":2,"ncolls":5,"blocked":[true,true,true],"S_gens":"[(1,3)(2,4), (1,5,3,2,6,4), (1,3,6)(2,4,5)]","T_gens":"[(5,6), (1,3,2)(4,5,6), (2,3)]","U_gens":"[(1,3)(2,6), (1,5,3,6,4,2), (1,3,4)(2,5,6)]","semantics":"exact"}
*** KILL CANDIDATE: |Sigma|=2592 > beta_0=2400 ***
SHAPE (12,36,12) p=2 k=2 |Sigma|=2592: frames=36 eligible=12 blocked=12 max_sigma=2592 elapsed=0.1s [2250/2489 shapes]
SHAPE (12,36,12) p=2 k=2 |Sigma|=2592: frames=168 eligible=0 blocked=0 max_sigma=2592 elapsed=0.6s [2257/2489 shapes]
SHAPE (12,36,12) p=2 k=2 |Sigma|=2592: frames=36 eligible=0 blocked=0 max_sigma=2592 elapsed=0.1s [2258/2489 shapes]
SHAPE (16,18,18) p=2 k=2 |Sigma|=2592: frames=24 eligible=0 blocked=0 max_sigma=2592 elapsed=0.1s [2265/2489 shapes]
SHAPE (16,18,18) p=2 k=2 |Sigma|=2592: frames=64 eligible=0 blocked=0 max_sigma=2592 elapsed=0.2s [2266/2489 shapes]
SHAPE (16,18,18) p=2 k=2 |Sigma|=2592: frames=64 eligible=0 blocked=0 max_sigma=2592 elapsed=0.2s [2268/2489 shapes]
SHAPE (16,18,18) p=2 k=2 |Sigma|=2592: frames=24 eligible=0 blocked=0 max_sigma=2592 elapsed=0.1s [2269/2489 shapes]
SHAPE (18,18,16) p=2 k=2 |Sigma|=2592: frames=54 eligible=0 blocked=0 max_sigma=2592 elapsed=0.2s [2321/2489 shapes]
SHAPE (18,18,16) p=2 k=2 |Sigma|=2592: frames=144 eligible=0 blocked=0 max_sigma=2592 elapsed=0.5s [2322/2489 shapes]
SHAPE (18,24,12) p=2 k=2 |Sigma|=2592: frames=72 eligible=0 blocked=0 max_sigma=2592 elapsed=0.2s [2323/2489 shapes]
SHAPE (18,24,12) p=2 k=2 |Sigma|=2592: frames=36 eligible=0 blocked=0 max_sigma=2592 elapsed=0.1s [2324/2489 shapes]
SHAPE (18,24,12) p=2 k=2 |Sigma|=2592: frames=216 eligible=0 blocked=0 max_sigma=2592 elapsed=0.7s [2325/2489 shapes]
SHAPE (18,24,12) p=2 k=2 |Sigma|=2592: frames=54 eligible=0 blocked=0 max_sigma=2592 elapsed=0.2s [2326/2489 shapes]
SHAPE (18,24,12) p=2 k=2 |Sigma|=2592: frames=72 eligible=0 blocked=0 max_sigma=2592 elapsed=0.2s [2332/2489 shapes]
SHAPE (18,24,12) p=2 k=2 |Sigma|=2592: frames=180 eligible=0 blocked=0 max_sigma=2592 elapsed=0.5s [2333/2489 shapes]
SHAPE (18,24,12) p=2 k=2 |Sigma|=2592: frames=72 eligible=0 blocked=0 max_sigma=2592 elapsed=0.2s [2334/2489 shapes]
SHAPE (18,24,12) p=2 k=2 |Sigma|=2592: frames=72 eligible=0 blocked=0 max_sigma=2592 elapsed=0.2s [2335/2489 shapes]
SHAPE (18,24,12) p=2 k=2 |Sigma|=2592: frames=180 eligible=0 blocked=0 max_sigma=2592 elapsed=0.5s [2337/2489 shapes]
SHAPE (18,24,12) p=2 k=2 |Sigma|=2592: frames=54 eligible=0 blocked=0 max_sigma=2592 elapsed=0.2s [2338/2489 shapes]
SHAPE (18,24,12) p=2 k=2 |Sigma|=2592: frames=36 eligible=0 blocked=0 max_sigma=2592 elapsed=0.1s [2343/2489 shapes]
SHAPE (18,24,12) p=2 k=2 |Sigma|=2592: frames=72 eligible=0 blocked=0 max_sigma=2592 elapsed=0.2s [2344/2489 shapes]
SHAPE (18,24,12) p=2 k=2 |Sigma|=2592: frames=144 eligible=0 blocked=0 max_sigma=2592 elapsed=0.4s [2346/2489 shapes]
SHAPE (18,36,8) p=2 k=2 |Sigma|=2592: frames=45 eligible=0 blocked=0 max_sigma=2592 elapsed=0.2s [2347/2489 shapes]
SHAPE (18,36,8) p=2 k=2 |Sigma|=2592: frames=99 eligible=0 blocked=0 max_sigma=2592 elapsed=0.3s [2349/2489 shapes]
SHAPE (18,36,8) p=2 k=2 |Sigma|=2592: frames=135 eligible=0 blocked=0 max_sigma=2592 elapsed=0.5s [2350/2489 shapes]
SHAPE (18,36,8) p=2 k=2 |Sigma|=2592: frames=99 eligible=0 blocked=0 max_sigma=2592 elapsed=0.4s [2353/2489 shapes]
SHAPE (18,36,8) p=2 k=2 |Sigma|=2592: frames=45 eligible=0 blocked=0 max_sigma=2592 elapsed=0.1s [2361/2489 shapes]
SHAPE (18,36,8) p=2 k=2 |Sigma|=2592: frames=18 eligible=0 blocked=0 max_sigma=2592 elapsed=0.1s [2362/2489 shapes]
SHAPE (18,36,8) p=2 k=2 |Sigma|=2592: frames=189 eligible=0 blocked=0 max_sigma=2592 elapsed=0.6s [2363/2489 shapes]
SHAPE (18,36,8) p=2 k=2 |Sigma|=2592: frames=261 eligible=0 blocked=0 max_sigma=2592 elapsed=0.8s [2364/2489 shapes]
SHAPE (18,36,8) p=2 k=2 |Sigma|=2592: frames=162 eligible=0 blocked=0 max_sigma=2592 elapsed=0.5s [2365/2489 shapes]
SHAPE (18,36,8) p=2 k=2 |Sigma|=2592: frames=99 eligible=0 blocked=0 max_sigma=2592 elapsed=0.3s [2367/2489 shapes]
SHAPE (18,18,16) p=2 k=2 |Sigma|=2592: frames=54 eligible=0 blocked=0 max_sigma=2592 elapsed=0.2s [2368/2489 shapes]
SHAPE (18,24,12) p=2 k=2 |Sigma|=2592: frames=36 eligible=0 blocked=0 max_sigma=2592 elapsed=0.1s [2373/2489 shapes]
SHAPE (18,24,12) p=2 k=2 |Sigma|=2592: frames=72 eligible=0 blocked=0 max_sigma=2592 elapsed=0.2s [2374/2489 shapes]
SHAPE (18,24,12) p=2 k=2 |Sigma|=2592: frames=54 eligible=0 blocked=0 max_sigma=2592 elapsed=0.2s [2375/2489 shapes]
SHAPE (18,24,12) p=2 k=2 |Sigma|=2592: frames=216 eligible=0 blocked=0 max_sigma=2592 elapsed=0.6s [2376/2489 shapes]
SHAPE (18,24,12) p=2 k=2 |Sigma|=2592: frames=72 eligible=0 blocked=0 max_sigma=2592 elapsed=0.2s [2378/2489 shapes]
SHAPE (18,24,12) p=2 k=2 |Sigma|=2592: frames=54 eligible=0 blocked=0 max_sigma=2592 elapsed=0.2s [2379/2489 shapes]
SHAPE (18,24,12) p=2 k=2 |Sigma|=2592: frames=180 eligible=0 blocked=0 max_sigma=2592 elapsed=0.5s [2380/2489 shapes]
SHAPE (18,24,12) p=2 k=2 |Sigma|=2592: frames=72 eligible=0 blocked=0 max_sigma=2592 elapsed=0.2s [2381/2489 shapes]
SHAPE (18,24,12) p=2 k=2 |Sigma|=2592: frames=72 eligible=0 blocked=0 max_sigma=2592 elapsed=0.2s [2383/2489 shapes]
SHAPE (18,24,12) p=2 k=2 |Sigma|=2592: frames=180 eligible=0 blocked=0 max_sigma=2592 elapsed=0.5s [2384/2489 shapes]
SHAPE (18,24,12) p=2 k=2 |Sigma|=2592: frames=72 eligible=0 blocked=0 max_sigma=2592 elapsed=0.2s [2385/2489 shapes]
SHAPE (18,24,12) p=2 k=2 |Sigma|=2592: frames=36 eligible=0 blocked=0 max_sigma=2592 elapsed=0.1s [2386/2489 shapes]
SHAPE (18,24,12) p=2 k=2 |Sigma|=2592: frames=144 eligible=0 blocked=0 max_sigma=2592 elapsed=0.5s [2387/2489 shapes]
SHAPE (18,36,8) p=2 k=2 |Sigma|=2592: frames=45 eligible=0 blocked=0 max_sigma=2592 elapsed=0.2s [2401/2489 shapes]
SHAPE (18,36,8) p=2 k=2 |Sigma|=2592: frames=99 eligible=0 blocked=0 max_sigma=2592 elapsed=0.3s [2402/2489 shapes]
SHAPE (18,36,8) p=2 k=2 |Sigma|=2592: frames=135 eligible=0 blocked=0 max_sigma=2592 elapsed=0.4s [2403/2489 shapes]
SHAPE (18,36,8) p=2 k=2 |Sigma|=2592: frames=99 eligible=0 blocked=0 max_sigma=2592 elapsed=0.3s [2404/2489 shapes]
SHAPE (18,36,8) p=2 k=2 |Sigma|=2592: frames=18 eligible=0 blocked=0 max_sigma=2592 elapsed=0.1s [2407/2489 shapes]
SHAPE (18,36,8) p=2 k=2 |Sigma|=2592: frames=45 eligible=0 blocked=0 max_sigma=2592 elapsed=0.1s [2408/2489 shapes]
SHAPE (18,36,8) p=2 k=2 |Sigma|=2592: frames=189 eligible=0 blocked=0 max_sigma=2592 elapsed=0.6s [2409/2489 shapes]
SHAPE (18,36,8) p=2 k=2 |Sigma|=2592: frames=261 eligible=0 blocked=0 max_sigma=2592 elapsed=0.7s [2410/2489 shapes]
SHAPE (18,36,8) p=2 k=2 |Sigma|=2592: frames=99 eligible=0 blocked=0 max_sigma=2592 elapsed=0.3s [2411/2489 shapes]
SHAPE (18,36,8) p=2 k=2 |Sigma|=2592: frames=162 eligible=0 blocked=0 max_sigma=2592 elapsed=0.5s [2413/2489 shapes]
SHAPE (24,24,9) p=2 k=2 |Sigma|=2592: frames=48 eligible=0 blocked=0 max_sigma=2592 elapsed=0.2s [2415/2489 shapes]
SHAPE (24,24,9) p=2 k=2 |Sigma|=2592: frames=48 eligible=0 blocked=0 max_sigma=2592 elapsed=0.1s [2416/2489 shapes]
SHAPE (24,24,9) p=2 k=2 |Sigma|=2592: frames=48 eligible=0 blocked=0 max_sigma=2592 elapsed=0.1s [2422/2489 shapes]
SHAPE (24,24,9) p=2 k=2 |Sigma|=2592: frames=48 eligible=0 blocked=0 max_sigma=2592 elapsed=0.1s [2427/2489 shapes]
SHAPE (24,24,9) p=2 k=2 |Sigma|=2592: frames=48 eligible=0 blocked=0 max_sigma=2592 elapsed=0.1s [2431/2489 shapes]
SHAPE (24,24,9) p=2 k=2 |Sigma|=2592: frames=48 eligible=0 blocked=0 max_sigma=2592 elapsed=0.1s [2433/2489 shapes]
SHAPE (16,16,20) p=2 k=3 |Sigma|=2560: frames=144 eligible=0 blocked=0 max_sigma=2592 elapsed=0.5s [2435/2489 shapes]
{"type":"config","target":"SymmetricGroup(6)","p":2,"shape":[16,16,20],"shape_sd":["C2 x D8","C2 x D8","C5 : C4"],"sigma":2560,"k":2,"ncolls":8,"blocked":[true,true,true],"S_gens":"[(1,3,2,4), (5,6), (3,4)]","T_gens":"[(1,2,3,5), (4,6), (2,5)]","U_gens":"[(1,5,4,3), (1,3,5,4,6)]","semantics":"exact"}
*** KILL CANDIDATE: |Sigma|=2560 > beta_0=2400 ***
{"type":"config","target":"SymmetricGroup(6)","p":2,"shape":[16,16,20],"shape_sd":["C2 x D8","C2 x D8","C5 : C4"],"sigma":2560,"k":2,"ncolls":8,"blocked":[true,true,true],"S_gens":"[(1,3,2,4), (5,6), (3,4)]","T_gens":"[(1,2,3,5), (4,6), (2,5)]","U_gens":"[(1,4,5,2), (1,4,6,2,5)]","semantics":"exact"}
*** KILL CANDIDATE: |Sigma|=2560 > beta_0=2400 ***
{"type":"config","target":"SymmetricGroup(6)","p":2,"shape":[16,16,20],"shape_sd":["C2 x D8","C2 x D8","C5 : C4"],"sigma":2560,"k":2,"ncolls":8,"blocked":[true,true,true],"S_gens":"[(1,3,2,4), (5,6), (3,4)]","T_gens":"[(1,2,3,6), (4,5), (2,6)]","U_gens":"[(1,3,5,4), (1,4,3,5,6)]","semantics":"exact"}
*** KILL CANDIDATE: |Sigma|=2560 > beta_0=2400 ***
{"type":"config","target":"SymmetricGroup(6)","p":2,"shape":[16,16,20],"shape_sd":["C2 x D8","C2 x D8","C5 : C4"],"sigma":2560,"k":2,"ncolls":8,"blocked":[true,true,true],"S_gens":"[(1,3,2,4), (5,6), (3,4)]","T_gens":"[(1,2,3,6), (4,5), (2,6)]","U_gens":"[(1,5,2,4), (1,6,2,5,4)]","semantics":"exact"}
*** KILL CANDIDATE: |Sigma|=2560 > beta_0=2400 ***
{"type":"config","target":"SymmetricGroup(6)","p":2,"shape":[16,16,20],"shape_sd":["C2 x D8","C2 x D8","C5 : C4"],"sigma":2560,"k":2,"ncolls":8,"blocked":[true,true,true],"S_gens":"[(1,3,2,4), (5,6), (3,4)]","T_gens":"[(1,4,3,5), (2,6), (4,5)]","U_gens":"[(2,5,4,3), (2,3,5,4,6)]","semantics":"exact"}
*** KILL CANDIDATE: |Sigma|=2560 > beta_0=2400 ***
{"type":"config","target":"SymmetricGroup(6)","p":2,"shape":[16,16,20],"shape_sd":["C2 x D8","C2 x D8","C5 : C4"],"sigma":2560,"k":2,"ncolls":8,"blocked":[true,true,true],"S_gens":"[(1,3,2,4), (5,6), (3,4)]","T_gens":"[(1,4,3,5), (2,6), (4,5)]","U_gens":"[(1,3,5,2), (1,3,6,2,5)]","semantics":"exact"}
*** KILL CANDIDATE: |Sigma|=2560 > beta_0=2400 ***
{"type":"config","target":"SymmetricGroup(6)","p":2,"shape":[16,16,20],"shape_sd":["C2 x D8","C2 x D8","C5 : C4"],"sigma":2560,"k":2,"ncolls":8,"blocked":[true,true,true],"S_gens":"[(1,3,2,4), (5,6), (3,4)]","T_gens":"[(1,4,3,6), (2,5), (4,6)]","U_gens":"[(2,3,5,4), (2,4,3,5,6)]","semantics":"exact"}
*** KILL CANDIDATE: |Sigma|=2560 > beta_0=2400 ***
{"type":"config","target":"SymmetricGroup(6)","p":2,"shape":[16,16,20],"shape_sd":["C2 x D8","C2 x D8","C5 : C4"],"sigma":2560,"k":2,"ncolls":8,"blocked":[true,true,true],"S_gens":"[(1,3,2,4), (5,6), (3,4)]","T_gens":"[(1,4,3,6), (2,5), (4,6)]","U_gens":"[(1,5,2,3), (1,6,2,5,3)]","semantics":"exact"}
*** KILL CANDIDATE: |Sigma|=2560 > beta_0=2400 ***
{"type":"config","target":"SymmetricGroup(6)","p":2,"shape":[16,16,20],"shape_sd":["C2 x D8","C2 x D8","C5 : C4"],"sigma":2560,"k":2,"ncolls":8,"blocked":[true,true,true],"S_gens":"[(1,3,2,4), (5,6), (3,4)]","T_gens":"[(1,2,4,5), (3,6), (2,5)]","U_gens":"[(1,5,3,4), (1,4,5,3,6)]","semantics":"exact"}
*** KILL CANDIDATE: |Sigma|=2560 > beta_0=2400 ***
{"type":"config","target":"SymmetricGroup(6)","p":2,"shape":[16,16,20],"shape_sd":["C2 x D8","C2 x D8","C5 : C4"],"sigma":2560,"k":2,"ncolls":8,"blocked":[true,true,true],"S_gens":"[(1,3,2,4), (5,6), (3,4)]","T_gens":"[(1,2,4,5), (3,6), (2,5)]","U_gens":"[(1,3,5,2), (1,3,6,2,5)]","semantics":"exact"}
*** KILL CANDIDATE: |Sigma|=2560 > beta_0=2400 ***
{"type":"config","target":"SymmetricGroup(6)","p":2,"shape":[16,16,20],"shape_sd":["C2 x D8","C2 x D8","C5 : C4"],"sigma":2560,"k":2,"ncolls":8,"blocked":[true,true,true],"S_gens":"[(1,3,2,4), (5,6), (3,4)]","T_gens":"[(1,2,4,6), (3,5), (2,6)]","U_gens":"[(1,4,5,3), (1,3,4,5,6)]","semantics":"exact"}
*** KILL CANDIDATE: |Sigma|=2560 > beta_0=2400 ***
{"type":"config","target":"SymmetricGroup(6)","p":2,"shape":[16,16,20],"shape_sd":["C2 x D8","C2 x D8","C5 : C4"],"sigma":2560,"k":2,"ncolls":8,"blocked":[true,true,true],"S_gens":"[(1,3,2,4), (5,6), (3,4)]","T_gens":"[(1,2,4,6), (3,5), (2,6)]","U_gens":"[(1,5,2,3), (1,6,2,5,3)]","semantics":"exact"}
*** KILL CANDIDATE: |Sigma|=2560 > beta_0=2400 ***
{"type":"config","target":"SymmetricGroup(6)","p":2,"shape":[16,16,20],"shape_sd":["C2 x D8","C2 x D8","C5 : C4"],"sigma":2560,"k":2,"ncolls":8,"blocked":[true,true,true],"S_gens":"[(1,3,2,4), (5,6), (3,4)]","T_gens":"[(1,3,4,5), (2,6), (3,5)]","U_gens":"[(2,5,3,4), (2,4,5,3,6)]","semantics":"exact"}
*** KILL CANDIDATE: |Sigma|=2560 > beta_0=2400 ***
{"type":"config","target":"SymmetricGroup(6)","p":2,"shape":[16,16,20],"shape_sd":["C2 x D8","C2 x D8","C5 : C4"],"sigma":2560,"k":2,"ncolls":8,"blocked":[true,true,true],"S_gens":"[(1,3,2,4), (5,6), (3,4)]","T_gens":"[(1,3,4,5), (2,6), (3,5)]","U_gens":"[(1,4,5,2), (1,4,6,2,5)]","semantics":"exact"}
*** KILL CANDIDATE: |Sigma|=2560 > beta_0=2400 ***
{"type":"config","target":"SymmetricGroup(6)","p":2,"shape":[16,16,20],"shape_sd":["C2 x D8","C2 x D8","C5 : C4"],"sigma":2560,"k":2,"ncolls":8,"blocked":[true,true,true],"S_gens":"[(1,3,2,4), (5,6), (3,4)]","T_gens":"[(1,3,4,6), (2,5), (3,6)]","U_gens":"[(2,4,5,3), (2,3,4,5,6)]","semantics":"exact"}
*** KILL CANDIDATE: |Sigma|=2560 > beta_0=2400 ***
{"type":"config","target":"SymmetricGroup(6)","p":2,"shape":[16,16,20],"shape_sd":["C2 x D8","C2 x D8","C5 : C4"],"sigma":2560,"k":2,"ncolls":8,"blocked":[true,true,true],"S_gens":"[(1,3,2,4), (5,6), (3,4)]","T_gens":"[(1,3,4,6), (2,5), (3,6)]","U_gens":"[(1,5,2,4), (1,6,2,5,4)]","semantics":"exact"}
*** KILL CANDIDATE: |Sigma|=2560 > beta_0=2400 ***
{"type":"config","target":"SymmetricGroup(6)","p":2,"shape":[16,16,20],"shape_sd":["C2 x D8","C2 x D8","C5 : C4"],"sigma":2560,"k":2,"ncolls":8,"blocked":[true,true,true],"S_gens":"[(1,3,2,4), (5,6), (3,4)]","T_gens":"[(1,2,5,3), (4,6), (2,3)]","U_gens":"[(2,5,4,3), (2,3,5,4,6)]","semantics":"exact"}
*** KILL CANDIDATE: |Sigma|=2560 > beta_0=2400 ***
{"type":"config","target":"SymmetricGroup(6)","p":2,"shape":[16,16,20],"shape_sd":["C2 x D8","C2 x D8","C5 : C4"],"sigma":2560,"k":2,"ncolls":8,"blocked":[true,true,true],"S_gens":"[(1,3,2,4), (5,6), (3,4)]","T_gens":"[(1,2,5,3), (4,6), (2,3)]","U_gens":"[(1,2,4,5), (1,4,5,6,2)]","semantics":"exact"}
*** KILL CANDIDATE: |Sigma|=2560 > beta_0=2400 ***
{"type":"config","target":"SymmetricGroup(6)","p":2,"shape":[16,16,20],"shape_sd":["C2 x D8","C2 x D8","C5 : C4"],"sigma":2560,"k":2,"ncolls":8,"blocked":[true,true,true],"S_gens":"[(1,3,2,4), (5,6), (3,4)]","T_gens":"[(1,2,5,4), (3,6), (2,4)]","U_gens":"[(2,5,3,4), (2,4,5,3,6)]","semantics":"exact"}
*** KILL CANDIDATE: |Sigma|=2560 > beta_0=2400 ***
{"type":"config","target":"SymmetricGroup(6)","p":2,"shape":[16,16,20],"shape_sd":["C2 x D8","C2 x D8","C5 : C4"],"sigma":2560,"k":2,"ncolls":8,"blocked":[true,true,true],"S_gens":"[(1,3,2,4), (5,6), (3,4)]","T_gens":"[(1,2,5,4), (3,6), (2,4)]","U_gens":"[(1,2,3,5), (1,3,5,6,2)]","semantics":"exact"}
*** KILL CANDIDATE: |Sigma|=2560 > beta_0=2400 ***
{"type":"config","target":"SymmetricGroup(6)","p":2,"shape":[16,16,20],"shape_sd":["C2 x D8","C2 x D8","C5 : C4"],"sigma":2560,"k":2,"ncolls":8,"blocked":[true,true,true],"S_gens":"[(1,3,2,4), (5,6), (3,4)]","T_gens":"[(1,2,6,3), (4,5), (2,3)]","U_gens":"[(2,3,5,4), (2,4,3,5,6)]","semantics":"exact"}
*** KILL CANDIDATE: |Sigma|=2560 > beta_0=2400 ***
{"type":"config","target":"SymmetricGroup(6)","p":2,"shape":[16,16,20],"shape_sd":["C2 x D8","C2 x D8","C5 : C4"],"sigma":2560,"k":2,"ncolls":8,"blocked":[true,true,true],"S_gens":"[(1,3,2,4), (5,6), (3,4)]","T_gens":"[(1,2,6,3), (4,5), (2,3)]","U_gens":"[(1,4,2,5), (1,6,2,4,5)]","semantics":"exact"}
*** KILL CANDIDATE: |Sigma|=2560 > beta_0=2400 ***
{"type":"config","target":"SymmetricGroup(6)","p":2,"shape":[16,16,20],"shape_sd":["C2 x D8","C2 x D8","C5 : C4"],"sigma":2560,"k":2,"ncolls":8,"blocked":[true,true,true],"S_gens":"[(1,3,2,4), (5,6), (3,4)]","T_gens":"[(1,2,6,4), (3,5), (2,4)]","U_gens":"[(2,4,5,3), (2,3,4,5,6)]","semantics":"exact"}
*** KILL CANDIDATE: |Sigma|=2560 > beta_0=2400 ***
{"type":"config","target":"SymmetricGroup(6)","p":2,"shape":[16,16,20],"shape_sd":["C2 x D8","C2 x D8","C5 : C4"],"sigma":2560,"k":2,"ncolls":8,"blocked":[true,true,true],"S_gens":"[(1,3,2,4), (5,6), (3,4)]","T_gens":"[(1,2,6,4), (3,5), (2,4)]","U_gens":"[(1,3,2,5), (1,6,2,3,5)]","semantics":"exact"}
*** KILL CANDIDATE: |Sigma|=2560 > beta_0=2400 ***
{"type":"config","target":"SymmetricGroup(6)","p":2,"shape":[16,16,20],"shape_sd":["C2 x D8","C2 x D8","C5 : C4"],"sigma":2560,"k":2,"ncolls":8,"blocked":[true,true,true],"S_gens":"[(1,3,2,4), (5,6), (3,4)]","T_gens":"[(2,4,3,5), (1,6), (4,5)]","U_gens":"[(1,5,4,3), (1,3,5,4,6)]","semantics":"exact"}
*** KILL CANDIDATE: |Sigma|=2560 > beta_0=2400 ***
{"type":"config","target":"SymmetricGroup(6)","p":2,"shape":[16,16,20],"shape_sd":["C2 x D8","C2 x D8","C5 : C4"],"sigma":2560,"k":2,"ncolls":8,"blocked":[true,true,true],"S_gens":"[(1,3,2,4), (5,6), (3,4)]","T_gens":"[(2,4,3,5), (1,6), (4,5)]","U_gens":"[(1,2,3,5), (1,3,5,6,2)]","semantics":"exact"}
*** KILL CANDIDATE: |Sigma|=2560 > beta_0=2400 ***
{"type":"config","target":"SymmetricGroup(6)","p":2,"shape":[16,16,20],"shape_sd":["C2 x D8","C2 x D8","C5 : C4"],"sigma":2560,"k":2,"ncolls":8,"blocked":[true,true,true],"S_gens":"[(1,3,2,4), (5,6), (3,4)]","T_gens":"[(2,4,3,6), (1,5), (4,6)]","U_gens":"[(1,3,5,4), (1,4,3,5,6)]","semantics":"exact"}
*** KILL CANDIDATE: |Sigma|=2560 > beta_0=2400 ***
{"type":"config","target":"SymmetricGroup(6)","p":2,"shape":[16,16,20],"shape_sd":["C2 x D8","C2 x D8","C5 : C4"],"sigma":2560,"k":2,"ncolls":8,"blocked":[true,true,true],"S_gens":"[(1,3,2,4), (5,6), (3,4)]","T_gens":"[(2,4,3,6), (1,5), (4,6)]","U_gens":"[(1,3,2,5), (1,6,2,3,5)]","semantics":"exact"}
*** KILL CANDIDATE: |Sigma|=2560 > beta_0=2400 ***
{"type":"config","target":"SymmetricGroup(6)","p":2,"shape":[16,16,20],"shape_sd":["C2 x D8","C2 x D8","C5 : C4"],"sigma":2560,"k":2,"ncolls":8,"blocked":[true,true,true],"S_gens":"[(1,3,2,4), (5,6), (3,4)]","T_gens":"[(2,3,4,5), (1,6), (3,5)]","U_gens":"[(1,5,3,4), (1,4,5,3,6)]","semantics":"exact"}
*** KILL CANDIDATE: |Sigma|=2560 > beta_0=2400 ***
{"type":"config","target":"SymmetricGroup(6)","p":2,"shape":[16,16,20],"shape_sd":["C2 x D8","C2 x D8","C5 : C4"],"sigma":2560,"k":2,"ncolls":8,"blocked":[true,true,true],"S_gens":"[(1,3,2,4), (5,6), (3,4)]","T_gens":"[(2,3,4,5), (1,6), (3,5)]","U_gens":"[(1,2,4,5), (1,4,5,6,2)]","semantics":"exact"}
*** KILL CANDIDATE: |Sigma|=2560 > beta_0=2400 ***
{"type":"config","target":"SymmetricGroup(6)","p":2,"shape":[16,16,20],"shape_sd":["C2 x D8","C2 x D8","C5 : C4"],"sigma":2560,"k":2,"ncolls":8,"blocked":[true,true,true],"S_gens":"[(1,3,2,4), (5,6), (3,4)]","T_gens":"[(2,3,4,6), (1,5), (3,6)]","U_gens":"[(1,4,5,3), (1,3,4,5,6)]","semantics":"exact"}
*** KILL CANDIDATE: |Sigma|=2560 > beta_0=2400 ***
{"type":"config","target":"SymmetricGroup(6)","p":2,"shape":[16,16,20],"shape_sd":["C2 x D8","C2 x D8","C5 : C4"],"sigma":2560,"k":2,"ncolls":8,"blocked":[true,true,true],"S_gens":"[(1,3,2,4), (5,6), (3,4)]","T_gens":"[(2,3,4,6), (1,5), (3,6)]","U_gens":"[(1,4,2,5), (1,6,2,4,5)]","semantics":"exact"}
*** KILL CANDIDATE: |Sigma|=2560 > beta_0=2400 ***
SHAPE (16,16,20) p=2 k=2 |Sigma|=2560: frames=144 eligible=32 blocked=32 max_sigma=2592 elapsed=0.5s [2436/2489 shapes]
{"type":"config","target":"SymmetricGroup(6)","p":2,"shape":[16,20,16],"shape_sd":["C2 x D8","C5 : C4","C2 x D8"],"sigma":2560,"k":2,"ncolls":8,"blocked":[true,true,true],"S_gens":"[(1,3,2,4), (5,6), (3,4)]","T_gens":"[(2,4,5,3), (2,3,4,5,6)]","U_gens":"[(1,2,6,4), (3,5), (2,4)]","semantics":"exact"}
*** KILL CANDIDATE: |Sigma|=2560 > beta_0=2400 ***
{"type":"config","target":"SymmetricGroup(6)","p":2,"shape":[16,20,16],"shape_sd":["C2 x D8","C5 : C4","C2 x D8"],"sigma":2560,"k":2,"ncolls":8,"blocked":[true,true,true],"S_gens":"[(1,3,2,4), (5,6), (3,4)]","T_gens":"[(2,5,4,3), (2,3,5,4,6)]","U_gens":"[(1,2,5,3), (4,6), (2,3)]","semantics":"exact"}
*** KILL CANDIDATE: |Sigma|=2560 > beta_0=2400 ***
{"type":"config","target":"SymmetricGroup(6)","p":2,"shape":[16,20,16],"shape_sd":["C2 x D8","C5 : C4","C2 x D8"],"sigma":2560,"k":2,"ncolls":8,"blocked":[true,true,true],"S_gens":"[(1,3,2,4), (5,6), (3,4)]","T_gens":"[(2,3,5,4), (2,4,3,5,6)]","U_gens":"[(1,2,6,3), (4,5), (2,3)]","semantics":"exact"}
*** KILL CANDIDATE: |Sigma|=2560 > beta_0=2400 ***
{"type":"config","target":"SymmetricGroup(6)","p":2,"shape":[16,20,16],"shape_sd":["C2 x D8","C5 : C4","C2 x D8"],"sigma":2560,"k":2,"ncolls":8,"blocked":[true,true,true],"S_gens":"[(1,3,2,4), (5,6), (3,4)]","T_gens":"[(2,5,3,4), (2,4,5,3,6)]","U_gens":"[(1,2,5,4), (3,6), (2,4)]","semantics":"exact"}
*** KILL CANDIDATE: |Sigma|=2560 > beta_0=2400 ***
{"type":"config","target":"SymmetricGroup(6)","p":2,"shape":[16,20,16],"shape_sd":["C2 x D8","C5 : C4","C2 x D8"],"sigma":2560,"k":2,"ncolls":8,"blocked":[true,true,true],"S_gens":"[(1,3,2,4), (5,6), (3,4)]","T_gens":"[(1,4,5,3), (1,3,4,5,6)]","U_gens":"[(1,2,4,6), (3,5), (2,6)]","semantics":"exact"}
*** KILL CANDIDATE: |Sigma|=2560 > beta_0=2400 ***
{"type":"config","target":"SymmetricGroup(6)","p":2,"shape":[16,20,16],"shape_sd":["C2 x D8","C5 : C4","C2 x D8"],"sigma":2560,"k":2,"ncolls":8,"blocked":[true,true,true],"S_gens":"[(1,3,2,4), (5,6), (3,4)]","T_gens":"[(1,5,4,3), (1,3,5,4,6)]","U_gens":"[(1,2,3,5), (4,6), (2,5)]","semantics":"exact"}
*** KILL CANDIDATE: |Sigma|=2560 > beta_0=2400 ***
{"type":"config","target":"SymmetricGroup(6)","p":2,"shape":[16,20,16],"shape_sd":["C2 x D8","C5 : C4","C2 x D8"],"sigma":2560,"k":2,"ncolls":8,"blocked":[true,true,true],"S_gens":"[(1,3,2,4), (5,6), (3,4)]","T_gens":"[(1,3,5,4), (1,4,3,5,6)]","U_gens":"[(1,2,3,6), (4,5), (2,6)]","semantics":"exact"}
*** KILL CANDIDATE: |Sigma|=2560 > beta_0=2400 ***
{"type":"config","target":"SymmetricGroup(6)","p":2,"shape":[16,20,16],"shape_sd":["C2 x D8","C5 : C4","C2 x D8"],"sigma":2560,"k":2,"ncolls":8,"blocked":[true,true,true],"S_gens":"[(1,3,2,4), (5,6), (3,4)]","T_gens":"[(1,5,3,4), (1,4,5,3,6)]","U_gens":"[(1,2,4,5), (3,6), (2,5)]","semantics":"exact"}
*** KILL CANDIDATE: |Sigma|=2560 > beta_0=2400 ***
{"type":"config","target":"SymmetricGroup(6)","p":2,"shape":[16,20,16],"shape_sd":["C2 x D8","C5 : C4","C2 x D8"],"sigma":2560,"k":2,"ncolls":8,"blocked":[true,true,true],"S_gens":"[(1,3,2,4), (5,6), (3,4)]","T_gens":"[(1,2,4,5), (1,4,5,6,2)]","U_gens":"[(2,3,4,5), (1,6), (3,5)]","semantics":"exact"}
*** KILL CANDIDATE: |Sigma|=2560 > beta_0=2400 ***
{"type":"config","target":"SymmetricGroup(6)","p":2,"shape":[16,20,16],"shape_sd":["C2 x D8","C5 : C4","C2 x D8"],"sigma":2560,"k":2,"ncolls":8,"blocked":[true,true,true],"S_gens":"[(1,3,2,4), (5,6), (3,4)]","T_gens":"[(1,4,2,5), (1,6,2,4,5)]","U_gens":"[(2,3,4,6), (1,5), (3,6)]","semantics":"exact"}
*** KILL CANDIDATE: |Sigma|=2560 > beta_0=2400 ***
{"type":"config","target":"SymmetricGroup(6)","p":2,"shape":[16,20,16],"shape_sd":["C2 x D8","C5 : C4","C2 x D8"],"sigma":2560,"k":2,"ncolls":8,"blocked":[true,true,true],"S_gens":"[(1,3,2,4), (5,6), (3,4)]","T_gens":"[(1,4,5,2), (1,4,6,2,5)]","U_gens":"[(1,3,4,5), (2,6), (3,5)]","semantics":"exact"}
*** KILL CANDIDATE: |Sigma|=2560 > beta_0=2400 ***
{"type":"config","target":"SymmetricGroup(6)","p":2,"shape":[16,20,16],"shape_sd":["C2 x D8","C5 : C4","C2 x D8"],"sigma":2560,"k":2,"ncolls":8,"blocked":[true,true,true],"S_gens":"[(1,3,2,4), (5,6), (3,4)]","T_gens":"[(1,5,2,4), (1,6,2,5,4)]","U_gens":"[(1,3,4,6), (2,5), (3,6)]","semantics":"exact"}
*** KILL CANDIDATE: |Sigma|=2560 > beta_0=2400 ***
{"type":"config","target":"SymmetricGroup(6)","p":2,"shape":[16,20,16],"shape_sd":["C2 x D8","C5 : C4","C2 x D8"],"sigma":2560,"k":2,"ncolls":8,"blocked":[true,true,true],"S_gens":"[(1,3,2,4), (5,6), (3,4)]","T_gens":"[(1,3,2,5), (1,6,2,3,5)]","U_gens":"[(2,4,3,6), (1,5), (4,6)]","semantics":"exact"}
*** KILL CANDIDATE: |Sigma|=2560 > beta_0=2400 ***
{"type":"config","target":"SymmetricGroup(6)","p":2,"shape":[16,20,16],"shape_sd":["C2 x D8","C5 : C4","C2 x D8"],"sigma":2560,"k":2,"ncolls":8,"blocked":[true,true,true],"S_gens":"[(1,3,2,4), (5,6), (3,4)]","T_gens":"[(1,2,3,5), (1,3,5,6,2)]","U_gens":"[(2,4,3,5), (1,6), (4,5)]","semantics":"exact"}
*** KILL CANDIDATE: |Sigma|=2560 > beta_0=2400 ***
{"type":"config","target":"SymmetricGroup(6)","p":2,"shape":[16,20,16],"shape_sd":["C2 x D8","C5 : C4","C2 x D8"],"sigma":2560,"k":2,"ncolls":8,"blocked":[true,true,true],"S_gens":"[(1,3,2,4), (5,6), (3,4)]","T_gens":"[(1,5,2,3), (1,6,2,5,3)]","U_gens":"[(1,4,3,6), (2,5), (4,6)]","semantics":"exact"}
*** KILL CANDIDATE: |Sigma|=2560 > beta_0=2400 ***
{"type":"config","target":"SymmetricGroup(6)","p":2,"shape":[16,20,16],"shape_sd":["C2 x D8","C5 : C4","C2 x D8"],"sigma":2560,"k":2,"ncolls":8,"blocked":[true,true,true],"S_gens":"[(1,3,2,4), (5,6), (3,4)]","T_gens":"[(1,3,5,2), (1,3,6,2,5)]","U_gens":"[(1,4,3,5), (2,6), (4,5)]","semantics":"exact"}
*** KILL CANDIDATE: |Sigma|=2560 > beta_0=2400 ***
SHAPE (16,20,16) p=2 k=2 |Sigma|=2560: frames=144 eligible=16 blocked=16 max_sigma=2592 elapsed=0.5s [2437/2489 shapes]
SHAPE (10,20,24) p=2 k=3 |Sigma|=2400: frames=120 eligible=0 blocked=0 max_sigma=2592 elapsed=0.4s [2440/2489 shapes]
SHAPE (10,20,24) p=2 k=3 |Sigma|=2400: frames=120 eligible=0 blocked=0 max_sigma=2592 elapsed=0.4s [2441/2489 shapes]
SHAPE (10,20,24) p=2 k=3 |Sigma|=2400: frames=120 eligible=0 blocked=0 max_sigma=2592 elapsed=0.4s [2444/2489 shapes]
SHAPE (10,20,24) p=2 k=3 |Sigma|=2400: frames=120 eligible=0 blocked=0 max_sigma=2592 elapsed=0.4s [2445/2489 shapes]
SHAPE (12,20,20) p=2 k=3 |Sigma|=2400: frames=300 eligible=12 blocked=0 max_sigma=2592 elapsed=1.0s [2446/2489 shapes]
SHAPE (12,20,20) p=2 k=3 |Sigma|=2400: frames=300 eligible=12 blocked=0 max_sigma=2592 elapsed=0.9s [2447/2489 shapes]
SHAPE (10,20,24) p=2 k=2 |Sigma|=2400: frames=120 eligible=0 blocked=0 max_sigma=2592 elapsed=0.4s [2464/2489 shapes]
SHAPE (10,20,24) p=2 k=2 |Sigma|=2400: frames=120 eligible=0 blocked=0 max_sigma=2592 elapsed=0.4s [2465/2489 shapes]
SHAPE (10,20,24) p=2 k=2 |Sigma|=2400: frames=120 eligible=0 blocked=0 max_sigma=2592 elapsed=0.4s [2468/2489 shapes]
SHAPE (10,20,24) p=2 k=2 |Sigma|=2400: frames=120 eligible=0 blocked=0 max_sigma=2592 elapsed=0.4s [2469/2489 shapes]
SHAPE (10,24,20) p=2 k=2 |Sigma|=2400: frames=120 eligible=0 blocked=0 max_sigma=2592 elapsed=0.4s [2470/2489 shapes]
SHAPE (10,24,20) p=2 k=2 |Sigma|=2400: frames=120 eligible=0 blocked=0 max_sigma=2592 elapsed=0.4s [2471/2489 shapes]
SHAPE (10,24,20) p=2 k=2 |Sigma|=2400: frames=120 eligible=0 blocked=0 max_sigma=2592 elapsed=0.4s [2474/2489 shapes]
SHAPE (10,24,20) p=2 k=2 |Sigma|=2400: frames=120 eligible=0 blocked=0 max_sigma=2592 elapsed=0.4s [2475/2489 shapes]
{"type":"config","target":"SymmetricGroup(6)","p":2,"shape":[12,20,20],"shape_sd":["D12","C5 : C4","C5 : C4"],"sigma":2400,"k":2,"ncolls":4,"blocked":[true,true,true],"S_gens":"[(2,5), (1,5), (3,4)]","T_gens":"[(2,5,4,3), (2,3,5,4,6)]","U_gens":"[(1,3,4,5), (1,5,3,4,6)]","semantics":"exact"}
{"type":"config","target":"SymmetricGroup(6)","p":2,"shape":[12,20,20],"shape_sd":["D12","C5 : C4","C5 : C4"],"sigma":2400,"k":2,"ncolls":7,"blocked":[true,true,true],"S_gens":"[(2,5), (1,5), (3,4)]","T_gens":"[(2,5,4,3), (2,3,5,4,6)]","U_gens":"[(1,5,2,3), (1,6,2,5,3)]","semantics":"exact"}
{"type":"config","target":"SymmetricGroup(6)","p":2,"shape":[12,20,20],"shape_sd":["D12","C5 : C4","C5 : C4"],"sigma":2400,"k":2,"ncolls":4,"blocked":[true,true,true],"S_gens":"[(2,5), (1,5), (3,4)]","T_gens":"[(2,5,4,3), (2,3,5,4,6)]","U_gens":"[(1,2,3,4), (1,3,4,6,2)]","semantics":"exact"}
{"type":"config","target":"SymmetricGroup(6)","p":2,"shape":[12,20,20],"shape_sd":["D12","C5 : C4","C5 : C4"],"sigma":2400,"k":2,"ncolls":4,"blocked":[true,true,true],"S_gens":"[(2,5), (1,5), (3,4)]","T_gens":"[(2,5,3,4), (2,4,5,3,6)]","U_gens":"[(1,4,3,5), (1,5,4,3,6)]","semantics":"exact"}
{"type":"config","target":"SymmetricGroup(6)","p":2,"shape":[12,20,20],"shape_sd":["D12","C5 : C4","C5 : C4"],"sigma":2400,"k":2,"ncolls":7,"blocked":[true,true,true],"S_gens":"[(2,5), (1,5), (3,4)]","T_gens":"[(2,5,3,4), (2,4,5,3,6)]","U_gens":"[(1,5,2,4), (1,6,2,5,4)]","semantics":"exact"}
{"type":"config","target":"SymmetricGroup(6)","p":2,"shape":[12,20,20],"shape_sd":["D12","C5 : C4","C5 : C4"],"sigma":2400,"k":2,"ncolls":4,"blocked":[true,true,true],"S_gens":"[(2,5), (1,5), (3,4)]","T_gens":"[(2,5,3,4), (2,4,5,3,6)]","U_gens":"[(1,2,4,3), (1,4,3,6,2)]","semantics":"exact"}
{"type":"config","target":"SymmetricGroup(6)","p":2,"shape":[12,20,20],"shape_sd":["D12","C5 : C4","C5 : C4"],"sigma":2400,"k":2,"ncolls":4,"blocked":[true,true,true],"S_gens":"[(2,5), (1,5), (3,4)]","T_gens":"[(2,3,4,5), (2,5,3,4,6)]","U_gens":"[(1,5,4,3), (1,3,5,4,6)]","semantics":"exact"}
{"type":"config","target":"SymmetricGroup(6)","p":2,"shape":[12,20,20],"shape_sd":["D12","C5 : C4","C5 : C4"],"sigma":2400,"k":2,"ncolls":7,"blocked":[true,true,true],"S_gens":"[(2,5), (1,5), (3,4)]","T_gens":"[(2,3,4,5), (2,5,3,4,6)]","U_gens":"[(1,2,5,4), (1,5,4,6,2)]","semantics":"exact"}
{"type":"config","target":"SymmetricGroup(6)","p":2,"shape":[12,20,20],"shape_sd":["D12","C5 : C4","C5 : C4"],"sigma":2400,"k":2,"ncolls":4,"blocked":[true,true,true],"S_gens":"[(2,5), (1,5), (3,4)]","T_gens":"[(2,3,4,5), (2,5,3,4,6)]","U_gens":"[(1,4,3,2), (1,4,6,2,3)]","semantics":"exact"}
{"type":"config","target":"SymmetricGroup(6)","p":2,"shape":[12,20,20],"shape_sd":["D12","C5 : C4","C5 : C4"],"sigma":2400,"k":2,"ncolls":4,"blocked":[true,true,true],"S_gens":"[(2,5), (1,5), (3,4)]","T_gens":"[(2,4,3,5), (2,5,4,3,6)]","U_gens":"[(1,5,3,4), (1,4,5,3,6)]","semantics":"exact"}
{"type":"config","target":"SymmetricGroup(6)","p":2,"shape":[12,20,20],"shape_sd":["D12","C5 : C4","C5 : C4"],"sigma":2400,"k":2,"ncolls":7,"blocked":[true,true,true],"S_gens":"[(2,5), (1,5), (3,4)]","T_gens":"[(2,4,3,5), (2,5,4,3,6)]","U_gens":"[(1,2,5,3), (1,5,3,6,2)]","semantics":"exact"}
{"type":"config","target":"SymmetricGroup(6)","p":2,"shape":[12,20,20],"shape_sd":["D12","C5 : C4","C5 : C4"],"sigma":2400,"k":2,"ncolls":4,"blocked":[true,true,true],"S_gens":"[(2,5), (1,5), (3,4)]","T_gens":"[(2,4,3,5), (2,5,4,3,6)]","U_gens":"[(1,3,4,2), (1,3,6,2,4)]","semantics":"exact"}
{"type":"config","target":"SymmetricGroup(6)","p":2,"shape":[12,20,20],"shape_sd":["D12","C5 : C4","C5 : C4"],"sigma":2400,"k":2,"ncolls":4,"blocked":[true,true,true],"S_gens":"[(2,5), (1,5), (3,4)]","T_gens":"[(1,5,4,3), (1,3,5,4,6)]","U_gens":"[(2,3,4,5), (2,5,3,4,6)]","semantics":"exact"}
{"type":"config","target":"SymmetricGroup(6)","p":2,"shape":[12,20,20],"shape_sd":["D12","C5 : C4","C5 : C4"],"sigma":2400,"k":2,"ncolls":7,"blocked":[true,true,true],"S_gens":"[(2,5), (1,5), (3,4)]","T_gens":"[(1,5,4,3), (1,3,5,4,6)]","U_gens":"[(1,3,2,5), (1,6,2,3,5)]","semantics":"exact"}
{"type":"config","target":"SymmetricGroup(6)","p":2,"shape":[12,20,20],"shape_sd":["D12","C5 : C4","C5 : C4"],"sigma":2400,"k":2,"ncolls":4,"blocked":[true,true,true],"S_gens":"[(2,5), (1,5), (3,4)]","T_gens":"[(1,5,4,3), (1,3,5,4,6)]","U_gens":"[(1,3,4,2), (1,3,6,2,4)]","semantics":"exact"}
{"type":"config","target":"SymmetricGroup(6)","p":2,"shape":[12,20,20],"shape_sd":["D12","C5 : C4","C5 : C4"],"sigma":2400,"k":2,"ncolls":4,"blocked":[true,true,true],"S_gens":"[(2,5), (1,5), (3,4)]","T_gens":"[(1,5,3,4), (1,4,5,3,6)]","U_gens":"[(2,4,3,5), (2,5,4,3,6)]","semantics":"exact"}
{"type":"config","target":"SymmetricGroup(6)","p":2,"shape":[12,20,20],"shape_sd":["D12","C5 : C4","C5 : C4"],"sigma":2400,"k":2,"ncolls":7,"blocked":[true,true,true],"S_gens":"[(2,5), (1,5), (3,4)]","T_gens":"[(1,5,3,4), (1,4,5,3,6)]","U_gens":"[(1,4,2,5), (1,6,2,4,5)]","semantics":"exact"}
{"type":"config","target":"SymmetricGroup(6)","p":2,"shape":[12,20,20],"shape_sd":["D12","C5 : C4","C5 : C4"],"sigma":2400,"k":2,"ncolls":4,"blocked":[true,true,true],"S_gens":"[(2,5), (1,5), (3,4)]","T_gens":"[(1,5,3,4), (1,4,5,3,6)]","U_gens":"[(1,4,3,2), (1,4,6,2,3)]","semantics":"exact"}
{"type":"config","target":"SymmetricGroup(6)","p":2,"shape":[12,20,20],"shape_sd":["D12","C5 : C4","C5 : C4"],"sigma":2400,"k":2,"ncolls":4,"blocked":[true,true,true],"S_gens":"[(2,5), (1,5), (3,4)]","T_gens":"[(1,3,4,5), (1,5,3,4,6)]","U_gens":"[(2,5,4,3), (2,3,5,4,6)]","semantics":"exact"}
{"type":"config","target":"SymmetricGroup(6)","p":2,"shape":[12,20,20],"shape_sd":["D12","C5 : C4","C5 : C4"],"sigma":2400,"k":2,"ncolls":7,"blocked":[true,true,true],"S_gens":"[(2,5), (1,5), (3,4)]","T_gens":"[(1,3,4,5), (1,5,3,4,6)]","U_gens":"[(1,5,4,2), (1,5,6,2,4)]","semantics":"exact"}
{"type":"config","target":"SymmetricGroup(6)","p":2,"shape":[12,20,20],"shape_sd":["D12","C5 : C4","C5 : C4"],"sigma":2400,"k":2,"ncolls":4,"blocked":[true,true,true],"S_gens":"[(2,5), (1,5), (3,4)]","T_gens":"[(1,3,4,5), (1,5,3,4,6)]","U_gens":"[(1,2,4,3), (1,4,3,6,2)]","semantics":"exact"}
{"type":"config","target":"SymmetricGroup(6)","p":2,"shape":[12,20,20],"shape_sd":["D12","C5 : C4","C5 : C4"],"sigma":2400,"k":2,"ncolls":4,"blocked":[true,true,true],"S_gens":"[(2,5), (1,5), (3,4)]","T_gens":"[(1,4,3,5), (1,5,4,3,6)]","U_gens":"[(2,5,3,4), (2,4,5,3,6)]","semantics":"exact"}
{"type":"config","target":"SymmetricGroup(6)","p":2,"shape":[12,20,20],"shape_sd":["D12","C5 : C4","C5 : C4"],"sigma":2400,"k":2,"ncolls":7,"blocked":[true,true,true],"S_gens":"[(2,5), (1,5), (3,4)]","T_gens":"[(1,4,3,5), (1,5,4,3,6)]","U_gens":"[(1,5,3,2), (1,5,6,2,3)]","semantics":"exact"}
{"type":"config","target":"SymmetricGroup(6)","p":2,"shape":[12,20,20],"shape_sd":["D12","C5 : C4","C5 : C4"],"sigma":2400,"k":2,"ncolls":4,"blocked":[true,true,true],"S_gens":"[(2,5), (1,5), (3,4)]","T_gens":"[(1,4,3,5), (1,5,4,3,6)]","U_gens":"[(1,2,3,4), (1,3,4,6,2)]","semantics":"exact"}
{"type":"config","target":"SymmetricGroup(6)","p":2,"shape":[12,20,20],"shape_sd":["D12","C5 : C4","C5 : C4"],"sigma":2400,"k":2,"ncolls":7,"blocked":[true,true,true],"S_gens":"[(2,5), (1,5), (3,4)]","T_gens":"[(1,2,4,5), (1,4,5,6,2)]","U_gens":"[(1,3,4,2), (1,3,6,2,4)]","semantics":"exact"}
{"type":"config","target":"SymmetricGroup(6)","p":2,"shape":[12,20,20],"shape_sd":["D12","C5 : C4","C5 : C4"],"sigma":2400,"k":2,"ncolls":7,"blocked":[true,true,true],"S_gens":"[(2,5), (1,5), (3,4)]","T_gens":"[(1,2,5,4), (1,5,4,6,2)]","U_gens":"[(2,3,4,5), (2,5,3,4,6)]","semantics":"exact"}
{"type":"config","target":"SymmetricGroup(6)","p":2,"shape":[12,20,20],"shape_sd":["D12","C5 : C4","C5 : C4"],"sigma":2400,"k":2,"ncolls":7,"blocked":[true,true,true],"S_gens":"[(2,5), (1,5), (3,4)]","T_gens":"[(1,5,4,2), (1,5,6,2,4)]","U_gens":"[(1,3,4,5), (1,5,3,4,6)]","semantics":"exact"}
{"type":"config","target":"SymmetricGroup(6)","p":2,"shape":[12,20,20],"shape_sd":["D12","C5 : C4","C5 : C4"],"sigma":2400,"k":2,"ncolls":7,"blocked":[true,true,true],"S_gens":"[(2,5), (1,5), (3,4)]","T_gens":"[(1,4,2,5), (1,6,2,4,5)]","U_gens":"[(1,5,3,4), (1,4,5,3,6)]","semantics":"exact"}
{"type":"config","target":"SymmetricGroup(6)","p":2,"shape":[12,20,20],"shape_sd":["D12","C5 : C4","C5 : C4"],"sigma":2400,"k":2,"ncolls":7,"blocked":[true,true,true],"S_gens":"[(2,5), (1,5), (3,4)]","T_gens":"[(1,4,5,2), (1,4,6,2,5)]","U_gens":"[(1,2,3,4), (1,3,4,6,2)]","semantics":"exact"}
{"type":"config","target":"SymmetricGroup(6)","p":2,"shape":[12,20,20],"shape_sd":["D12","C5 : C4","C5 : C4"],"sigma":2400,"k":2,"ncolls":7,"blocked":[true,true,true],"S_gens":"[(2,5), (1,5), (3,4)]","T_gens":"[(1,5,2,4), (1,6,2,5,4)]","U_gens":"[(2,5,3,4), (2,4,5,3,6)]","semantics":"exact"}
{"type":"config","target":"SymmetricGroup(6)","p":2,"shape":[12,20,20],"shape_sd":["D12","C5 : C4","C5 : C4"],"sigma":2400,"k":2,"ncolls":7,"blocked":[true,true,true],"S_gens":"[(2,5), (1,5), (3,4)]","T_gens":"[(1,5,3,2), (1,5,6,2,3)]","U_gens":"[(1,4,3,5), (1,5,4,3,6)]","semantics":"exact"}
{"type":"config","target":"SymmetricGroup(6)","p":2,"shape":[12,20,20],"shape_sd":["D12","C5 : C4","C5 : C4"],"sigma":2400,"k":2,"ncolls":7,"blocked":[true,true,true],"S_gens":"[(2,5), (1,5), (3,4)]","T_gens":"[(1,3,2,5), (1,6,2,3,5)]","U_gens":"[(1,5,4,3), (1,3,5,4,6)]","semantics":"exact"}
{"type":"config","target":"SymmetricGroup(6)","p":2,"shape":[12,20,20],"shape_sd":["D12","C5 : C4","C5 : C4"],"sigma":2400,"k":2,"ncolls":7,"blocked":[true,true,true],"S_gens":"[(2,5), (1,5), (3,4)]","T_gens":"[(1,2,3,5), (1,3,5,6,2)]","U_gens":"[(1,4,3,2), (1,4,6,2,3)]","semantics":"exact"}
{"type":"config","target":"SymmetricGroup(6)","p":2,"shape":[12,20,20],"shape_sd":["D12","C5 : C4","C5 : C4"],"sigma":2400,"k":2,"ncolls":7,"blocked":[true,true,true],"S_gens":"[(2,5), (1,5), (3,4)]","T_gens":"[(1,2,5,3), (1,5,3,6,2)]","U_gens":"[(2,4,3,5), (2,5,4,3,6)]","semantics":"exact"}
{"type":"config","target":"SymmetricGroup(6)","p":2,"shape":[12,20,20],"shape_sd":["D12","C5 : C4","C5 : C4"],"sigma":2400,"k":2,"ncolls":7,"blocked":[true,true,true],"S_gens":"[(2,5), (1,5), (3,4)]","T_gens":"[(1,5,2,3), (1,6,2,5,3)]","U_gens":"[(2,5,4,3), (2,3,5,4,6)]","semantics":"exact"}
{"type":"config","target":"SymmetricGroup(6)","p":2,"shape":[12,20,20],"shape_sd":["D12","C5 : C4","C5 : C4"],"sigma":2400,"k":2,"ncolls":7,"blocked":[true,true,true],"S_gens":"[(2,5), (1,5), (3,4)]","T_gens":"[(1,3,5,2), (1,3,6,2,5)]","U_gens":"[(1,2,4,3), (1,4,3,6,2)]","semantics":"exact"}
{"type":"config","target":"SymmetricGroup(6)","p":2,"shape":[12,20,20],"shape_sd":["D12","C5 : C4","C5 : C4"],"sigma":2400,"k":2,"ncolls":4,"blocked":[true,true,true],"S_gens":"[(2,5), (1,5), (3,4)]","T_gens":"[(1,4,3,2), (1,4,6,2,3)]","U_gens":"[(2,3,4,5), (2,5,3,4,6)]","semantics":"exact"}
{"type":"config","target":"SymmetricGroup(6)","p":2,"shape":[12,20,20],"shape_sd":["D12","C5 : C4","C5 : C4"],"sigma":2400,"k":2,"ncolls":4,"blocked":[true,true,true],"S_gens":"[(2,5), (1,5), (3,4)]","T_gens":"[(1,4,3,2), (1,4,6,2,3)]","U_gens":"[(1,5,3,4), (1,4,5,3,6)]","semantics":"exact"}
{"type":"config","target":"SymmetricGroup(6)","p":2,"shape":[12,20,20],"shape_sd":["D12","C5 : C4","C5 : C4"],"sigma":2400,"k":2,"ncolls":7,"blocked":[true,true,true],"S_gens":"[(2,5), (1,5), (3,4)]","T_gens":"[(1,4,3,2), (1,4,6,2,3)]","U_gens":"[(1,2,3,5), (1,3,5,6,2)]","semantics":"exact"}
{"type":"config","target":"SymmetricGroup(6)","p":2,"shape":[12,20,20],"shape_sd":["D12","C5 : C4","C5 : C4"],"sigma":2400,"k":2,"ncolls":4,"blocked":[true,true,true],"S_gens":"[(2,5), (1,5), (3,4)]","T_gens":"[(1,3,4,2), (1,3,6,2,4)]","U_gens":"[(2,4,3,5), (2,5,4,3,6)]","semantics":"exact"}
{"type":"config","target":"SymmetricGroup(6)","p":2,"shape":[12,20,20],"shape_sd":["D12","C5 : C4","C5 : C4"],"sigma":2400,"k":2,"ncolls":4,"blocked":[true,true,true],"S_gens":"[(2,5), (1,5), (3,4)]","T_gens":"[(1,3,4,2), (1,3,6,2,4)]","U_gens":"[(1,5,4,3), (1,3,5,4,6)]","semantics":"exact"}
{"type":"config","target":"SymmetricGroup(6)","p":2,"shape":[12,20,20],"shape_sd":["D12","C5 : C4","C5 : C4"],"sigma":2400,"k":2,"ncolls":7,"blocked":[true,true,true],"S_gens":"[(2,5), (1,5), (3,4)]","T_gens":"[(1,3,4,2), (1,3,6,2,4)]","U_gens":"[(1,2,4,5), (1,4,5,6,2)]","semantics":"exact"}
{"type":"config","target":"SymmetricGroup(6)","p":2,"shape":[12,20,20],"shape_sd":["D12","C5 : C4","C5 : C4"],"sigma":2400,"k":2,"ncolls":4,"blocked":[true,true,true],"S_gens":"[(2,5), (1,5), (3,4)]","T_gens":"[(1,2,3,4), (1,3,4,6,2)]","U_gens":"[(2,5,4,3), (2,3,5,4,6)]","semantics":"exact"}
{"type":"config","target":"SymmetricGroup(6)","p":2,"shape":[12,20,20],"shape_sd":["D12","C5 : C4","C5 : C4"],"sigma":2400,"k":2,"ncolls":4,"blocked":[true,true,true],"S_gens":"[(2,5), (1,5), (3,4)]","T_gens":"[(1,2,3,4), (1,3,4,6,2)]","U_gens":"[(1,4,3,5), (1,5,4,3,6)]","semantics":"exact"}
{"type":"config","target":"SymmetricGroup(6)","p":2,"shape":[12,20,20],"shape_sd":["D12","C5 : C4","C5 : C4"],"sigma":2400,"k":2,"ncolls":7,"blocked":[true,true,true],"S_gens":"[(2,5), (1,5), (3,4)]","T_gens":"[(1,2,3,4), (1,3,4,6,2)]","U_gens":"[(1,4,5,2), (1,4,6,2,5)]","semantics":"exact"}
{"type":"config","target":"SymmetricGroup(6)","p":2,"shape":[12,20,20],"shape_sd":["D12","C5 : C4","C5 : C4"],"sigma":2400,"k":2,"ncolls":4,"blocked":[true,true,true],"S_gens":"[(2,5), (1,5), (3,4)]","T_gens":"[(1,2,4,3), (1,4,3,6,2)]","U_gens":"[(2,5,3,4), (2,4,5,3,6)]","semantics":"exact"}
{"type":"config","target":"SymmetricGroup(6)","p":2,"shape":[12,20,20],"shape_sd":["D12","C5 : C4","C5 : C4"],"sigma":2400,"k":2,"ncolls":4,"blocked":[true,true,true],"S_gens":"[(2,5), (1,5), (3,4)]","T_gens":"[(1,2,4,3), (1,4,3,6,2)]","U_gens":"[(1,3,4,5), (1,5,3,4,6)]","semantics":"exact"}
{"type":"config","target":"SymmetricGroup(6)","p":2,"shape":[12,20,20],"shape_sd":["D12","C5 : C4","C5 : C4"],"sigma":2400,"k":2,"ncolls":7,"blocked":[true,true,true],"S_gens":"[(2,5), (1,5), (3,4)]","T_gens":"[(1,2,4,3), (1,4,3,6,2)]","U_gens":"[(1,3,5,2), (1,3,6,2,5)]","semantics":"exact"}
SHAPE (12,20,20) p=2 k=2 |Sigma|=2400: frames=300 eligible=48 blocked=48 max_sigma=2592 elapsed=1.0s [2478/2489 shapes]
{"type":"config","target":"SymmetricGroup(6)","p":2,"shape":[12,20,20],"shape_sd":["D12","C5 : C4","C5 : C4"],"sigma":2400,"k":2,"ncolls":4,"blocked":[true,true,true],"S_gens":"[(1,3)(2,4), (1,5,3,2,6,4), (1,3,6)(2,4,5)]","T_gens":"[(2,4,5,3), (1,2,3,4,5)]","U_gens":"[(1,3,5,4), (1,4,3,5,6)]","semantics":"exact"}
{"type":"config","target":"SymmetricGroup(6)","p":2,"shape":[12,20,20],"shape_sd":["D12","C5 : C4","C5 : C4"],"sigma":2400,"k":2,"ncolls":4,"blocked":[true,true,true],"S_gens":"[(1,3)(2,4), (1,5,3,2,6,4), (1,3,6)(2,4,5)]","T_gens":"[(2,4,5,3), (1,2,3,4,5)]","U_gens":"[(1,2,3,5), (1,3,5,6,2)]","semantics":"exact"}
{"type":"config","target":"SymmetricGroup(6)","p":2,"shape":[12,20,20],"shape_sd":["D12","C5 : C4","C5 : C4"],"sigma":2400,"k":2,"ncolls":7,"blocked":[true,true,true],"S_gens":"[(1,3)(2,4), (1,5,3,2,6,4), (1,3,6)(2,4,5)]","T_gens":"[(2,4,5,3), (1,2,3,4,5)]","U_gens":"[(1,4,2,3), (1,6,2,4,3)]","semantics":"exact"}
{"type":"config","target":"SymmetricGroup(6)","p":2,"shape":[12,20,20],"shape_sd":["D12","C5 : C4","C5 : C4"],"sigma":2400,"k":2,"ncolls":7,"blocked":[true,true,true],"S_gens":"[(1,3)(2,4), (1,5,3,2,6,4), (1,3,6)(2,4,5)]","T_gens":"[(2,5,4,3), (1,2,3,5,4)]","U_gens":"[(1,2,4,3), (1,4,3,6,2)]","semantics":"exact"}
{"type":"config","target":"SymmetricGroup(6)","p":2,"shape":[12,20,20],"shape_sd":["D12","C5 : C4","C5 : C4"],"sigma":2400,"k":2,"ncolls":7,"blocked":[true,true,true],"S_gens":"[(1,3)(2,4), (1,5,3,2,6,4), (1,3,6)(2,4,5)]","T_gens":"[(2,5,3,4), (1,2,4,5,3)]","U_gens":"[(1,3,4,2), (1,3,6,2,4)]","semantics":"exact"}
{"type":"config","target":"SymmetricGroup(6)","p":2,"shape":[12,20,20],"shape_sd":["D12","C5 : C4","C5 : C4"],"sigma":2400,"k":2,"ncolls":4,"blocked":[true,true,true],"S_gens":"[(1,3)(2,4), (1,5,3,2,6,4), (1,3,6)(2,4,5)]","T_gens":"[(2,3,4,5), (1,2,5,3,4)]","U_gens":"[(1,5,3,4), (1,4,5,3,6)]","semantics":"exact"}
{"type":"config","target":"SymmetricGroup(6)","p":2,"shape":[12,20,20],"shape_sd":["D12","C5 : C4","C5 : C4"],"sigma":2400,"k":2,"ncolls":4,"blocked":[true,true,true],"S_gens":"[(1,3)(2,4), (1,5,3,2,6,4), (1,3,6)(2,4,5)]","T_gens":"[(2,3,4,5), (1,2,5,3,4)]","U_gens":"[(1,5,2,3), (1,6,2,5,3)]","semantics":"exact"}
{"type":"config","target":"SymmetricGroup(6)","p":2,"shape":[12,20,20],"shape_sd":["D12","C5 : C4","C5 : C4"],"sigma":2400,"k":2,"ncolls":7,"blocked":[true,true,true],"S_gens":"[(1,3)(2,4), (1,5,3,2,6,4), (1,3,6)(2,4,5)]","T_gens":"[(2,3,4,5), (1,2,5,3,4)]","U_gens":"[(1,3,2,4), (1,6,2,3,4)]","semantics":"exact"}
{"type":"config","target":"SymmetricGroup(6)","p":2,"shape":[12,20,20],"shape_sd":["D12","C5 : C4","C5 : C4"],"sigma":2400,"k":2,"ncolls":7,"blocked":[true,true,true],"S_gens":"[(1,3)(2,4), (1,5,3,2,6,4), (1,3,6)(2,4,5)]","T_gens":"[(2,3,5,4), (2,4,3,5,6)]","U_gens":"[(1,4,3,5), (1,5,4,3,6)]","semantics":"exact"}
{"type":"config","target":"SymmetricGroup(6)","p":2,"shape":[12,20,20],"shape_sd":["D12","C5 : C4","C5 : C4"],"sigma":2400,"k":2,"ncolls":4,"blocked":[true,true,true],"S_gens":"[(1,3)(2,4), (1,5,3,2,6,4), (1,3,6)(2,4,5)]","T_gens":"[(2,3,5,4), (2,4,3,5,6)]","U_gens":"[(1,5,2,3), (1,6,2,5,3)]","semantics":"exact"}
{"type":"config","target":"SymmetricGroup(6)","p":2,"shape":[12,20,20],"shape_sd":["D12","C5 : C4","C5 : C4"],"sigma":2400,"k":2,"ncolls":4,"blocked":[true,true,true],"S_gens":"[(1,3)(2,4), (1,5,3,2,6,4), (1,3,6)(2,4,5)]","T_gens":"[(2,3,5,4), (2,4,3,5,6)]","U_gens":"[(1,3,4,2), (1,3,6,2,4)]","semantics":"exact"}
{"type":"config","target":"SymmetricGroup(6)","p":2,"shape":[12,20,20],"shape_sd":["D12","C5 : C4","C5 : C4"],"sigma":2400,"k":2,"ncolls":7,"blocked":[true,true,true],"S_gens":"[(1,3)(2,4), (1,5,3,2,6,4), (1,3,6)(2,4,5)]","T_gens":"[(2,5,3,4), (2,4,5,3,6)]","U_gens":"[(1,3,4,5), (1,5,3,4,6)]","semantics":"exact"}
{"type":"config","target":"SymmetricGroup(6)","p":2,"shape":[12,20,20],"shape_sd":["D12","C5 : C4","C5 : C4"],"sigma":2400,"k":2,"ncolls":4,"blocked":[true,true,true],"S_gens":"[(1,3)(2,4), (1,5,3,2,6,4), (1,3,6)(2,4,5)]","T_gens":"[(2,5,3,4), (2,4,5,3,6)]","U_gens":"[(1,2,3,5), (1,3,5,6,2)]","semantics":"exact"}
{"type":"config","target":"SymmetricGroup(6)","p":2,"shape":[12,20,20],"shape_sd":["D12","C5 : C4","C5 : C4"],"sigma":2400,"k":2,"ncolls":4,"blocked":[true,true,true],"S_gens":"[(1,3)(2,4), (1,5,3,2,6,4), (1,3,6)(2,4,5)]","T_gens":"[(2,5,3,4), (2,4,5,3,6)]","U_gens":"[(1,2,4,3), (1,4,3,6,2)]","semantics":"exact"}
{"type":"config","target":"SymmetricGroup(6)","p":2,"shape":[12,20,20],"shape_sd":["D12","C5 : C4","C5 : C4"],"sigma":2400,"k":2,"ncolls":7,"blocked":[true,true,true],"S_gens":"[(1,3)(2,4), (1,5,3,2,6,4), (1,3,6)(2,4,5)]","T_gens":"[(2,3,4,5), (2,5,3,4,6)]","U_gens":"[(1,3,5,4), (1,4,3,5,6)]","semantics":"exact"}
{"type":"config","target":"SymmetricGroup(6)","p":2,"shape":[12,20,20],"shape_sd":["D12","C5 : C4","C5 : C4"],"sigma":2400,"k":2,"ncolls":7,"blocked":[true,true,true],"S_gens":"[(1,3)(2,4), (1,5,3,2,6,4), (1,3,6)(2,4,5)]","T_gens":"[(2,4,3,5), (2,5,4,3,6)]","U_gens":"[(1,5,3,4), (1,4,5,3,6)]","semantics":"exact"}
{"type":"config","target":"SymmetricGroup(6)","p":2,"shape":[12,20,20],"shape_sd":["D12","C5 : C4","C5 : C4"],"sigma":2400,"k":2,"ncolls":4,"blocked":[true,true,true],"S_gens":"[(1,3)(2,4), (1,5,3,2,6,4), (1,3,6)(2,4,5)]","T_gens":"[(1,3,5,4), (1,4,3,5,6)]","U_gens":"[(2,4,5,3), (1,2,3,4,5)]","semantics":"exact"}
{"type":"config","target":"SymmetricGroup(6)","p":2,"shape":[12,20,20],"shape_sd":["D12","C5 : C4","C5 : C4"],"sigma":2400,"k":2,"ncolls":7,"blocked":[true,true,true],"S_gens":"[(1,3)(2,4), (1,5,3,2,6,4), (1,3,6)(2,4,5)]","T_gens":"[(1,3,5,4), (1,4,3,5,6)]","U_gens":"[(2,3,4,5), (2,5,3,4,6)]","semantics":"exact"}
{"type":"config","target":"SymmetricGroup(6)","p":2,"shape":[12,20,20],"shape_sd":["D12","C5 : C4","C5 : C4"],"sigma":2400,"k":2,"ncolls":4,"blocked":[true,true,true],"S_gens":"[(1,3)(2,4), (1,5,3,2,6,4), (1,3,6)(2,4,5)]","T_gens":"[(1,3,5,4), (1,4,3,5,6)]","U_gens":"[(1,5,2,4), (1,6,2,5,4)]","semantics":"exact"}
{"type":"config","target":"SymmetricGroup(6)","p":2,"shape":[12,20,20],"shape_sd":["D12","C5 : C4","C5 : C4"],"sigma":2400,"k":2,"ncolls":4,"blocked":[true,true,true],"S_gens":"[(1,3)(2,4), (1,5,3,2,6,4), (1,3,6)(2,4,5)]","T_gens":"[(1,5,3,4), (1,4,5,3,6)]","U_gens":"[(2,3,4,5), (1,2,5,3,4)]","semantics":"exact"}
{"type":"config","target":"SymmetricGroup(6)","p":2,"shape":[12,20,20],"shape_sd":["D12","C5 : C4","C5 : C4"],"sigma":2400,"k":2,"ncolls":7,"blocked":[true,true,true],"S_gens":"[(1,3)(2,4), (1,5,3,2,6,4), (1,3,6)(2,4,5)]","T_gens":"[(1,5,3,4), (1,4,5,3,6)]","U_gens":"[(2,4,3,5), (2,5,4,3,6)]","semantics":"exact"}
{"type":"config","target":"SymmetricGroup(6)","p":2,"shape":[12,20,20],"shape_sd":["D12","C5 : C4","C5 : C4"],"sigma":2400,"k":2,"ncolls":4,"blocked":[true,true,true],"S_gens":"[(1,3)(2,4), (1,5,3,2,6,4), (1,3,6)(2,4,5)]","T_gens":"[(1,5,3,4), (1,4,5,3,6)]","U_gens":"[(1,2,4,5), (1,4,5,6,2)]","semantics":"exact"}
{"type":"config","target":"SymmetricGroup(6)","p":2,"shape":[12,20,20],"shape_sd":["D12","C5 : C4","C5 : C4"],"sigma":2400,"k":2,"ncolls":7,"blocked":[true,true,true],"S_gens":"[(1,3)(2,4), (1,5,3,2,6,4), (1,3,6)(2,4,5)]","T_gens":"[(1,3,4,5), (1,5,3,4,6)]","U_gens":"[(2,5,3,4), (2,4,5,3,6)]","semantics":"exact"}
{"type":"config","target":"SymmetricGroup(6)","p":2,"shape":[12,20,20],"shape_sd":["D12","C5 : C4","C5 : C4"],"sigma":2400,"k":2,"ncolls":7,"blocked":[true,true,true],"S_gens":"[(1,3)(2,4), (1,5,3,2,6,4), (1,3,6)(2,4,5)]","T_gens":"[(1,4,3,5), (1,5,4,3,6)]","U_gens":"[(2,3,5,4), (2,4,3,5,6)]","semantics":"exact"}
{"type":"config","target":"SymmetricGroup(6)","p":2,"shape":[12,20,20],"shape_sd":["D12","C5 : C4","C5 : C4"],"sigma":2400,"k":2,"ncolls":4,"blocked":[true,true,true],"S_gens":"[(1,3)(2,4), (1,5,3,2,6,4), (1,3,6)(2,4,5)]","T_gens":"[(1,2,4,5), (1,4,5,6,2)]","U_gens":"[(1,5,3,4), (1,4,5,3,6)]","semantics":"exact"}
{"type":"config","target":"SymmetricGroup(6)","p":2,"shape":[12,20,20],"shape_sd":["D12","C5 : C4","C5 : C4"],"sigma":2400,"k":2,"ncolls":7,"blocked":[true,true,true],"S_gens":"[(1,3)(2,4), (1,5,3,2,6,4), (1,3,6)(2,4,5)]","T_gens":"[(1,2,4,5), (1,4,5,6,2)]","U_gens":"[(1,2,5,3), (1,5,3,6,2)]","semantics":"exact"}
{"type":"config","target":"SymmetricGroup(6)","p":2,"shape":[12,20,20],"shape_sd":["D12","C5 : C4","C5 : C4"],"sigma":2400,"k":2,"ncolls":4,"blocked":[true,true,true],"S_gens":"[(1,3)(2,4), (1,5,3,2,6,4), (1,3,6)(2,4,5)]","T_gens":"[(1,2,4,5), (1,4,5,6,2)]","U_gens":"[(1,3,4,2), (1,3,6,2,4)]","semantics":"exact"}
{"type":"config","target":"SymmetricGroup(6)","p":2,"shape":[12,20,20],"shape_sd":["D12","C5 : C4","C5 : C4"],"sigma":2400,"k":2,"ncolls":7,"blocked":[true,true,true],"S_gens":"[(1,3)(2,4), (1,5,3,2,6,4), (1,3,6)(2,4,5)]","T_gens":"[(1,2,5,4), (1,5,4,6,2)]","U_gens":"[(1,5,2,3), (1,6,2,5,3)]","semantics":"exact"}
{"type":"config","target":"SymmetricGroup(6)","p":2,"shape":[12,20,20],"shape_sd":["D12","C5 : C4","C5 : C4"],"sigma":2400,"k":2,"ncolls":7,"blocked":[true,true,true],"S_gens":"[(1,3)(2,4), (1,5,3,2,6,4), (1,3,6)(2,4,5)]","T_gens":"[(1,5,4,2), (1,5,6,2,4)]","U_gens":"[(1,2,3,5), (1,3,5,6,2)]","semantics":"exact"}
{"type":"config","target":"SymmetricGroup(6)","p":2,"shape":[12,20,20],"shape_sd":["D12","C5 : C4","C5 : C4"],"sigma":2400,"k":2,"ncolls":4,"blocked":[true,true,true],"S_gens":"[(1,3)(2,4), (1,5,3,2,6,4), (1,3,6)(2,4,5)]","T_gens":"[(1,5,2,4), (1,6,2,5,4)]","U_gens":"[(1,3,5,4), (1,4,3,5,6)]","semantics":"exact"}
{"type":"config","target":"SymmetricGroup(6)","p":2,"shape":[12,20,20],"shape_sd":["D12","C5 : C4","C5 : C4"],"sigma":2400,"k":2,"ncolls":7,"blocked":[true,true,true],"S_gens":"[(1,3)(2,4), (1,5,3,2,6,4), (1,3,6)(2,4,5)]","T_gens":"[(1,5,2,4), (1,6,2,5,4)]","U_gens":"[(1,5,3,2), (1,5,6,2,3)]","semantics":"exact"}
{"type":"config","target":"SymmetricGroup(6)","p":2,"shape":[12,20,20],"shape_sd":["D12","C5 : C4","C5 : C4"],"sigma":2400,"k":2,"ncolls":4,"blocked":[true,true,true],"S_gens":"[(1,3)(2,4), (1,5,3,2,6,4), (1,3,6)(2,4,5)]","T_gens":"[(1,5,2,4), (1,6,2,5,4)]","U_gens":"[(1,2,4,3), (1,4,3,6,2)]","semantics":"exact"}
{"type":"config","target":"SymmetricGroup(6)","p":2,"shape":[12,20,20],"shape_sd":["D12","C5 : C4","C5 : C4"],"sigma":2400,"k":2,"ncolls":7,"blocked":[true,true,true],"S_gens":"[(1,3)(2,4), (1,5,3,2,6,4), (1,3,6)(2,4,5)]","T_gens":"[(1,5,3,2), (1,5,6,2,3)]","U_gens":"[(1,5,2,4), (1,6,2,5,4)]","semantics":"exact"}
{"type":"config","target":"SymmetricGroup(6)","p":2,"shape":[12,20,20],"shape_sd":["D12","C5 : C4","C5 : C4"],"sigma":2400,"k":2,"ncolls":4,"blocked":[true,true,true],"S_gens":"[(1,3)(2,4), (1,5,3,2,6,4), (1,3,6)(2,4,5)]","T_gens":"[(1,2,3,5), (1,3,5,6,2)]","U_gens":"[(2,4,5,3), (1,2,3,4,5)]","semantics":"exact"}
{"type":"config","target":"SymmetricGroup(6)","p":2,"shape":[12,20,20],"shape_sd":["D12","C5 : C4","C5 : C4"],"sigma":2400,"k":2,"ncolls":4,"blocked":[true,true,true],"S_gens":"[(1,3)(2,4), (1,5,3,2,6,4), (1,3,6)(2,4,5)]","T_gens":"[(1,2,3,5), (1,3,5,6,2)]","U_gens":"[(2,5,3,4), (2,4,5,3,6)]","semantics":"exact"}
{"type":"config","target":"SymmetricGroup(6)","p":2,"shape":[12,20,20],"shape_sd":["D12","C5 : C4","C5 : C4"],"sigma":2400,"k":2,"ncolls":7,"blocked":[true,true,true],"S_gens":"[(1,3)(2,4), (1,5,3,2,6,4), (1,3,6)(2,4,5)]","T_gens":"[(1,2,3,5), (1,3,5,6,2)]","U_gens":"[(1,5,4,2), (1,5,6,2,4)]","semantics":"exact"}
{"type":"config","target":"SymmetricGroup(6)","p":2,"shape":[12,20,20],"shape_sd":["D12","C5 : C4","C5 : C4"],"sigma":2400,"k":2,"ncolls":7,"blocked":[true,true,true],"S_gens":"[(1,3)(2,4), (1,5,3,2,6,4), (1,3,6)(2,4,5)]","T_gens":"[(1,2,5,3), (1,5,3,6,2)]","U_gens":"[(1,2,4,5), (1,4,5,6,2)]","semantics":"exact"}
{"type":"config","target":"SymmetricGroup(6)","p":2,"shape":[12,20,20],"shape_sd":["D12","C5 : C4","C5 : C4"],"sigma":2400,"k":2,"ncolls":4,"blocked":[true,true,true],"S_gens":"[(1,3)(2,4), (1,5,3,2,6,4), (1,3,6)(2,4,5)]","T_gens":"[(1,5,2,3), (1,6,2,5,3)]","U_gens":"[(2,3,4,5), (1,2,5,3,4)]","semantics":"exact"}
{"type":"config","target":"SymmetricGroup(6)","p":2,"shape":[12,20,20],"shape_sd":["D12","C5 : C4","C5 : C4"],"sigma":2400,"k":2,"ncolls":4,"blocked":[true,true,true],"S_gens":"[(1,3)(2,4), (1,5,3,2,6,4), (1,3,6)(2,4,5)]","T_gens":"[(1,5,2,3), (1,6,2,5,3)]","U_gens":"[(2,3,5,4), (2,4,3,5,6)]","semantics":"exact"}
{"type":"config","target":"SymmetricGroup(6)","p":2,"shape":[12,20,20],"shape_sd":["D12","C5 : C4","C5 : C4"],"sigma":2400,"k":2,"ncolls":7,"blocked":[true,true,true],"S_gens":"[(1,3)(2,4), (1,5,3,2,6,4), (1,3,6)(2,4,5)]","T_gens":"[(1,5,2,3), (1,6,2,5,3)]","U_gens":"[(1,2,5,4), (1,5,4,6,2)]","semantics":"exact"}
{"type":"config","target":"SymmetricGroup(6)","p":2,"shape":[12,20,20],"shape_sd":["D12","C5 : C4","C5 : C4"],"sigma":2400,"k":2,"ncolls":7,"blocked":[true,true,true],"S_gens":"[(1,3)(2,4), (1,5,3,2,6,4), (1,3,6)(2,4,5)]","T_gens":"[(1,3,2,4), (1,6,2,3,4)]","U_gens":"[(2,3,4,5), (1,2,5,3,4)]","semantics":"exact"}
{"type":"config","target":"SymmetricGroup(6)","p":2,"shape":[12,20,20],"shape_sd":["D12","C5 : C4","C5 : C4"],"sigma":2400,"k":2,"ncolls":7,"blocked":[true,true,true],"S_gens":"[(1,3)(2,4), (1,5,3,2,6,4), (1,3,6)(2,4,5)]","T_gens":"[(1,4,2,3), (1,6,2,4,3)]","U_gens":"[(2,4,5,3), (1,2,3,4,5)]","semantics":"exact"}
{"type":"config","target":"SymmetricGroup(6)","p":2,"shape":[12,20,20],"shape_sd":["D12","C5 : C4","C5 : C4"],"sigma":2400,"k":2,"ncolls":7,"blocked":[true,true,true],"S_gens":"[(1,3)(2,4), (1,5,3,2,6,4), (1,3,6)(2,4,5)]","T_gens":"[(1,3,4,2), (1,3,6,2,4)]","U_gens":"[(2,5,3,4), (1,2,4,5,3)]","semantics":"exact"}
{"type":"config","target":"SymmetricGroup(6)","p":2,"shape":[12,20,20],"shape_sd":["D12","C5 : C4","C5 : C4"],"sigma":2400,"k":2,"ncolls":4,"blocked":[true,true,true],"S_gens":"[(1,3)(2,4), (1,5,3,2,6,4), (1,3,6)(2,4,5)]","T_gens":"[(1,3,4,2), (1,3,6,2,4)]","U_gens":"[(2,3,5,4), (2,4,3,5,6)]","semantics":"exact"}
{"type":"config","target":"SymmetricGroup(6)","p":2,"shape":[12,20,20],"shape_sd":["D12","C5 : C4","C5 : C4"],"sigma":2400,"k":2,"ncolls":4,"blocked":[true,true,true],"S_gens":"[(1,3)(2,4), (1,5,3,2,6,4), (1,3,6)(2,4,5)]","T_gens":"[(1,3,4,2), (1,3,6,2,4)]","U_gens":"[(1,2,4,5), (1,4,5,6,2)]","semantics":"exact"}
{"type":"config","target":"SymmetricGroup(6)","p":2,"shape":[12,20,20],"shape_sd":["D12","C5 : C4","C5 : C4"],"sigma":2400,"k":2,"ncolls":7,"blocked":[true,true,true],"S_gens":"[(1,3)(2,4), (1,5,3,2,6,4), (1,3,6)(2,4,5)]","T_gens":"[(1,2,4,3), (1,4,3,6,2)]","U_gens":"[(2,5,4,3), (1,2,3,5,4)]","semantics":"exact"}
{"type":"config","target":"SymmetricGroup(6)","p":2,"shape":[12,20,20],"shape_sd":["D12","C5 : C4","C5 : C4"],"sigma":2400,"k":2,"ncolls":4,"blocked":[true,true,true],"S_gens":"[(1,3)(2,4), (1,5,3,2,6,4), (1,3,6)(2,4,5)]","T_gens":"[(1,2,4,3), (1,4,3,6,2)]","U_gens":"[(2,5,3,4), (2,4,5,3,6)]","semantics":"exact"}
{"type":"config","target":"SymmetricGroup(6)","p":2,"shape":[12,20,20],"shape_sd":["D12","C5 : C4","C5 : C4"],"sigma":2400,"k":2,"ncolls":4,"blocked":[true,true,true],"S_gens":"[(1,3)(2,4), (1,5,3,2,6,4), (1,3,6)(2,4,5)]","T_gens":"[(1,2,4,3), (1,4,3,6,2)]","U_gens":"[(1,5,2,4), (1,6,2,5,4)]","semantics":"exact"}
SHAPE (12,20,20) p=2 k=2 |Sigma|=2400: frames=300 eligible=48 blocked=48 max_sigma=2592 elapsed=1.0s [2479/2489 shapes]
SHAPE (20,20,12) p=2 k=2 |Sigma|=2400: frames=120 eligible=0 blocked=0 max_sigma=2592 elapsed=0.3s [2480/2489 shapes]
SHAPE (20,20,12) p=2 k=2 |Sigma|=2400: frames=120 eligible=0 blocked=0 max_sigma=2592 elapsed=0.3s [2481/2489 shapes]
SHAPE (20,20,12) p=2 k=2 |Sigma|=2400: frames=500 eligible=0 blocked=0 max_sigma=2592 elapsed=1.4s [2482/2489 shapes]
SHAPE (20,20,12) p=2 k=2 |Sigma|=2400: frames=500 eligible=0 blocked=0 max_sigma=2592 elapsed=1.3s [2483/2489 shapes]
SHAPE (20,24,10) p=2 k=2 |Sigma|=2400: frames=120 eligible=0 blocked=0 max_sigma=2592 elapsed=0.4s [2484/2489 shapes]
SHAPE (20,24,10) p=2 k=2 |Sigma|=2400: frames=120 eligible=0 blocked=0 max_sigma=2592 elapsed=0.3s [2485/2489 shapes]
SHAPE (20,24,10) p=2 k=2 |Sigma|=2400: frames=120 eligible=0 blocked=0 max_sigma=2592 elapsed=0.3s [2488/2489 shapes]
SHAPE (20,24,10) p=2 k=2 |Sigma|=2400: frames=120 eligible=0 blocked=0 max_sigma=2592 elapsed=0.3s [2489/2489 shapes]
{"type":"summary","target":"SymmetricGroup(6)","p":2,"max_sigma_blocked":2592,"max_sigma_eligible":2592,"shapes_checked":2489,"shapes_total":2489,"frames_checked":52848,"configs_eligible":240,"configs_blocked":216,"semantics":"lower_bound","beta0":2400,"margin":192,"elapsed_seconds":189.3089554309845,"kill":true}

--- p=2 DONE: max_blocked_sigma=2592 max_elig_sigma=2592 eligible=240 blocked=216 margin=192 elapsed=189.3s ---

=== PRIME p=3 ===
Twistable (p=3): [(4, 3, 'C3', 1), (5, 3, 'C3', 1), (16, 6, 'C6', 1), (19, 6, 'C6', 1), (27, 9, 'C3 x C3', 4), (29, 12, 'A4', 1), (30, 12, 'A4', 1), (35, 18, 'C3 x S3', 1), (36, 18, 'C3 x S3', 1), (38, 24, 'C2 x A4', 1), (39, 24, 'C2 x A4', 1)]
Shapes above threshold: 134
SHAPE (18,24,20) p=3 k=2 |Sigma|=2880: frames=216 eligible=0 blocked=0 max_sigma=0 elapsed=0.8s [86/134 shapes]
{"type":"summary","target":"SymmetricGroup(6)","p":3,"max_sigma_blocked":0,"max_sigma_eligible":0,"shapes_checked":134,"shapes_total":134,"frames_checked":2064,"configs_eligible":0,"configs_blocked":0,"semantics":"exact","beta0":2400,"margin":-2400,"elapsed_seconds":8.318897724151611}

--- p=3 DONE: max_blocked_sigma=0 max_elig_sigma=0 eligible=0 blocked=0 margin=-2400 elapsed=8.3s ---

TOTAL elapsed: 197.6s
